[0.016s] Invoking command in '/home/jenter/package/work/build/yhs_can_control': AMENT_PREFIX_PATH=/home/jenter/package/work/install/yhs_can_interfaces:${AMENT_PREFIX_PATH} CMAKE_PREFIX_PATH=/home/jenter/package/work/install/yhs_can_interfaces:/opt/ros/humble LD_LIBRARY_PATH=/home/jenter/package/work/install/yhs_can_interfaces/lib:${LD_LIBRARY_PATH} PYTHONPATH=/home/jenter/package/work/install/yhs_can_interfaces/local/lib/python3.10/dist-packages:${PYTHONPATH} /usr/bin/cmake --build /home/jenter/package/work/build/yhs_can_control -- -j4 -l4
[0.063s] [35m[1mConsolidate compiler generated dependencies of target yhs_can_control_node[0m
[0.087s] [ 50%] [32mBuilding CXX object CMakeFiles/yhs_can_control_node.dir/src/yhs_can_control_node.cpp.o[0m
[3.824s] [01m[K/home/jenter/package/work/src/yhs_can_control/src/yhs_can_control_node.cpp:[m[K In member function ‘[01m[Kvoid yhs::CanControl::steering_ctrl_cmd_callback(yhs_can_interfaces::msg::SteeringCtrlCmd_<std::allocator<void> >::SharedPtr)[m[K’:
[3.825s] [01m[K/home/jenter/package/work/src/yhs_can_control/src/yhs_can_control_node.cpp:182:13:[m[K [01;31m[Kerror: [m[Kredeclaration of ‘[01m[Kuint8_t crc[m[K’
[3.825s]   182 |     uint8_t [01;31m[Kcrc[m[K = 0;
[3.825s]       |             [01;31m[K^~~[m[K
[3.825s] [01m[K/home/jenter/package/work/src/yhs_can_control/src/yhs_can_control_node.cpp:148:13:[m[K [01;36m[Knote: [m[K‘[01m[Kuint8_t crc[m[K’ previously declared here
[3.825s]   148 |     uint8_t [01;36m[Kcrc[m[K = 0;
[3.825s]       |             [01;36m[K^~~[m[K
[3.825s] [01m[K/home/jenter/package/work/src/yhs_can_control/src/yhs_can_control_node.cpp:189:15:[m[K [01;31m[Kerror: [m[Kredeclaration of ‘[01m[Kcan_frame send_frame[m[K’
[3.825s]   189 |     can_frame [01;31m[Ksend_frame[m[K;
[3.825s]       |               [01;31m[K^~~~~~~~~~[m[K
[3.826s] [01m[K/home/jenter/package/work/src/yhs_can_control/src/yhs_can_control_node.cpp:155:15:[m[K [01;36m[Knote: [m[K‘[01m[Kcan_frame send_frame[m[K’ previously declared here
[3.826s]   155 |     can_frame [01;36m[Ksend_frame[m[K;
[3.826s]       |               [01;36m[K^~~~~~~~~~[m[K
[3.826s] [01m[K/home/jenter/package/work/src/yhs_can_control/src/yhs_can_control_node.cpp:195:9:[m[K [01;31m[Kerror: [m[Kredeclaration of ‘[01m[Kint ret[m[K’
[3.826s]   195 |     int [01;31m[Kret[m[K = write(can_socket_, &send_frame, sizeof(send_frame));
[3.826s]       |         [01;31m[K^~~[m[K
[3.826s] [01m[K/home/jenter/package/work/src/yhs_can_control/src/yhs_can_control_node.cpp:161:9:[m[K [01;36m[Knote: [m[K‘[01m[Kint ret[m[K’ previously declared here
[3.826s]   161 |     int [01;36m[Kret[m[K = write(can_socket_, &send_frame, sizeof(send_frame));
[3.826s]       |         [01;36m[K^~~[m[K
[3.826s] [01m[K/home/jenter/package/work/src/yhs_can_control/src/yhs_can_control_node.cpp:138:25:[m[K [01;35m[Kwarning: [m[Kunused variable ‘[01m[Kgear[m[K’ [[01;35m[K]8;;https://gcc.gnu.org/onlinedocs/gcc/Warning-Options.html#index-Wunused-variable-Wunused-variable]8;;[m[K]
[3.827s]   138 |     const unsigned char [01;35m[Kgear[m[K = msg.ctrl_cmd_gear;
[3.827s]       |                         [01;35m[K^~~~[m[K
[8.833s] gmake[2]: *** [CMakeFiles/yhs_can_control_node.dir/build.make:76: CMakeFiles/yhs_can_control_node.dir/src/yhs_can_control_node.cpp.o] Error 1
[8.834s] gmake[1]: *** [CMakeFiles/Makefile2:137: CMakeFiles/yhs_can_control_node.dir/all] Error 2
[8.834s] gmake: *** [Makefile:146: all] Error 2
[8.837s] Invoked command in '/home/jenter/package/work/build/yhs_can_control' returned '2': AMENT_PREFIX_PATH=/home/jenter/package/work/install/yhs_can_interfaces:${AMENT_PREFIX_PATH} CMAKE_PREFIX_PATH=/home/jenter/package/work/install/yhs_can_interfaces:/opt/ros/humble LD_LIBRARY_PATH=/home/jenter/package/work/install/yhs_can_interfaces/lib:${LD_LIBRARY_PATH} PYTHONPATH=/home/jenter/package/work/install/yhs_can_interfaces/local/lib/python3.10/dist-packages:${PYTHONPATH} /usr/bin/cmake --build /home/jenter/package/work/build/yhs_can_control -- -j4 -l4
