[0.014s] Invoking command in '/home/jenter/package/work/build/yhs_can_control': AMENT_PREFIX_PATH=/home/jenter/package/work/install/yhs_can_interfaces:${AMENT_PREFIX_PATH} CMAKE_PREFIX_PATH=/home/jenter/package/work/install/yhs_can_interfaces:/opt/ros/humble LD_LIBRARY_PATH=/home/jenter/package/work/install/yhs_can_interfaces/lib:${LD_LIBRARY_PATH} PYTHONPATH=/home/jenter/package/work/install/yhs_can_interfaces/local/lib/python3.10/dist-packages:${PYTHONPATH} /usr/bin/cmake /home/jenter/package/work/src/yhs_can_control -DCMAKE_INSTALL_PREFIX=/home/jenter/package/work/install/yhs_can_control
[0.080s] -- The C compiler identification is GNU 11.4.0
[0.149s] -- The CXX compiler identification is GNU 11.4.0
[0.158s] -- Detecting C compiler ABI info
[0.238s] -- Detecting C compiler ABI info - done
[0.249s] -- Check for working C compiler: /usr/bin/cc - skipped
[0.249s] -- Detecting C compile features
[0.250s] -- Detecting C compile features - done
[0.254s] -- Detecting CXX compiler ABI info
[0.348s] -- Detecting CXX compiler ABI info - done
[0.360s] -- Check for working CXX compiler: /usr/bin/c++ - skipped
[0.360s] -- Detecting CXX compile features
[0.361s] -- Detecting CXX compile features - done
[0.363s] -- Found ament_cmake: 1.3.12 (/opt/ros/humble/share/ament_cmake/cmake)
[0.563s] -- Found Python3: /usr/bin/python3 (found version "3.10.12") found components: Interpreter 
[0.676s] -- Found std_msgs: 4.9.0 (/opt/ros/humble/share/std_msgs/cmake)
[0.718s] -- Found rosidl_generator_c: 3.1.7 (/opt/ros/humble/share/rosidl_generator_c/cmake)
[0.724s] -- Found rosidl_adapter: 3.1.7 (/opt/ros/humble/share/rosidl_adapter/cmake)
[0.734s] -- Found rosidl_generator_cpp: 3.1.7 (/opt/ros/humble/share/rosidl_generator_cpp/cmake)
[0.750s] -- Using all available rosidl_typesupport_c: rosidl_typesupport_fastrtps_c;rosidl_typesupport_introspection_c
[0.771s] -- Using all available rosidl_typesupport_cpp: rosidl_typesupport_fastrtps_cpp;rosidl_typesupport_introspection_cpp
[0.813s] -- Found rclcpp: 16.0.14 (/opt/ros/humble/share/rclcpp/cmake)
[0.906s] -- Found rmw_implementation_cmake: 6.1.2 (/opt/ros/humble/share/rmw_implementation_cmake/cmake)
[0.912s] -- Found rmw_fastrtps_cpp: 6.2.8 (/opt/ros/humble/share/rmw_fastrtps_cpp/cmake)
[1.048s] -- Found OpenSSL: /usr/lib/x86_64-linux-gnu/libcrypto.so (found version "3.0.2")  
[1.085s] -- Found FastRTPS: /opt/ros/humble/include  
[1.136s] -- Using RMW implementation 'rmw_fastrtps_cpp' as default
[1.159s] -- Looking for pthread.h
[1.248s] -- Looking for pthread.h - found
[1.248s] -- Performing Test CMAKE_HAVE_LIBC_PTHREAD
[1.336s] -- Performing Test CMAKE_HAVE_LIBC_PTHREAD - Success
[1.338s] -- Found Threads: TRUE  
[1.451s] [31mCMake Error at CMakeLists.txt:16 (find_package):
[1.451s]   By not providing "Findnav2_msgs.cmake" in CMAKE_MODULE_PATH this project
[1.451s]   has asked CMake to find a package configuration file provided by
[1.451s]   "nav2_msgs", but CMake did not find one.
[1.451s] 
[1.451s]   Could not find a package configuration file provided by "nav2_msgs" with
[1.452s]   any of the following names:
[1.452s] 
[1.452s]     nav2_msgsConfig.cmake
[1.452s]     nav2_msgs-config.cmake
[1.452s] 
[1.452s]   Add the installation prefix of "nav2_msgs" to CMAKE_PREFIX_PATH or set
[1.452s]   "nav2_msgs_DIR" to a directory containing one of the above files.  If
[1.452s]   "nav2_msgs" provides a separate development package or SDK, be sure it has
[1.452s]   been installed.
[1.452s] 
[1.452s] [0m
[1.452s] -- Configuring incomplete, errors occurred!
[1.453s] See also "/home/jenter/package/work/build/yhs_can_control/CMakeFiles/CMakeOutput.log".
[1.462s] Invoked command in '/home/jenter/package/work/build/yhs_can_control' returned '1': AMENT_PREFIX_PATH=/home/jenter/package/work/install/yhs_can_interfaces:${AMENT_PREFIX_PATH} CMAKE_PREFIX_PATH=/home/jenter/package/work/install/yhs_can_interfaces:/opt/ros/humble LD_LIBRARY_PATH=/home/jenter/package/work/install/yhs_can_interfaces/lib:${LD_LIBRARY_PATH} PYTHONPATH=/home/jenter/package/work/install/yhs_can_interfaces/local/lib/python3.10/dist-packages:${PYTHONPATH} /usr/bin/cmake /home/jenter/package/work/src/yhs_can_control -DCMAKE_INSTALL_PREFIX=/home/jenter/package/work/install/yhs_can_control
