[0.029s] Invoking command in '/home/jenter/package/work/build/yhs_can_control': CMAKE_PREFIX_PATH=/home/jenter/package/work/install/yhs_can_interfaces:/home/jenter/package/work/install/yhs_can_control:/home/jenter/package/work/install/yesense_std_ros2:/home/jenter/package/work/install/yesense_interface:/home/jenter/package/work/install/serial:/home/jenter/package/work/install/bluesea2:/opt/ros/humble /usr/bin/cmake --build /home/jenter/package/work/build/yhs_can_control -- -j4 -l4
[0.183s] [35m[1mConsolidate compiler generated dependencies of target yhs_can_control_node[0m
[0.249s] [ 50%] [32mBuilding CXX object CMakeFiles/yhs_can_control_node.dir/src/yhs_can_control_node.cpp.o[0m
[4.650s] [01m[K/home/jenter/package/work/src/yhs_can_control/src/yhs_can_control_node.cpp:[m[K In member function ‘[01m[Kvoid yhs::CanControl::steering_ctrl_cmd_callback(yhs_can_interfaces::msg::SteeringCtrlCmd_<std::allocator<void> >::SharedPtr)[m[K’:
[4.650s] [01m[K/home/jenter/package/work/src/yhs_can_control/src/yhs_can_control_node.cpp:138:25:[m[K [01;35m[Kwarning: [m[Kunused variable ‘[01m[Kgear[m[K’ [[01;35m[K]8;;https://gcc.gnu.org/onlinedocs/gcc/Warning-Options.html#index-Wunused-variable-Wunused-variable]8;;[m[K]
[4.650s]   138 |     const unsigned char [01;35m[Kgear[m[K = msg.ctrl_cmd_gear;
[4.651s]       |                         [01;35m[K^~~~[m[K
[18.088s] [100%] [32m[1mLinking CXX executable yhs_can_control_node[0m
[19.249s] [100%] Built target yhs_can_control_node
[19.262s] Invoked command in '/home/jenter/package/work/build/yhs_can_control' returned '0': CMAKE_PREFIX_PATH=/home/jenter/package/work/install/yhs_can_interfaces:/home/jenter/package/work/install/yhs_can_control:/home/jenter/package/work/install/yesense_std_ros2:/home/jenter/package/work/install/yesense_interface:/home/jenter/package/work/install/serial:/home/jenter/package/work/install/bluesea2:/opt/ros/humble /usr/bin/cmake --build /home/jenter/package/work/build/yhs_can_control -- -j4 -l4
[19.275s] Invoking command in '/home/jenter/package/work/build/yhs_can_control': CMAKE_PREFIX_PATH=/home/jenter/package/work/install/yhs_can_interfaces:/home/jenter/package/work/install/yhs_can_control:/home/jenter/package/work/install/yesense_std_ros2:/home/jenter/package/work/install/yesense_interface:/home/jenter/package/work/install/serial:/home/jenter/package/work/install/bluesea2:/opt/ros/humble /usr/bin/cmake --install /home/jenter/package/work/build/yhs_can_control
[19.285s] -- Install configuration: ""
[19.286s] -- Installing: /home/jenter/package/work/install/yhs_can_control/lib/yhs_can_control/yhs_can_control_node
[19.296s] -- Set runtime path of "/home/jenter/package/work/install/yhs_can_control/lib/yhs_can_control/yhs_can_control_node" to ""
[19.296s] -- Up-to-date: /home/jenter/package/work/install/yhs_can_control/share/yhs_can_control/launch
[19.296s] -- Up-to-date: /home/jenter/package/work/install/yhs_can_control/share/yhs_can_control/launch/yhs_can_control.launch.py
[19.296s] -- Up-to-date: /home/jenter/package/work/install/yhs_can_control/share/yhs_can_control/params
[19.297s] -- Up-to-date: /home/jenter/package/work/install/yhs_can_control/share/yhs_can_control/params/cfg.yaml
[19.297s] -- Up-to-date: /home/jenter/package/work/install/yhs_can_control/share/ament_index/resource_index/package_run_dependencies/yhs_can_control
[19.297s] -- Up-to-date: /home/jenter/package/work/install/yhs_can_control/share/ament_index/resource_index/parent_prefix_path/yhs_can_control
[19.297s] -- Up-to-date: /home/jenter/package/work/install/yhs_can_control/share/yhs_can_control/environment/ament_prefix_path.sh
[19.297s] -- Up-to-date: /home/jenter/package/work/install/yhs_can_control/share/yhs_can_control/environment/ament_prefix_path.dsv
[19.297s] -- Up-to-date: /home/jenter/package/work/install/yhs_can_control/share/yhs_can_control/environment/path.sh
[19.297s] -- Up-to-date: /home/jenter/package/work/install/yhs_can_control/share/yhs_can_control/environment/path.dsv
[19.298s] -- Up-to-date: /home/jenter/package/work/install/yhs_can_control/share/yhs_can_control/local_setup.bash
[19.298s] -- Up-to-date: /home/jenter/package/work/install/yhs_can_control/share/yhs_can_control/local_setup.sh
[19.298s] -- Up-to-date: /home/jenter/package/work/install/yhs_can_control/share/yhs_can_control/local_setup.zsh
[19.298s] -- Up-to-date: /home/jenter/package/work/install/yhs_can_control/share/yhs_can_control/local_setup.dsv
[19.298s] -- Installing: /home/jenter/package/work/install/yhs_can_control/share/yhs_can_control/package.dsv
[19.298s] -- Up-to-date: /home/jenter/package/work/install/yhs_can_control/share/ament_index/resource_index/packages/yhs_can_control
[19.298s] -- Up-to-date: /home/jenter/package/work/install/yhs_can_control/share/yhs_can_control/cmake/yhs_can_controlConfig.cmake
[19.298s] -- Up-to-date: /home/jenter/package/work/install/yhs_can_control/share/yhs_can_control/cmake/yhs_can_controlConfig-version.cmake
[19.298s] -- Up-to-date: /home/jenter/package/work/install/yhs_can_control/share/yhs_can_control/package.xml
[19.300s] Invoked command in '/home/jenter/package/work/build/yhs_can_control' returned '0': CMAKE_PREFIX_PATH=/home/jenter/package/work/install/yhs_can_interfaces:/home/jenter/package/work/install/yhs_can_control:/home/jenter/package/work/install/yesense_std_ros2:/home/jenter/package/work/install/yesense_interface:/home/jenter/package/work/install/serial:/home/jenter/package/work/install/bluesea2:/opt/ros/humble /usr/bin/cmake --install /home/jenter/package/work/build/yhs_can_control
