[0.458s] DEBUG:colcon:Command line arguments: ['/usr/bin/colcon', 'build', '--packages-select', 'yhs_can_interfaces']
[0.459s] DEBUG:colcon:Parsed command line arguments: Namespace(log_base=None, log_level=None, verb_name='build', build_base='build', install_base='install', merge_install=False, symlink_install=False, test_result_base=None, continue_on_error=False, executor='parallel', parallel_workers=4, event_handlers=None, ignore_user_meta=False, metas=['./colcon.meta'], base_paths=['.'], packages_ignore=None, packages_ignore_regex=None, paths=None, packages_up_to=None, packages_up_to_regex=None, packages_above=None, packages_above_and_dependencies=None, packages_above_depth=None, packages_select_by_dep=None, packages_skip_by_dep=None, packages_skip_up_to=None, packages_select_build_failed=False, packages_skip_build_finished=False, packages_select_test_failures=False, packages_skip_test_passed=False, packages_select=['yhs_can_interfaces'], packages_skip=None, packages_select_regex=None, packages_skip_regex=None, packages_start=None, packages_end=None, allow_overriding=[], cmake_args=None, cmake_target=None, cmake_target_skip_unavailable=False, cmake_clean_cache=False, cmake_clean_first=False, cmake_force_configure=False, ament_cmake_args=None, catkin_cmake_args=None, catkin_skip_building_tests=False, verb_parser=<colcon_defaults.argument_parser.defaults.DefaultArgumentsDecorator object at 0x7fbc5cab2bf0>, verb_extension=<colcon_core.verb.build.BuildVerb object at 0x7fbc5cce84f0>, main=<bound method BuildVerb.main of <colcon_core.verb.build.BuildVerb object at 0x7fbc5cce84f0>>)
[0.916s] Level 1:colcon.colcon_core.package_discovery:discover_packages(colcon_meta) check parameters
[0.916s] Level 1:colcon.colcon_core.package_discovery:discover_packages(recursive) check parameters
[0.916s] Level 1:colcon.colcon_core.package_discovery:discover_packages(ignore) check parameters
[0.916s] Level 1:colcon.colcon_core.package_discovery:discover_packages(path) check parameters
[0.916s] Level 1:colcon.colcon_core.package_discovery:discover_packages(colcon_meta) discover
[0.917s] Level 1:colcon.colcon_core.package_discovery:discover_packages(recursive) discover
[0.917s] INFO:colcon.colcon_core.package_discovery:Crawling recursively for packages in '/home/jenter/package/work'
[0.917s] Level 1:colcon.colcon_core.package_identification:_identify(.) by extensions ['ignore', 'ignore_ament_install']
[0.917s] Level 1:colcon.colcon_core.package_identification:_identify(.) by extension 'ignore'
[0.917s] Level 1:colcon.colcon_core.package_identification:_identify(.) by extension 'ignore_ament_install'
[0.917s] Level 1:colcon.colcon_core.package_identification:_identify(.) by extensions ['colcon_pkg']
[0.917s] Level 1:colcon.colcon_core.package_identification:_identify(.) by extension 'colcon_pkg'
[0.918s] Level 1:colcon.colcon_core.package_identification:_identify(.) by extensions ['colcon_meta']
[0.918s] Level 1:colcon.colcon_core.package_identification:_identify(.) by extension 'colcon_meta'
[0.918s] Level 1:colcon.colcon_core.package_identification:_identify(.) by extensions ['ros']
[0.918s] Level 1:colcon.colcon_core.package_identification:_identify(.) by extension 'ros'
[0.945s] Level 1:colcon.colcon_core.package_identification:_identify(.) by extensions ['cmake', 'python']
[0.945s] Level 1:colcon.colcon_core.package_identification:_identify(.) by extension 'cmake'
[0.945s] Level 1:colcon.colcon_core.package_identification:_identify(.) by extension 'python'
[0.945s] Level 1:colcon.colcon_core.package_identification:_identify(.) by extensions ['python_setup_py']
[0.945s] Level 1:colcon.colcon_core.package_identification:_identify(.) by extension 'python_setup_py'
[0.945s] Level 1:colcon.colcon_core.package_identification:_identify(build) by extensions ['ignore', 'ignore_ament_install']
[0.945s] Level 1:colcon.colcon_core.package_identification:_identify(build) by extension 'ignore'
[0.946s] Level 1:colcon.colcon_core.package_identification:_identify(build) ignored
[0.946s] Level 1:colcon.colcon_core.package_identification:_identify(install) by extensions ['ignore', 'ignore_ament_install']
[0.946s] Level 1:colcon.colcon_core.package_identification:_identify(install) by extension 'ignore'
[0.946s] Level 1:colcon.colcon_core.package_identification:_identify(install) ignored
[0.946s] Level 1:colcon.colcon_core.package_identification:_identify(log) by extensions ['ignore', 'ignore_ament_install']
[0.946s] Level 1:colcon.colcon_core.package_identification:_identify(log) by extension 'ignore'
[0.946s] Level 1:colcon.colcon_core.package_identification:_identify(log) ignored
[0.946s] Level 1:colcon.colcon_core.package_identification:_identify(src) by extensions ['ignore', 'ignore_ament_install']
[0.946s] Level 1:colcon.colcon_core.package_identification:_identify(src) by extension 'ignore'
[0.947s] Level 1:colcon.colcon_core.package_identification:_identify(src) by extension 'ignore_ament_install'
[0.947s] Level 1:colcon.colcon_core.package_identification:_identify(src) by extensions ['colcon_pkg']
[0.947s] Level 1:colcon.colcon_core.package_identification:_identify(src) by extension 'colcon_pkg'
[0.947s] Level 1:colcon.colcon_core.package_identification:_identify(src) by extensions ['colcon_meta']
[0.947s] Level 1:colcon.colcon_core.package_identification:_identify(src) by extension 'colcon_meta'
[0.947s] Level 1:colcon.colcon_core.package_identification:_identify(src) by extensions ['ros']
[0.947s] Level 1:colcon.colcon_core.package_identification:_identify(src) by extension 'ros'
[0.947s] Level 1:colcon.colcon_core.package_identification:_identify(src) by extensions ['cmake', 'python']
[0.947s] Level 1:colcon.colcon_core.package_identification:_identify(src) by extension 'cmake'
[0.947s] Level 1:colcon.colcon_core.package_identification:_identify(src) by extension 'python'
[0.947s] Level 1:colcon.colcon_core.package_identification:_identify(src) by extensions ['python_setup_py']
[0.947s] Level 1:colcon.colcon_core.package_identification:_identify(src) by extension 'python_setup_py'
[0.947s] Level 1:colcon.colcon_core.package_identification:_identify(src/bluesea-ros2) by extensions ['ignore', 'ignore_ament_install']
[0.947s] Level 1:colcon.colcon_core.package_identification:_identify(src/bluesea-ros2) by extension 'ignore'
[0.948s] Level 1:colcon.colcon_core.package_identification:_identify(src/bluesea-ros2) by extension 'ignore_ament_install'
[0.948s] Level 1:colcon.colcon_core.package_identification:_identify(src/bluesea-ros2) by extensions ['colcon_pkg']
[0.948s] Level 1:colcon.colcon_core.package_identification:_identify(src/bluesea-ros2) by extension 'colcon_pkg'
[0.948s] Level 1:colcon.colcon_core.package_identification:_identify(src/bluesea-ros2) by extensions ['colcon_meta']
[0.948s] Level 1:colcon.colcon_core.package_identification:_identify(src/bluesea-ros2) by extension 'colcon_meta'
[0.948s] Level 1:colcon.colcon_core.package_identification:_identify(src/bluesea-ros2) by extensions ['ros']
[0.948s] Level 1:colcon.colcon_core.package_identification:_identify(src/bluesea-ros2) by extension 'ros'
[0.953s] DEBUG:colcon.colcon_core.package_identification:Package 'src/bluesea-ros2' with type 'ros.ament_cmake' and name 'bluesea2'
[0.953s] Level 1:colcon.colcon_core.package_identification:_identify(src/serial_ros2) by extensions ['ignore', 'ignore_ament_install']
[0.954s] Level 1:colcon.colcon_core.package_identification:_identify(src/serial_ros2) by extension 'ignore'
[0.954s] Level 1:colcon.colcon_core.package_identification:_identify(src/serial_ros2) by extension 'ignore_ament_install'
[0.954s] Level 1:colcon.colcon_core.package_identification:_identify(src/serial_ros2) by extensions ['colcon_pkg']
[0.954s] Level 1:colcon.colcon_core.package_identification:_identify(src/serial_ros2) by extension 'colcon_pkg'
[0.954s] Level 1:colcon.colcon_core.package_identification:_identify(src/serial_ros2) by extensions ['colcon_meta']
[0.954s] Level 1:colcon.colcon_core.package_identification:_identify(src/serial_ros2) by extension 'colcon_meta'
[0.954s] Level 1:colcon.colcon_core.package_identification:_identify(src/serial_ros2) by extensions ['ros']
[0.954s] Level 1:colcon.colcon_core.package_identification:_identify(src/serial_ros2) by extension 'ros'
[0.955s] DEBUG:colcon.colcon_core.package_identification:Package 'src/serial_ros2' with type 'ros.ament_cmake' and name 'serial'
[0.956s] Level 1:colcon.colcon_core.package_identification:_identify(src/yesense_ros2) by extensions ['ignore', 'ignore_ament_install']
[0.956s] Level 1:colcon.colcon_core.package_identification:_identify(src/yesense_ros2) by extension 'ignore'
[0.956s] Level 1:colcon.colcon_core.package_identification:_identify(src/yesense_ros2) by extension 'ignore_ament_install'
[0.956s] Level 1:colcon.colcon_core.package_identification:_identify(src/yesense_ros2) by extensions ['colcon_pkg']
[0.956s] Level 1:colcon.colcon_core.package_identification:_identify(src/yesense_ros2) by extension 'colcon_pkg'
[0.956s] Level 1:colcon.colcon_core.package_identification:_identify(src/yesense_ros2) by extensions ['colcon_meta']
[0.956s] Level 1:colcon.colcon_core.package_identification:_identify(src/yesense_ros2) by extension 'colcon_meta'
[0.956s] Level 1:colcon.colcon_core.package_identification:_identify(src/yesense_ros2) by extensions ['ros']
[0.956s] Level 1:colcon.colcon_core.package_identification:_identify(src/yesense_ros2) by extension 'ros'
[0.956s] Level 1:colcon.colcon_core.package_identification:_identify(src/yesense_ros2) by extensions ['cmake', 'python']
[0.957s] Level 1:colcon.colcon_core.package_identification:_identify(src/yesense_ros2) by extension 'cmake'
[0.957s] Level 1:colcon.colcon_core.package_identification:_identify(src/yesense_ros2) by extension 'python'
[0.957s] Level 1:colcon.colcon_core.package_identification:_identify(src/yesense_ros2) by extensions ['python_setup_py']
[0.957s] Level 1:colcon.colcon_core.package_identification:_identify(src/yesense_ros2) by extension 'python_setup_py'
[0.957s] Level 1:colcon.colcon_core.package_identification:_identify(src/yesense_ros2/yesense_interface) by extensions ['ignore', 'ignore_ament_install']
[0.957s] Level 1:colcon.colcon_core.package_identification:_identify(src/yesense_ros2/yesense_interface) by extension 'ignore'
[0.957s] Level 1:colcon.colcon_core.package_identification:_identify(src/yesense_ros2/yesense_interface) by extension 'ignore_ament_install'
[0.958s] Level 1:colcon.colcon_core.package_identification:_identify(src/yesense_ros2/yesense_interface) by extensions ['colcon_pkg']
[0.958s] Level 1:colcon.colcon_core.package_identification:_identify(src/yesense_ros2/yesense_interface) by extension 'colcon_pkg'
[0.958s] Level 1:colcon.colcon_core.package_identification:_identify(src/yesense_ros2/yesense_interface) by extensions ['colcon_meta']
[0.958s] Level 1:colcon.colcon_core.package_identification:_identify(src/yesense_ros2/yesense_interface) by extension 'colcon_meta'
[0.958s] Level 1:colcon.colcon_core.package_identification:_identify(src/yesense_ros2/yesense_interface) by extensions ['ros']
[0.958s] Level 1:colcon.colcon_core.package_identification:_identify(src/yesense_ros2/yesense_interface) by extension 'ros'
[0.959s] DEBUG:colcon.colcon_core.package_identification:Package 'src/yesense_ros2/yesense_interface' with type 'ros.ament_cmake' and name 'yesense_interface'
[0.960s] Level 1:colcon.colcon_core.package_identification:_identify(src/yesense_ros2/yesense_std_ros2) by extensions ['ignore', 'ignore_ament_install']
[0.960s] Level 1:colcon.colcon_core.package_identification:_identify(src/yesense_ros2/yesense_std_ros2) by extension 'ignore'
[0.960s] Level 1:colcon.colcon_core.package_identification:_identify(src/yesense_ros2/yesense_std_ros2) by extension 'ignore_ament_install'
[0.960s] Level 1:colcon.colcon_core.package_identification:_identify(src/yesense_ros2/yesense_std_ros2) by extensions ['colcon_pkg']
[0.960s] Level 1:colcon.colcon_core.package_identification:_identify(src/yesense_ros2/yesense_std_ros2) by extension 'colcon_pkg'
[0.960s] Level 1:colcon.colcon_core.package_identification:_identify(src/yesense_ros2/yesense_std_ros2) by extensions ['colcon_meta']
[0.960s] Level 1:colcon.colcon_core.package_identification:_identify(src/yesense_ros2/yesense_std_ros2) by extension 'colcon_meta'
[0.960s] Level 1:colcon.colcon_core.package_identification:_identify(src/yesense_ros2/yesense_std_ros2) by extensions ['ros']
[0.960s] Level 1:colcon.colcon_core.package_identification:_identify(src/yesense_ros2/yesense_std_ros2) by extension 'ros'
[0.962s] DEBUG:colcon.colcon_core.package_identification:Package 'src/yesense_ros2/yesense_std_ros2' with type 'ros.ament_cmake' and name 'yesense_std_ros2'
[0.963s] Level 1:colcon.colcon_core.package_identification:_identify(src/yhs_can_control) by extensions ['ignore', 'ignore_ament_install']
[0.963s] Level 1:colcon.colcon_core.package_identification:_identify(src/yhs_can_control) by extension 'ignore'
[0.963s] Level 1:colcon.colcon_core.package_identification:_identify(src/yhs_can_control) by extension 'ignore_ament_install'
[0.963s] Level 1:colcon.colcon_core.package_identification:_identify(src/yhs_can_control) by extensions ['colcon_pkg']
[0.963s] Level 1:colcon.colcon_core.package_identification:_identify(src/yhs_can_control) by extension 'colcon_pkg'
[0.963s] Level 1:colcon.colcon_core.package_identification:_identify(src/yhs_can_control) by extensions ['colcon_meta']
[0.963s] Level 1:colcon.colcon_core.package_identification:_identify(src/yhs_can_control) by extension 'colcon_meta'
[0.963s] Level 1:colcon.colcon_core.package_identification:_identify(src/yhs_can_control) by extensions ['ros']
[0.963s] Level 1:colcon.colcon_core.package_identification:_identify(src/yhs_can_control) by extension 'ros'
[0.965s] DEBUG:colcon.colcon_core.package_identification:Package 'src/yhs_can_control' with type 'ros.ament_cmake' and name 'yhs_can_control'
[0.965s] Level 1:colcon.colcon_core.package_identification:_identify(src/yhs_can_interfaces) by extensions ['ignore', 'ignore_ament_install']
[0.965s] Level 1:colcon.colcon_core.package_identification:_identify(src/yhs_can_interfaces) by extension 'ignore'
[0.965s] Level 1:colcon.colcon_core.package_identification:_identify(src/yhs_can_interfaces) by extension 'ignore_ament_install'
[0.965s] Level 1:colcon.colcon_core.package_identification:_identify(src/yhs_can_interfaces) by extensions ['colcon_pkg']
[0.965s] Level 1:colcon.colcon_core.package_identification:_identify(src/yhs_can_interfaces) by extension 'colcon_pkg'
[0.965s] Level 1:colcon.colcon_core.package_identification:_identify(src/yhs_can_interfaces) by extensions ['colcon_meta']
[0.966s] Level 1:colcon.colcon_core.package_identification:_identify(src/yhs_can_interfaces) by extension 'colcon_meta'
[0.966s] Level 1:colcon.colcon_core.package_identification:_identify(src/yhs_can_interfaces) by extensions ['ros']
[0.966s] Level 1:colcon.colcon_core.package_identification:_identify(src/yhs_can_interfaces) by extension 'ros'
[0.966s] DEBUG:colcon.colcon_core.package_identification:Package 'src/yhs_can_interfaces' with type 'ros.ament_cmake' and name 'yhs_can_interfaces'
[0.967s] Level 1:colcon.colcon_core.package_discovery:discover_packages(recursive) using defaults
[0.967s] Level 1:colcon.colcon_core.package_discovery:discover_packages(ignore) discover
[0.967s] Level 1:colcon.colcon_core.package_discovery:discover_packages(ignore) using defaults
[0.967s] Level 1:colcon.colcon_core.package_discovery:discover_packages(path) discover
[0.967s] Level 1:colcon.colcon_core.package_discovery:discover_packages(path) using defaults
[1.017s] INFO:colcon.colcon_core.package_selection:Skipping not selected package 'bluesea2' in 'src/bluesea-ros2'
[1.017s] INFO:colcon.colcon_core.package_selection:Skipping not selected package 'serial' in 'src/serial_ros2'
[1.017s] INFO:colcon.colcon_core.package_selection:Skipping not selected package 'yesense_interface' in 'src/yesense_ros2/yesense_interface'
[1.017s] INFO:colcon.colcon_core.package_selection:Skipping not selected package 'yesense_std_ros2' in 'src/yesense_ros2/yesense_std_ros2'
[1.017s] INFO:colcon.colcon_core.package_selection:Skipping not selected package 'yhs_can_control' in 'src/yhs_can_control'
[1.018s] Level 1:colcon.colcon_core.package_discovery:discover_packages(prefix_path) check parameters
[1.018s] Level 1:colcon.colcon_core.package_discovery:discover_packages(prefix_path) discover
[1.024s] DEBUG:colcon.colcon_installed_package_information.package_discovery:Found 271 installed packages in /opt/ros/humble
[1.042s] Level 1:colcon.colcon_core.package_discovery:discover_packages(prefix_path) using defaults
[1.101s] Level 5:colcon.colcon_core.verb:set package 'yhs_can_interfaces' build argument 'cmake_args' from command line to 'None'
[1.102s] Level 5:colcon.colcon_core.verb:set package 'yhs_can_interfaces' build argument 'cmake_target' from command line to 'None'
[1.102s] Level 5:colcon.colcon_core.verb:set package 'yhs_can_interfaces' build argument 'cmake_target_skip_unavailable' from command line to 'False'
[1.102s] Level 5:colcon.colcon_core.verb:set package 'yhs_can_interfaces' build argument 'cmake_clean_cache' from command line to 'False'
[1.102s] Level 5:colcon.colcon_core.verb:set package 'yhs_can_interfaces' build argument 'cmake_clean_first' from command line to 'False'
[1.102s] Level 5:colcon.colcon_core.verb:set package 'yhs_can_interfaces' build argument 'cmake_force_configure' from command line to 'False'
[1.102s] Level 5:colcon.colcon_core.verb:set package 'yhs_can_interfaces' build argument 'ament_cmake_args' from command line to 'None'
[1.102s] Level 5:colcon.colcon_core.verb:set package 'yhs_can_interfaces' build argument 'catkin_cmake_args' from command line to 'None'
[1.102s] Level 5:colcon.colcon_core.verb:set package 'yhs_can_interfaces' build argument 'catkin_skip_building_tests' from command line to 'False'
[1.102s] DEBUG:colcon.colcon_core.verb:Building package 'yhs_can_interfaces' with the following arguments: {'ament_cmake_args': None, 'build_base': '/home/jenter/package/work/build/yhs_can_interfaces', 'catkin_cmake_args': None, 'catkin_skip_building_tests': False, 'cmake_args': None, 'cmake_clean_cache': False, 'cmake_clean_first': False, 'cmake_force_configure': False, 'cmake_target': None, 'cmake_target_skip_unavailable': False, 'install_base': '/home/jenter/package/work/install/yhs_can_interfaces', 'merge_install': False, 'path': '/home/jenter/package/work/src/yhs_can_interfaces', 'symlink_install': False, 'test_result_base': None}
[1.102s] INFO:colcon.colcon_core.executor:Executing jobs using 'parallel' executor
[1.103s] DEBUG:colcon.colcon_parallel_executor.executor.parallel:run_until_complete
[1.104s] INFO:colcon.colcon_ros.task.ament_cmake.build:Building ROS package in '/home/jenter/package/work/src/yhs_can_interfaces' with build type 'ament_cmake'
[1.104s] INFO:colcon.colcon_cmake.task.cmake.build:Building CMake package in '/home/jenter/package/work/src/yhs_can_interfaces'
[1.111s] INFO:colcon.colcon_core.plugin_system:Skipping extension 'colcon_core.shell.bat': Not used on non-Windows systems
[1.112s] INFO:colcon.colcon_core.shell:Skip shell extension 'powershell' for command environment: Not usable outside of PowerShell
[1.112s] DEBUG:colcon.colcon_core.shell:Skip shell extension 'dsv' for command environment
[1.121s] DEBUG:colcon.colcon_core.event_handler.log_command:Invoking command in '/home/jenter/package/work/build/yhs_can_interfaces': CMAKE_PREFIX_PATH=/opt/ros/humble /usr/bin/cmake /home/jenter/package/work/src/yhs_can_interfaces -DCMAKE_INSTALL_PREFIX=/home/jenter/package/work/install/yhs_can_interfaces
[4.228s] DEBUG:colcon.colcon_core.event_handler.log_command:Invoked command in '/home/jenter/package/work/build/yhs_can_interfaces' returned '0': CMAKE_PREFIX_PATH=/opt/ros/humble /usr/bin/cmake /home/jenter/package/work/src/yhs_can_interfaces -DCMAKE_INSTALL_PREFIX=/home/jenter/package/work/install/yhs_can_interfaces
[4.230s] DEBUG:colcon.colcon_core.event_handler.log_command:Invoking command in '/home/jenter/package/work/build/yhs_can_interfaces': CMAKE_PREFIX_PATH=/opt/ros/humble /usr/bin/cmake --build /home/jenter/package/work/build/yhs_can_interfaces -- -j4 -l4
[35.476s] DEBUG:colcon.colcon_core.event_handler.log_command:Invoked command in '/home/jenter/package/work/build/yhs_can_interfaces' returned '0': CMAKE_PREFIX_PATH=/opt/ros/humble /usr/bin/cmake --build /home/jenter/package/work/build/yhs_can_interfaces -- -j4 -l4
[35.488s] DEBUG:colcon.colcon_core.event_handler.log_command:Invoking command in '/home/jenter/package/work/build/yhs_can_interfaces': CMAKE_PREFIX_PATH=/opt/ros/humble /usr/bin/cmake --install /home/jenter/package/work/build/yhs_can_interfaces
[35.692s] Level 1:colcon.colcon_core.environment:create_environment_scripts_only(yhs_can_interfaces)
[35.693s] DEBUG:colcon.colcon_core.event_handler.log_command:Invoked command in '/home/jenter/package/work/build/yhs_can_interfaces' returned '0': CMAKE_PREFIX_PATH=/opt/ros/humble /usr/bin/cmake --install /home/jenter/package/work/build/yhs_can_interfaces
[35.708s] Level 1:colcon.colcon_core.environment:checking '/home/jenter/package/work/install/yhs_can_interfaces' for CMake module files
[35.710s] Level 1:colcon.colcon_core.environment:checking '/home/jenter/package/work/install/yhs_can_interfaces' for CMake config files
[35.711s] Level 1:colcon.colcon_core.shell:create_environment_hook('yhs_can_interfaces', 'cmake_prefix_path')
[35.711s] INFO:colcon.colcon_core.shell:Creating environment hook '/home/jenter/package/work/install/yhs_can_interfaces/share/yhs_can_interfaces/hook/cmake_prefix_path.ps1'
[35.713s] INFO:colcon.colcon_core.shell:Creating environment descriptor '/home/jenter/package/work/install/yhs_can_interfaces/share/yhs_can_interfaces/hook/cmake_prefix_path.dsv'
[35.714s] INFO:colcon.colcon_core.shell:Creating environment hook '/home/jenter/package/work/install/yhs_can_interfaces/share/yhs_can_interfaces/hook/cmake_prefix_path.sh'
[35.716s] Level 1:colcon.colcon_core.environment:checking '/home/jenter/package/work/install/yhs_can_interfaces/lib'
[35.716s] Level 1:colcon.colcon_core.shell:create_environment_hook('yhs_can_interfaces', 'ld_library_path_lib')
[35.717s] INFO:colcon.colcon_core.shell:Creating environment hook '/home/jenter/package/work/install/yhs_can_interfaces/share/yhs_can_interfaces/hook/ld_library_path_lib.ps1'
[35.718s] INFO:colcon.colcon_core.shell:Creating environment descriptor '/home/jenter/package/work/install/yhs_can_interfaces/share/yhs_can_interfaces/hook/ld_library_path_lib.dsv'
[35.718s] INFO:colcon.colcon_core.shell:Creating environment hook '/home/jenter/package/work/install/yhs_can_interfaces/share/yhs_can_interfaces/hook/ld_library_path_lib.sh'
[35.719s] Level 1:colcon.colcon_core.environment:checking '/home/jenter/package/work/install/yhs_can_interfaces/bin'
[35.719s] Level 1:colcon.colcon_core.environment:checking '/home/jenter/package/work/install/yhs_can_interfaces/lib/pkgconfig/yhs_can_interfaces.pc'
[35.719s] Level 1:colcon.colcon_core.environment:checking '/home/jenter/package/work/install/yhs_can_interfaces/lib/python3.10/site-packages'
[35.720s] Level 1:colcon.colcon_core.environment:checking '/home/jenter/package/work/install/yhs_can_interfaces/bin'
[35.720s] INFO:colcon.colcon_core.shell:Creating package script '/home/jenter/package/work/install/yhs_can_interfaces/share/yhs_can_interfaces/package.ps1'
[35.722s] INFO:colcon.colcon_core.shell:Creating package descriptor '/home/jenter/package/work/install/yhs_can_interfaces/share/yhs_can_interfaces/package.dsv'
[35.723s] INFO:colcon.colcon_core.shell:Creating package script '/home/jenter/package/work/install/yhs_can_interfaces/share/yhs_can_interfaces/package.sh'
[35.725s] INFO:colcon.colcon_core.shell:Creating package script '/home/jenter/package/work/install/yhs_can_interfaces/share/yhs_can_interfaces/package.bash'
[35.727s] INFO:colcon.colcon_core.shell:Creating package script '/home/jenter/package/work/install/yhs_can_interfaces/share/yhs_can_interfaces/package.zsh'
[35.729s] Level 1:colcon.colcon_core.environment:create_file_with_runtime_dependencies(/home/jenter/package/work/install/yhs_can_interfaces/share/colcon-core/packages/yhs_can_interfaces)
[35.731s] Level 1:colcon.colcon_core.environment:create_environment_scripts_only(yhs_can_interfaces)
[35.731s] Level 1:colcon.colcon_core.environment:checking '/home/jenter/package/work/install/yhs_can_interfaces' for CMake module files
[35.733s] Level 1:colcon.colcon_core.environment:checking '/home/jenter/package/work/install/yhs_can_interfaces' for CMake config files
[35.733s] Level 1:colcon.colcon_core.shell:create_environment_hook('yhs_can_interfaces', 'cmake_prefix_path')
[35.734s] INFO:colcon.colcon_core.shell:Creating environment hook '/home/jenter/package/work/install/yhs_can_interfaces/share/yhs_can_interfaces/hook/cmake_prefix_path.ps1'
[35.734s] INFO:colcon.colcon_core.shell:Creating environment descriptor '/home/jenter/package/work/install/yhs_can_interfaces/share/yhs_can_interfaces/hook/cmake_prefix_path.dsv'
[35.735s] INFO:colcon.colcon_core.shell:Creating environment hook '/home/jenter/package/work/install/yhs_can_interfaces/share/yhs_can_interfaces/hook/cmake_prefix_path.sh'
[35.736s] Level 1:colcon.colcon_core.environment:checking '/home/jenter/package/work/install/yhs_can_interfaces/lib'
[35.736s] Level 1:colcon.colcon_core.shell:create_environment_hook('yhs_can_interfaces', 'ld_library_path_lib')
[35.736s] INFO:colcon.colcon_core.shell:Creating environment hook '/home/jenter/package/work/install/yhs_can_interfaces/share/yhs_can_interfaces/hook/ld_library_path_lib.ps1'
[35.737s] INFO:colcon.colcon_core.shell:Creating environment descriptor '/home/jenter/package/work/install/yhs_can_interfaces/share/yhs_can_interfaces/hook/ld_library_path_lib.dsv'
[35.737s] INFO:colcon.colcon_core.shell:Creating environment hook '/home/jenter/package/work/install/yhs_can_interfaces/share/yhs_can_interfaces/hook/ld_library_path_lib.sh'
[35.738s] Level 1:colcon.colcon_core.environment:checking '/home/jenter/package/work/install/yhs_can_interfaces/bin'
[35.738s] Level 1:colcon.colcon_core.environment:checking '/home/jenter/package/work/install/yhs_can_interfaces/lib/pkgconfig/yhs_can_interfaces.pc'
[35.738s] Level 1:colcon.colcon_core.environment:checking '/home/jenter/package/work/install/yhs_can_interfaces/lib/python3.10/site-packages'
[35.739s] Level 1:colcon.colcon_core.environment:checking '/home/jenter/package/work/install/yhs_can_interfaces/bin'
[35.739s] INFO:colcon.colcon_core.shell:Creating package script '/home/jenter/package/work/install/yhs_can_interfaces/share/yhs_can_interfaces/package.ps1'
[35.740s] INFO:colcon.colcon_core.shell:Creating package descriptor '/home/jenter/package/work/install/yhs_can_interfaces/share/yhs_can_interfaces/package.dsv'
[35.741s] INFO:colcon.colcon_core.shell:Creating package script '/home/jenter/package/work/install/yhs_can_interfaces/share/yhs_can_interfaces/package.sh'
[35.741s] INFO:colcon.colcon_core.shell:Creating package script '/home/jenter/package/work/install/yhs_can_interfaces/share/yhs_can_interfaces/package.bash'
[35.742s] INFO:colcon.colcon_core.shell:Creating package script '/home/jenter/package/work/install/yhs_can_interfaces/share/yhs_can_interfaces/package.zsh'
[35.743s] Level 1:colcon.colcon_core.environment:create_file_with_runtime_dependencies(/home/jenter/package/work/install/yhs_can_interfaces/share/colcon-core/packages/yhs_can_interfaces)
[35.743s] DEBUG:colcon.colcon_parallel_executor.executor.parallel:closing loop
[35.743s] DEBUG:colcon.colcon_parallel_executor.executor.parallel:loop closed
[35.743s] DEBUG:colcon.colcon_parallel_executor.executor.parallel:run_until_complete finished with '0'
[35.744s] DEBUG:colcon.colcon_core.event_reactor:joining thread
[35.758s] INFO:colcon.colcon_core.plugin_system:Skipping extension 'colcon_notification.desktop_notification.terminal_notifier': Not used on non-Darwin systems
[35.758s] INFO:colcon.colcon_core.plugin_system:Skipping extension 'colcon_notification.desktop_notification.win32': Not used on non-Windows systems
[35.758s] INFO:colcon.colcon_notification.desktop_notification:Sending desktop notification using 'notify2'
[35.760s] DEBUG:colcon.colcon_notification.desktop_notification.notify2:Failed to initialize notify2: org.freedesktop.DBus.Error.ServiceUnknown: The name org.freedesktop.Notifications was not provided by any .service files
[35.760s] DEBUG:colcon.colcon_core.event_reactor:joined thread
[35.760s] INFO:colcon.colcon_core.shell:Creating prefix script '/home/jenter/package/work/install/local_setup.ps1'
[35.763s] INFO:colcon.colcon_core.shell:Creating prefix util module '/home/jenter/package/work/install/_local_setup_util_ps1.py'
[35.766s] INFO:colcon.colcon_core.shell:Creating prefix chain script '/home/jenter/package/work/install/setup.ps1'
[35.768s] INFO:colcon.colcon_core.shell:Creating prefix script '/home/jenter/package/work/install/local_setup.sh'
[35.770s] INFO:colcon.colcon_core.shell:Creating prefix util module '/home/jenter/package/work/install/_local_setup_util_sh.py'
[35.771s] INFO:colcon.colcon_core.shell:Creating prefix chain script '/home/jenter/package/work/install/setup.sh'
[35.773s] INFO:colcon.colcon_core.shell:Creating prefix script '/home/jenter/package/work/install/local_setup.bash'
[35.774s] INFO:colcon.colcon_core.shell:Creating prefix chain script '/home/jenter/package/work/install/setup.bash'
[35.777s] INFO:colcon.colcon_core.shell:Creating prefix script '/home/jenter/package/work/install/local_setup.zsh'
[35.778s] INFO:colcon.colcon_core.shell:Creating prefix chain script '/home/jenter/package/work/install/setup.zsh'
