[0.141s] DEBUG:colcon:Command line arguments: ['/usr/bin/colcon', 'build', '--packages-select', 'bluesea2']
[0.141s] DEBUG:colcon:Parsed command line arguments: Namespace(log_base=None, log_level=None, verb_name='build', build_base='build', install_base='install', merge_install=False, symlink_install=False, test_result_base=None, continue_on_error=False, executor='parallel', parallel_workers=4, event_handlers=None, ignore_user_meta=False, metas=['./colcon.meta'], base_paths=['.'], packages_ignore=None, packages_ignore_regex=None, paths=None, packages_up_to=None, packages_up_to_regex=None, packages_above=None, packages_above_and_dependencies=None, packages_above_depth=None, packages_select_by_dep=None, packages_skip_by_dep=None, packages_skip_up_to=None, packages_select_build_failed=False, packages_skip_build_finished=False, packages_select_test_failures=False, packages_skip_test_passed=False, packages_select=['bluesea2'], packages_skip=None, packages_select_regex=None, packages_skip_regex=None, packages_start=None, packages_end=None, allow_overriding=[], cmake_args=None, cmake_target=None, cmake_target_skip_unavailable=False, cmake_clean_cache=False, cmake_clean_first=False, cmake_force_configure=False, ament_cmake_args=None, catkin_cmake_args=None, catkin_skip_building_tests=False, verb_parser=<colcon_defaults.argument_parser.defaults.DefaultArgumentsDecorator object at 0x7fa4f6232bc0>, verb_extension=<colcon_core.verb.build.BuildVerb object at 0x7fa4f64684c0>, main=<bound method BuildVerb.main of <colcon_core.verb.build.BuildVerb object at 0x7fa4f64684c0>>)
[0.361s] Level 1:colcon.colcon_core.package_discovery:discover_packages(colcon_meta) check parameters
[0.361s] Level 1:colcon.colcon_core.package_discovery:discover_packages(recursive) check parameters
[0.361s] Level 1:colcon.colcon_core.package_discovery:discover_packages(ignore) check parameters
[0.361s] Level 1:colcon.colcon_core.package_discovery:discover_packages(path) check parameters
[0.361s] Level 1:colcon.colcon_core.package_discovery:discover_packages(colcon_meta) discover
[0.361s] Level 1:colcon.colcon_core.package_discovery:discover_packages(recursive) discover
[0.361s] INFO:colcon.colcon_core.package_discovery:Crawling recursively for packages in '/home/jenter/package/work'
[0.361s] Level 1:colcon.colcon_core.package_identification:_identify(.) by extensions ['ignore', 'ignore_ament_install']
[0.362s] Level 1:colcon.colcon_core.package_identification:_identify(.) by extension 'ignore'
[0.362s] Level 1:colcon.colcon_core.package_identification:_identify(.) by extension 'ignore_ament_install'
[0.362s] Level 1:colcon.colcon_core.package_identification:_identify(.) by extensions ['colcon_pkg']
[0.362s] Level 1:colcon.colcon_core.package_identification:_identify(.) by extension 'colcon_pkg'
[0.362s] Level 1:colcon.colcon_core.package_identification:_identify(.) by extensions ['colcon_meta']
[0.362s] Level 1:colcon.colcon_core.package_identification:_identify(.) by extension 'colcon_meta'
[0.362s] Level 1:colcon.colcon_core.package_identification:_identify(.) by extensions ['ros']
[0.362s] Level 1:colcon.colcon_core.package_identification:_identify(.) by extension 'ros'
[0.378s] Level 1:colcon.colcon_core.package_identification:_identify(.) by extensions ['cmake', 'python']
[0.379s] Level 1:colcon.colcon_core.package_identification:_identify(.) by extension 'cmake'
[0.379s] Level 1:colcon.colcon_core.package_identification:_identify(.) by extension 'python'
[0.379s] Level 1:colcon.colcon_core.package_identification:_identify(.) by extensions ['python_setup_py']
[0.379s] Level 1:colcon.colcon_core.package_identification:_identify(.) by extension 'python_setup_py'
[0.379s] Level 1:colcon.colcon_core.package_identification:_identify(build) by extensions ['ignore', 'ignore_ament_install']
[0.379s] Level 1:colcon.colcon_core.package_identification:_identify(build) by extension 'ignore'
[0.379s] Level 1:colcon.colcon_core.package_identification:_identify(build) ignored
[0.379s] Level 1:colcon.colcon_core.package_identification:_identify(install) by extensions ['ignore', 'ignore_ament_install']
[0.379s] Level 1:colcon.colcon_core.package_identification:_identify(install) by extension 'ignore'
[0.380s] Level 1:colcon.colcon_core.package_identification:_identify(install) ignored
[0.380s] Level 1:colcon.colcon_core.package_identification:_identify(log) by extensions ['ignore', 'ignore_ament_install']
[0.380s] Level 1:colcon.colcon_core.package_identification:_identify(log) by extension 'ignore'
[0.380s] Level 1:colcon.colcon_core.package_identification:_identify(log) ignored
[0.380s] Level 1:colcon.colcon_core.package_identification:_identify(src) by extensions ['ignore', 'ignore_ament_install']
[0.380s] Level 1:colcon.colcon_core.package_identification:_identify(src) by extension 'ignore'
[0.380s] Level 1:colcon.colcon_core.package_identification:_identify(src) by extension 'ignore_ament_install'
[0.380s] Level 1:colcon.colcon_core.package_identification:_identify(src) by extensions ['colcon_pkg']
[0.380s] Level 1:colcon.colcon_core.package_identification:_identify(src) by extension 'colcon_pkg'
[0.380s] Level 1:colcon.colcon_core.package_identification:_identify(src) by extensions ['colcon_meta']
[0.380s] Level 1:colcon.colcon_core.package_identification:_identify(src) by extension 'colcon_meta'
[0.380s] Level 1:colcon.colcon_core.package_identification:_identify(src) by extensions ['ros']
[0.380s] Level 1:colcon.colcon_core.package_identification:_identify(src) by extension 'ros'
[0.381s] Level 1:colcon.colcon_core.package_identification:_identify(src) by extensions ['cmake', 'python']
[0.381s] Level 1:colcon.colcon_core.package_identification:_identify(src) by extension 'cmake'
[0.381s] Level 1:colcon.colcon_core.package_identification:_identify(src) by extension 'python'
[0.381s] Level 1:colcon.colcon_core.package_identification:_identify(src) by extensions ['python_setup_py']
[0.381s] Level 1:colcon.colcon_core.package_identification:_identify(src) by extension 'python_setup_py'
[0.381s] Level 1:colcon.colcon_core.package_identification:_identify(src/bluesea-ros2) by extensions ['ignore', 'ignore_ament_install']
[0.381s] Level 1:colcon.colcon_core.package_identification:_identify(src/bluesea-ros2) by extension 'ignore'
[0.381s] Level 1:colcon.colcon_core.package_identification:_identify(src/bluesea-ros2) by extension 'ignore_ament_install'
[0.381s] Level 1:colcon.colcon_core.package_identification:_identify(src/bluesea-ros2) by extensions ['colcon_pkg']
[0.381s] Level 1:colcon.colcon_core.package_identification:_identify(src/bluesea-ros2) by extension 'colcon_pkg'
[0.381s] Level 1:colcon.colcon_core.package_identification:_identify(src/bluesea-ros2) by extensions ['colcon_meta']
[0.381s] Level 1:colcon.colcon_core.package_identification:_identify(src/bluesea-ros2) by extension 'colcon_meta'
[0.381s] Level 1:colcon.colcon_core.package_identification:_identify(src/bluesea-ros2) by extensions ['ros']
[0.381s] Level 1:colcon.colcon_core.package_identification:_identify(src/bluesea-ros2) by extension 'ros'
[0.385s] DEBUG:colcon.colcon_core.package_identification:Package 'src/bluesea-ros2' with type 'ros.ament_cmake' and name 'bluesea2'
[0.385s] Level 1:colcon.colcon_core.package_identification:_identify(src/serial_ros2) by extensions ['ignore', 'ignore_ament_install']
[0.385s] Level 1:colcon.colcon_core.package_identification:_identify(src/serial_ros2) by extension 'ignore'
[0.385s] Level 1:colcon.colcon_core.package_identification:_identify(src/serial_ros2) by extension 'ignore_ament_install'
[0.386s] Level 1:colcon.colcon_core.package_identification:_identify(src/serial_ros2) by extensions ['colcon_pkg']
[0.386s] Level 1:colcon.colcon_core.package_identification:_identify(src/serial_ros2) by extension 'colcon_pkg'
[0.386s] Level 1:colcon.colcon_core.package_identification:_identify(src/serial_ros2) by extensions ['colcon_meta']
[0.386s] Level 1:colcon.colcon_core.package_identification:_identify(src/serial_ros2) by extension 'colcon_meta'
[0.386s] Level 1:colcon.colcon_core.package_identification:_identify(src/serial_ros2) by extensions ['ros']
[0.386s] Level 1:colcon.colcon_core.package_identification:_identify(src/serial_ros2) by extension 'ros'
[0.387s] DEBUG:colcon.colcon_core.package_identification:Package 'src/serial_ros2' with type 'ros.ament_cmake' and name 'serial'
[0.387s] Level 1:colcon.colcon_core.package_identification:_identify(src/yesense_ros2) by extensions ['ignore', 'ignore_ament_install']
[0.387s] Level 1:colcon.colcon_core.package_identification:_identify(src/yesense_ros2) by extension 'ignore'
[0.387s] Level 1:colcon.colcon_core.package_identification:_identify(src/yesense_ros2) by extension 'ignore_ament_install'
[0.387s] Level 1:colcon.colcon_core.package_identification:_identify(src/yesense_ros2) by extensions ['colcon_pkg']
[0.387s] Level 1:colcon.colcon_core.package_identification:_identify(src/yesense_ros2) by extension 'colcon_pkg'
[0.387s] Level 1:colcon.colcon_core.package_identification:_identify(src/yesense_ros2) by extensions ['colcon_meta']
[0.387s] Level 1:colcon.colcon_core.package_identification:_identify(src/yesense_ros2) by extension 'colcon_meta'
[0.387s] Level 1:colcon.colcon_core.package_identification:_identify(src/yesense_ros2) by extensions ['ros']
[0.387s] Level 1:colcon.colcon_core.package_identification:_identify(src/yesense_ros2) by extension 'ros'
[0.387s] Level 1:colcon.colcon_core.package_identification:_identify(src/yesense_ros2) by extensions ['cmake', 'python']
[0.387s] Level 1:colcon.colcon_core.package_identification:_identify(src/yesense_ros2) by extension 'cmake'
[0.388s] Level 1:colcon.colcon_core.package_identification:_identify(src/yesense_ros2) by extension 'python'
[0.388s] Level 1:colcon.colcon_core.package_identification:_identify(src/yesense_ros2) by extensions ['python_setup_py']
[0.388s] Level 1:colcon.colcon_core.package_identification:_identify(src/yesense_ros2) by extension 'python_setup_py'
[0.388s] Level 1:colcon.colcon_core.package_identification:_identify(src/yesense_ros2/yesense_interface) by extensions ['ignore', 'ignore_ament_install']
[0.388s] Level 1:colcon.colcon_core.package_identification:_identify(src/yesense_ros2/yesense_interface) by extension 'ignore'
[0.388s] Level 1:colcon.colcon_core.package_identification:_identify(src/yesense_ros2/yesense_interface) by extension 'ignore_ament_install'
[0.388s] Level 1:colcon.colcon_core.package_identification:_identify(src/yesense_ros2/yesense_interface) by extensions ['colcon_pkg']
[0.388s] Level 1:colcon.colcon_core.package_identification:_identify(src/yesense_ros2/yesense_interface) by extension 'colcon_pkg'
[0.388s] Level 1:colcon.colcon_core.package_identification:_identify(src/yesense_ros2/yesense_interface) by extensions ['colcon_meta']
[0.388s] Level 1:colcon.colcon_core.package_identification:_identify(src/yesense_ros2/yesense_interface) by extension 'colcon_meta'
[0.388s] Level 1:colcon.colcon_core.package_identification:_identify(src/yesense_ros2/yesense_interface) by extensions ['ros']
[0.388s] Level 1:colcon.colcon_core.package_identification:_identify(src/yesense_ros2/yesense_interface) by extension 'ros'
[0.389s] DEBUG:colcon.colcon_core.package_identification:Package 'src/yesense_ros2/yesense_interface' with type 'ros.ament_cmake' and name 'yesense_interface'
[0.389s] Level 1:colcon.colcon_core.package_identification:_identify(src/yesense_ros2/yesense_std_ros2) by extensions ['ignore', 'ignore_ament_install']
[0.389s] Level 1:colcon.colcon_core.package_identification:_identify(src/yesense_ros2/yesense_std_ros2) by extension 'ignore'
[0.389s] Level 1:colcon.colcon_core.package_identification:_identify(src/yesense_ros2/yesense_std_ros2) by extension 'ignore_ament_install'
[0.390s] Level 1:colcon.colcon_core.package_identification:_identify(src/yesense_ros2/yesense_std_ros2) by extensions ['colcon_pkg']
[0.390s] Level 1:colcon.colcon_core.package_identification:_identify(src/yesense_ros2/yesense_std_ros2) by extension 'colcon_pkg'
[0.390s] Level 1:colcon.colcon_core.package_identification:_identify(src/yesense_ros2/yesense_std_ros2) by extensions ['colcon_meta']
[0.390s] Level 1:colcon.colcon_core.package_identification:_identify(src/yesense_ros2/yesense_std_ros2) by extension 'colcon_meta'
[0.390s] Level 1:colcon.colcon_core.package_identification:_identify(src/yesense_ros2/yesense_std_ros2) by extensions ['ros']
[0.390s] Level 1:colcon.colcon_core.package_identification:_identify(src/yesense_ros2/yesense_std_ros2) by extension 'ros'
[0.391s] DEBUG:colcon.colcon_core.package_identification:Package 'src/yesense_ros2/yesense_std_ros2' with type 'ros.ament_cmake' and name 'yesense_std_ros2'
[0.391s] Level 1:colcon.colcon_core.package_discovery:discover_packages(recursive) using defaults
[0.391s] Level 1:colcon.colcon_core.package_discovery:discover_packages(ignore) discover
[0.391s] Level 1:colcon.colcon_core.package_discovery:discover_packages(ignore) using defaults
[0.391s] Level 1:colcon.colcon_core.package_discovery:discover_packages(path) discover
[0.392s] Level 1:colcon.colcon_core.package_discovery:discover_packages(path) using defaults
[0.419s] INFO:colcon.colcon_core.package_selection:Skipping not selected package 'serial' in 'src/serial_ros2'
[0.419s] INFO:colcon.colcon_core.package_selection:Skipping not selected package 'yesense_interface' in 'src/yesense_ros2/yesense_interface'
[0.419s] INFO:colcon.colcon_core.package_selection:Skipping not selected package 'yesense_std_ros2' in 'src/yesense_ros2/yesense_std_ros2'
[0.419s] Level 1:colcon.colcon_core.package_discovery:discover_packages(prefix_path) check parameters
[0.420s] Level 1:colcon.colcon_core.package_discovery:discover_packages(prefix_path) discover
[0.421s] WARNING:colcon.colcon_ros.prefix_path.ament:The path '/home/jenter/package/work/install/bluesea2' in the environment variable AMENT_PREFIX_PATH doesn't exist
[0.421s] WARNING:colcon.colcon_ros.prefix_path.catkin:The path '/home/jenter/package/work/install/bluesea2' in the environment variable CMAKE_PREFIX_PATH doesn't exist
[0.422s] DEBUG:colcon.colcon_installed_package_information.package_discovery:Found 0 installed packages in /home/jenter/package/work/install
[0.424s] DEBUG:colcon.colcon_installed_package_information.package_discovery:Found 271 installed packages in /opt/ros/humble
[0.427s] Level 1:colcon.colcon_core.package_discovery:discover_packages(prefix_path) using defaults
[0.498s] Level 5:colcon.colcon_core.verb:set package 'bluesea2' build argument 'cmake_args' from command line to 'None'
[0.498s] Level 5:colcon.colcon_core.verb:set package 'bluesea2' build argument 'cmake_target' from command line to 'None'
[0.498s] Level 5:colcon.colcon_core.verb:set package 'bluesea2' build argument 'cmake_target_skip_unavailable' from command line to 'False'
[0.498s] Level 5:colcon.colcon_core.verb:set package 'bluesea2' build argument 'cmake_clean_cache' from command line to 'False'
[0.498s] Level 5:colcon.colcon_core.verb:set package 'bluesea2' build argument 'cmake_clean_first' from command line to 'False'
[0.498s] Level 5:colcon.colcon_core.verb:set package 'bluesea2' build argument 'cmake_force_configure' from command line to 'False'
[0.498s] Level 5:colcon.colcon_core.verb:set package 'bluesea2' build argument 'ament_cmake_args' from command line to 'None'
[0.498s] Level 5:colcon.colcon_core.verb:set package 'bluesea2' build argument 'catkin_cmake_args' from command line to 'None'
[0.498s] Level 5:colcon.colcon_core.verb:set package 'bluesea2' build argument 'catkin_skip_building_tests' from command line to 'False'
[0.498s] DEBUG:colcon.colcon_core.verb:Building package 'bluesea2' with the following arguments: {'ament_cmake_args': None, 'build_base': '/home/jenter/package/work/build/bluesea2', 'catkin_cmake_args': None, 'catkin_skip_building_tests': False, 'cmake_args': None, 'cmake_clean_cache': False, 'cmake_clean_first': False, 'cmake_force_configure': False, 'cmake_target': None, 'cmake_target_skip_unavailable': False, 'install_base': '/home/jenter/package/work/install/bluesea2', 'merge_install': False, 'path': '/home/jenter/package/work/src/bluesea-ros2', 'symlink_install': False, 'test_result_base': None}
[0.498s] INFO:colcon.colcon_core.executor:Executing jobs using 'parallel' executor
[0.500s] DEBUG:colcon.colcon_parallel_executor.executor.parallel:run_until_complete
[0.500s] INFO:colcon.colcon_ros.task.ament_cmake.build:Building ROS package in '/home/jenter/package/work/src/bluesea-ros2' with build type 'ament_cmake'
[0.500s] INFO:colcon.colcon_cmake.task.cmake.build:Building CMake package in '/home/jenter/package/work/src/bluesea-ros2'
[0.503s] INFO:colcon.colcon_core.plugin_system:Skipping extension 'colcon_core.shell.bat': Not used on non-Windows systems
[0.503s] INFO:colcon.colcon_core.shell:Skip shell extension 'powershell' for command environment: Not usable outside of PowerShell
[0.503s] DEBUG:colcon.colcon_core.shell:Skip shell extension 'dsv' for command environment
[0.513s] DEBUG:colcon.colcon_core.event_handler.log_command:Invoking command in '/home/jenter/package/work/build/bluesea2': CMAKE_PREFIX_PATH=${CMAKE_PREFIX_PATH}:/opt/ros/humble /usr/bin/cmake /home/jenter/package/work/src/bluesea-ros2 -DCMAKE_INSTALL_PREFIX=/home/jenter/package/work/install/bluesea2
[2.013s] DEBUG:colcon.colcon_core.event_handler.log_command:Invoked command in '/home/jenter/package/work/build/bluesea2' returned '0': CMAKE_PREFIX_PATH=${CMAKE_PREFIX_PATH}:/opt/ros/humble /usr/bin/cmake /home/jenter/package/work/src/bluesea-ros2 -DCMAKE_INSTALL_PREFIX=/home/jenter/package/work/install/bluesea2
[2.016s] DEBUG:colcon.colcon_core.event_handler.log_command:Invoking command in '/home/jenter/package/work/build/bluesea2': CMAKE_PREFIX_PATH=${CMAKE_PREFIX_PATH}:/opt/ros/humble /usr/bin/cmake --build /home/jenter/package/work/build/bluesea2 -- -j4 -l4
[12.366s] DEBUG:colcon.colcon_core.event_handler.log_command:Invoked command in '/home/jenter/package/work/build/bluesea2' returned '0': CMAKE_PREFIX_PATH=${CMAKE_PREFIX_PATH}:/opt/ros/humble /usr/bin/cmake --build /home/jenter/package/work/build/bluesea2 -- -j4 -l4
[12.378s] DEBUG:colcon.colcon_core.event_handler.log_command:Invoking command in '/home/jenter/package/work/build/bluesea2': CMAKE_PREFIX_PATH=${CMAKE_PREFIX_PATH}:/opt/ros/humble /usr/bin/cmake --install /home/jenter/package/work/build/bluesea2
[12.419s] Level 1:colcon.colcon_core.environment:create_environment_scripts_only(bluesea2)
[12.420s] DEBUG:colcon.colcon_core.event_handler.log_command:Invoked command in '/home/jenter/package/work/build/bluesea2' returned '0': CMAKE_PREFIX_PATH=${CMAKE_PREFIX_PATH}:/opt/ros/humble /usr/bin/cmake --install /home/jenter/package/work/build/bluesea2
[12.423s] Level 1:colcon.colcon_core.environment:checking '/home/jenter/package/work/install/bluesea2' for CMake module files
[12.424s] Level 1:colcon.colcon_core.environment:checking '/home/jenter/package/work/install/bluesea2' for CMake config files
[12.424s] Level 1:colcon.colcon_core.shell:create_environment_hook('bluesea2', 'cmake_prefix_path')
[12.425s] INFO:colcon.colcon_core.shell:Creating environment hook '/home/jenter/package/work/install/bluesea2/share/bluesea2/hook/cmake_prefix_path.ps1'
[12.426s] INFO:colcon.colcon_core.shell:Creating environment descriptor '/home/jenter/package/work/install/bluesea2/share/bluesea2/hook/cmake_prefix_path.dsv'
[12.426s] INFO:colcon.colcon_core.shell:Creating environment hook '/home/jenter/package/work/install/bluesea2/share/bluesea2/hook/cmake_prefix_path.sh'
[12.427s] Level 1:colcon.colcon_core.environment:checking '/home/jenter/package/work/install/bluesea2/lib'
[12.428s] Level 1:colcon.colcon_core.environment:checking '/home/jenter/package/work/install/bluesea2/bin'
[12.428s] Level 1:colcon.colcon_core.environment:checking '/home/jenter/package/work/install/bluesea2/lib/pkgconfig/bluesea2.pc'
[12.428s] Level 1:colcon.colcon_core.environment:checking '/home/jenter/package/work/install/bluesea2/lib/python3.10/site-packages'
[12.428s] Level 1:colcon.colcon_core.environment:checking '/home/jenter/package/work/install/bluesea2/bin'
[12.429s] INFO:colcon.colcon_core.shell:Creating package script '/home/jenter/package/work/install/bluesea2/share/bluesea2/package.ps1'
[12.430s] INFO:colcon.colcon_core.shell:Creating package descriptor '/home/jenter/package/work/install/bluesea2/share/bluesea2/package.dsv'
[12.431s] INFO:colcon.colcon_core.shell:Creating package script '/home/jenter/package/work/install/bluesea2/share/bluesea2/package.sh'
[12.432s] INFO:colcon.colcon_core.shell:Creating package script '/home/jenter/package/work/install/bluesea2/share/bluesea2/package.bash'
[12.432s] INFO:colcon.colcon_core.shell:Creating package script '/home/jenter/package/work/install/bluesea2/share/bluesea2/package.zsh'
[12.433s] Level 1:colcon.colcon_core.environment:create_file_with_runtime_dependencies(/home/jenter/package/work/install/bluesea2/share/colcon-core/packages/bluesea2)
[12.434s] Level 1:colcon.colcon_core.environment:create_environment_scripts_only(bluesea2)
[12.435s] Level 1:colcon.colcon_core.environment:checking '/home/jenter/package/work/install/bluesea2' for CMake module files
[12.435s] Level 1:colcon.colcon_core.environment:checking '/home/jenter/package/work/install/bluesea2' for CMake config files
[12.436s] Level 1:colcon.colcon_core.shell:create_environment_hook('bluesea2', 'cmake_prefix_path')
[12.436s] INFO:colcon.colcon_core.shell:Creating environment hook '/home/jenter/package/work/install/bluesea2/share/bluesea2/hook/cmake_prefix_path.ps1'
[12.436s] INFO:colcon.colcon_core.shell:Creating environment descriptor '/home/jenter/package/work/install/bluesea2/share/bluesea2/hook/cmake_prefix_path.dsv'
[12.437s] INFO:colcon.colcon_core.shell:Creating environment hook '/home/jenter/package/work/install/bluesea2/share/bluesea2/hook/cmake_prefix_path.sh'
[12.438s] Level 1:colcon.colcon_core.environment:checking '/home/jenter/package/work/install/bluesea2/lib'
[12.438s] Level 1:colcon.colcon_core.environment:checking '/home/jenter/package/work/install/bluesea2/bin'
[12.438s] Level 1:colcon.colcon_core.environment:checking '/home/jenter/package/work/install/bluesea2/lib/pkgconfig/bluesea2.pc'
[12.438s] Level 1:colcon.colcon_core.environment:checking '/home/jenter/package/work/install/bluesea2/lib/python3.10/site-packages'
[12.438s] Level 1:colcon.colcon_core.environment:checking '/home/jenter/package/work/install/bluesea2/bin'
[12.439s] INFO:colcon.colcon_core.shell:Creating package script '/home/jenter/package/work/install/bluesea2/share/bluesea2/package.ps1'
[12.440s] INFO:colcon.colcon_core.shell:Creating package descriptor '/home/jenter/package/work/install/bluesea2/share/bluesea2/package.dsv'
[12.440s] INFO:colcon.colcon_core.shell:Creating package script '/home/jenter/package/work/install/bluesea2/share/bluesea2/package.sh'
[12.441s] INFO:colcon.colcon_core.shell:Creating package script '/home/jenter/package/work/install/bluesea2/share/bluesea2/package.bash'
[12.442s] INFO:colcon.colcon_core.shell:Creating package script '/home/jenter/package/work/install/bluesea2/share/bluesea2/package.zsh'
[12.442s] Level 1:colcon.colcon_core.environment:create_file_with_runtime_dependencies(/home/jenter/package/work/install/bluesea2/share/colcon-core/packages/bluesea2)
[12.443s] DEBUG:colcon.colcon_parallel_executor.executor.parallel:closing loop
[12.443s] DEBUG:colcon.colcon_parallel_executor.executor.parallel:loop closed
[12.443s] DEBUG:colcon.colcon_parallel_executor.executor.parallel:run_until_complete finished with '0'
[12.443s] DEBUG:colcon.colcon_core.event_reactor:joining thread
[12.450s] INFO:colcon.colcon_core.plugin_system:Skipping extension 'colcon_notification.desktop_notification.terminal_notifier': Not used on non-Darwin systems
[12.450s] INFO:colcon.colcon_core.plugin_system:Skipping extension 'colcon_notification.desktop_notification.win32': Not used on non-Windows systems
[12.450s] INFO:colcon.colcon_notification.desktop_notification:Sending desktop notification using 'notify2'
[12.451s] DEBUG:colcon.colcon_notification.desktop_notification.notify2:Failed to initialize notify2: org.freedesktop.DBus.Error.ServiceUnknown: The name org.freedesktop.Notifications was not provided by any .service files
[12.451s] DEBUG:colcon.colcon_core.event_reactor:joined thread
[12.452s] INFO:colcon.colcon_core.shell:Creating prefix script '/home/jenter/package/work/install/local_setup.ps1'
[12.453s] INFO:colcon.colcon_core.shell:Creating prefix util module '/home/jenter/package/work/install/_local_setup_util_ps1.py'
[12.455s] INFO:colcon.colcon_core.shell:Creating prefix chain script '/home/jenter/package/work/install/setup.ps1'
[12.457s] INFO:colcon.colcon_core.shell:Creating prefix script '/home/jenter/package/work/install/local_setup.sh'
[12.458s] INFO:colcon.colcon_core.shell:Creating prefix util module '/home/jenter/package/work/install/_local_setup_util_sh.py'
[12.458s] INFO:colcon.colcon_core.shell:Creating prefix chain script '/home/jenter/package/work/install/setup.sh'
[12.460s] INFO:colcon.colcon_core.shell:Creating prefix script '/home/jenter/package/work/install/local_setup.bash'
[12.460s] INFO:colcon.colcon_core.shell:Creating prefix chain script '/home/jenter/package/work/install/setup.bash'
[12.462s] INFO:colcon.colcon_core.shell:Creating prefix script '/home/jenter/package/work/install/local_setup.zsh'
[12.462s] INFO:colcon.colcon_core.shell:Creating prefix chain script '/home/jenter/package/work/install/setup.zsh'
