-- The C compiler identification is GNU 11.4.0
-- The CXX compiler identification is GNU 11.4.0
-- Detecting C compiler ABI info
-- Detecting C compiler ABI info - done
-- Check for working C compiler: /usr/bin/cc - skipped
-- Detecting C compile features
-- Detecting C compile features - done
-- Detecting CXX compiler ABI info
-- Detecting CXX compiler ABI info - done
-- Check for working CXX compiler: /usr/bin/c++ - skipped
-- Detecting CXX compile features
-- Detecting CXX compile features - done
-- Found ament_cmake: 1.3.12 (/opt/ros/humble/share/ament_cmake/cmake)
-- Found Python3: /usr/bin/python3 (found version "3.10.12") found components: Interpreter 
-- Found rclcpp: 16.0.14 (/opt/ros/humble/share/rclcpp/cmake)
-- Found rosidl_generator_c: 3.1.7 (/opt/ros/humble/share/rosidl_generator_c/cmake)
-- Found rosidl_adapter: 3.1.7 (/opt/ros/humble/share/rosidl_adapter/cmake)
-- Found rosidl_generator_cpp: 3.1.7 (/opt/ros/humble/share/rosidl_generator_cpp/cmake)
-- Using all available rosidl_typesupport_c: rosidl_typesupport_fastrtps_c;rosidl_typesupport_introspection_c
-- Using all available rosidl_typesupport_cpp: rosidl_typesupport_fastrtps_cpp;rosidl_typesupport_introspection_cpp
-- Found rmw_implementation_cmake: 6.1.2 (/opt/ros/humble/share/rmw_implementation_cmake/cmake)
-- Found rmw_fastrtps_cpp: 6.2.8 (/opt/ros/humble/share/rmw_fastrtps_cpp/cmake)
-- Found OpenSSL: /usr/lib/x86_64-linux-gnu/libcrypto.so (found version "3.0.2")  
-- Found FastRTPS: /opt/ros/humble/include  
-- Using RMW implementation 'rmw_fastrtps_cpp' as default
-- Looking for pthread.h
-- Looking for pthread.h - found
-- Performing Test CMAKE_HAVE_LIBC_PTHREAD
-- Performing Test CMAKE_HAVE_LIBC_PTHREAD - Success
-- Found Threads: TRUE  
-- Found sensor_msgs: 4.9.0 (/opt/ros/humble/share/sensor_msgs/cmake)
-- Found visualization_msgs: 4.9.0 (/opt/ros/humble/share/visualization_msgs/cmake)
-- Found std_srvs: 4.9.0 (/opt/ros/humble/share/std_srvs/cmake)
-- Found ament_lint_auto: 0.12.14 (/opt/ros/humble/share/ament_lint_auto/cmake)
-- Added test 'copyright' to check source files copyright and LICENSE
-- Added test 'cppcheck' to perform static code analysis on C / C++ code
-- Configured cppcheck include dirs: $<BUILD_INTERFACE:/home/jenter/package/work/src/bluesea-ros2/include>
-- Configured cppcheck exclude dirs and/or files: 
-- Added test 'cpplint' to check C / C++ code against the Google style
-- Configured cpplint exclude dirs and/or files: 
-- Added test 'flake8' to check Python code syntax and style conventions
-- Added test 'lint_cmake' to check CMake code style
-- Added test 'pep257' to check Python code against some of the docstring style conventions in PEP 257
-- Added test 'uncrustify' to check C / C++ code style
-- Configured uncrustify additional arguments: 
-- Added test 'xmllint' to check XML markup files
-- Configuring done
-- Generating done
-- Build files have been written to: /home/jenter/package/work/build/bluesea2
[ 40%] [32mBuilding CXX object CMakeFiles/bluesea_node.dir/src/uart_reader.cpp.o[0m
[ 40%] [32mBuilding CXX object CMakeFiles/bluesea_node.dir/src/parser.cpp.o[0m
[ 40%] [32mBuilding CXX object CMakeFiles/bluesea_node_client.dir/src/bluesea_client.cpp.o[0m
[ 40%] [32mBuilding CXX object CMakeFiles/bluesea_node.dir/src/bluesea_node.cpp.o[0m
[ 50%] [32mBuilding CXX object CMakeFiles/bluesea_node.dir/src/udp_reader.cpp.o[0m
[ 60%] [32mBuilding CXX object CMakeFiles/bluesea_node.dir/src/tcp_reader.cpp.o[0m
[ 70%] [32mBuilding CXX object CMakeFiles/bluesea_node.dir/src/algorithmAPI.cpp.o[0m
[ 80%] [32mBuilding C object CMakeFiles/bluesea_node.dir/src/uart.c.o[0m
[ 90%] [32m[1mLinking CXX executable bluesea_node_client[0m
[ 90%] Built target bluesea_node_client
[100%] [32m[1mLinking CXX executable bluesea_node[0m
[100%] Built target bluesea_node
-- Install configuration: ""
-- Installing: /home/jenter/package/work/install/bluesea2/lib/bluesea2/bluesea_node
-- Set runtime path of "/home/jenter/package/work/install/bluesea2/lib/bluesea2/bluesea_node" to ""
-- Installing: /home/jenter/package/work/install/bluesea2/lib/bluesea2/bluesea_node_client
-- Set runtime path of "/home/jenter/package/work/install/bluesea2/lib/bluesea2/bluesea_node_client" to ""
-- Installing: /home/jenter/package/work/install/bluesea2/share/bluesea2/launch
-- Installing: /home/jenter/package/work/install/bluesea2/share/bluesea2/launch/LSS-40D-C20E.launch
-- Installing: /home/jenter/package/work/install/bluesea2/share/bluesea2/launch/LDS-E310-R.launch
-- Installing: /home/jenter/package/work/install/bluesea2/share/bluesea2/launch/LDS-E200-A.launch
-- Installing: /home/jenter/package/work/install/bluesea2/share/bluesea2/launch/LDS-E330-S.launch
-- Installing: /home/jenter/package/work/install/bluesea2/share/bluesea2/launch/LDS-50C-R.launch
-- Installing: /home/jenter/package/work/install/bluesea2/share/bluesea2/launch/LDS-E120-R.launch
-- Installing: /home/jenter/package/work/install/bluesea2/share/bluesea2/launch/LDS-15BDM.launch
-- Installing: /home/jenter/package/work/install/bluesea2/share/bluesea2/launch/VPC.launch
-- Installing: /home/jenter/package/work/install/bluesea2/share/bluesea2/launch/LDS-50C-C30E.launch
-- Installing: /home/jenter/package/work/install/bluesea2/share/bluesea2/launch/LDS-15D-B25R.launch
-- Installing: /home/jenter/package/work/install/bluesea2/share/bluesea2/launch/dual_lidar.launch
-- Installing: /home/jenter/package/work/install/bluesea2/share/bluesea2/launch/LDS-E310-E.launch
-- Installing: /home/jenter/package/work/install/bluesea2/share/bluesea2/launch/LDS-E200-R.launch
-- Installing: /home/jenter/package/work/install/bluesea2/share/bluesea2/launch/LDS-E330-S-R.launch
-- Installing: /home/jenter/package/work/install/bluesea2/share/bluesea2/launch/LDS-E200-E.launch
-- Installing: /home/jenter/package/work/install/bluesea2/share/bluesea2/launch/LDS-E320-S.launch
-- Installing: /home/jenter/package/work/install/bluesea2/share/bluesea2/launch/LDS-E300-E.launch
-- Installing: /home/jenter/package/work/install/bluesea2/share/bluesea2/launch/LSS-40D-C30E_VPC.launch
-- Installing: /home/jenter/package/work/install/bluesea2/share/bluesea2/launch/LDS-50C-C20E.launch
-- Installing: /home/jenter/package/work/install/bluesea2/share/bluesea2/launch/LDS-50C-2.launch
-- Installing: /home/jenter/package/work/install/bluesea2/share/bluesea2/launch/LDS-E300-R.launch
-- Installing: /home/jenter/package/work/install/bluesea2/share/bluesea2/launch/LDS-E340-S.launch
-- Installing: /home/jenter/package/work/install/bluesea2/share/bluesea2/launch/LDS-25D-B25R.launch
-- Installing: /home/jenter/package/work/install/bluesea2/share/bluesea2/launch/LSS-40S-B20E44.launch
-- Installing: /home/jenter/package/work/install/bluesea2/share/bluesea2/launch/LDS-E100-R.launch
-- Installing: /home/jenter/package/work/install/bluesea2/share/bluesea2/launch/LDS-25BDM.launch
-- Installing: /home/jenter/package/work/install/bluesea2/share/bluesea2/launch/LDS-50C-3.launch
-- Installing: /home/jenter/package/work/install/bluesea2/share/bluesea2/launch/bluesea.py
-- Installing: /home/jenter/package/work/install/bluesea2/share/bluesea2/launch/LES-10A-D40U44.launch
-- Installing: /home/jenter/package/work/install/bluesea2/share/bluesea2/launch/LSS-40D-C30E.launch
-- Installing: /home/jenter/package/work/install/bluesea2/share/bluesea2/launch/LDS-E340-E.launch
-- Installing: /home/jenter/package/work/install/bluesea2/share/bluesea2/launch/LDS-50C-E.launch
-- Installing: /home/jenter/package/work/install/bluesea2/share/bluesea2/launch/LDS-E400-E.launch
-- Installing: /home/jenter/package/work/install/bluesea2/share/bluesea2/launch/test.launch
-- Installing: /home/jenter/package/work/install/bluesea2/share/bluesea2/params
-- Installing: /home/jenter/package/work/install/bluesea2/share/bluesea2/params/LDS-50C-C20E.yaml
-- Installing: /home/jenter/package/work/install/bluesea2/share/bluesea2/params/LDS-15BDM-2.yaml
-- Installing: /home/jenter/package/work/install/bluesea2/share/bluesea2/params/LDS-E310-R.yaml
-- Installing: /home/jenter/package/work/install/bluesea2/share/bluesea2/params/LDS-E300-E.yaml
-- Installing: /home/jenter/package/work/install/bluesea2/share/bluesea2/params/LDS-E320-S.yaml
-- Installing: /home/jenter/package/work/install/bluesea2/share/bluesea2/params/LSS-10A-C30E44.yaml
-- Installing: /home/jenter/package/work/install/bluesea2/share/bluesea2/params/LDS-50C-C30E.yaml
-- Installing: /home/jenter/package/work/install/bluesea2/share/bluesea2/params/LDS-50C-2.yaml
-- Installing: /home/jenter/package/work/install/bluesea2/share/bluesea2/params/LDS-E120-R.yaml
-- Installing: /home/jenter/package/work/install/bluesea2/share/bluesea2/params/LDS-E340-E-R.yaml
-- Installing: /home/jenter/package/work/install/bluesea2/share/bluesea2/params/LDS-E300-R.yaml
-- Installing: /home/jenter/package/work/install/bluesea2/share/bluesea2/params/LSS-40D-C30E.yaml
-- Installing: /home/jenter/package/work/install/bluesea2/share/bluesea2/params/LDS-15D-B25R.yaml
-- Installing: /home/jenter/package/work/install/bluesea2/share/bluesea2/params/LDS-E400-E.yaml
-- Installing: /home/jenter/package/work/install/bluesea2/share/bluesea2/params/LDS-E321-S.yaml
-- Installing: /home/jenter/package/work/install/bluesea2/share/bluesea2/params/LDS-50C-C30E-R.yaml
-- Installing: /home/jenter/package/work/install/bluesea2/share/bluesea2/params/LDS-50C-3.yaml
-- Installing: /home/jenter/package/work/install/bluesea2/share/bluesea2/params/LDS-25D-B25R.yaml
-- Installing: /home/jenter/package/work/install/bluesea2/share/bluesea2/params/dual_lidar.yaml
-- Installing: /home/jenter/package/work/install/bluesea2/share/bluesea2/params/LDS-E310-E.yaml
-- Installing: /home/jenter/package/work/install/bluesea2/share/bluesea2/params/LDS-E340-S.yaml
-- Installing: /home/jenter/package/work/install/bluesea2/share/bluesea2/params/LDS-E200-R.yaml
-- Installing: /home/jenter/package/work/install/bluesea2/share/bluesea2/params/LDS-E200-A.yaml
-- Installing: /home/jenter/package/work/install/bluesea2/share/bluesea2/params/LDS-50C-R.yaml
-- Installing: /home/jenter/package/work/install/bluesea2/share/bluesea2/params/LDS-E200-E.yaml
-- Installing: /home/jenter/package/work/install/bluesea2/share/bluesea2/params/LDS-50C-E.yaml
-- Installing: /home/jenter/package/work/install/bluesea2/share/bluesea2/params/VPC.yaml
-- Installing: /home/jenter/package/work/install/bluesea2/share/bluesea2/params/LDS-E340-E.yaml
-- Installing: /home/jenter/package/work/install/bluesea2/share/bluesea2/params/LSS-40D-C20E_VPC.yaml
-- Installing: /home/jenter/package/work/install/bluesea2/share/bluesea2/params/LDS-E330-S-R.yaml
-- Installing: /home/jenter/package/work/install/bluesea2/share/bluesea2/params/LDS-E100-R.yaml
-- Installing: /home/jenter/package/work/install/bluesea2/share/bluesea2/params/LSS-40S-B20E44.yaml
-- Installing: /home/jenter/package/work/install/bluesea2/share/bluesea2/params/LDS-25BDM-2.yaml
-- Installing: /home/jenter/package/work/install/bluesea2/share/bluesea2/params/LSS-40D-C30E_VPC.yaml
-- Installing: /home/jenter/package/work/install/bluesea2/share/bluesea2/params/LDS-E330-S.yaml
-- Installing: /home/jenter/package/work/install/bluesea2/share/bluesea2/params/LSS-40D-C20E.yaml
-- Installing: /home/jenter/package/work/install/bluesea2/share/ament_index/resource_index/package_run_dependencies/bluesea2
-- Installing: /home/jenter/package/work/install/bluesea2/share/ament_index/resource_index/parent_prefix_path/bluesea2
-- Installing: /home/jenter/package/work/install/bluesea2/share/bluesea2/environment/ament_prefix_path.sh
-- Installing: /home/jenter/package/work/install/bluesea2/share/bluesea2/environment/ament_prefix_path.dsv
-- Installing: /home/jenter/package/work/install/bluesea2/share/bluesea2/environment/path.sh
-- Installing: /home/jenter/package/work/install/bluesea2/share/bluesea2/environment/path.dsv
-- Installing: /home/jenter/package/work/install/bluesea2/share/bluesea2/local_setup.bash
-- Installing: /home/jenter/package/work/install/bluesea2/share/bluesea2/local_setup.sh
-- Installing: /home/jenter/package/work/install/bluesea2/share/bluesea2/local_setup.zsh
-- Installing: /home/jenter/package/work/install/bluesea2/share/bluesea2/local_setup.dsv
-- Installing: /home/jenter/package/work/install/bluesea2/share/bluesea2/package.dsv
-- Installing: /home/jenter/package/work/install/bluesea2/share/ament_index/resource_index/packages/bluesea2
-- Installing: /home/jenter/package/work/install/bluesea2/share/bluesea2/cmake/bluesea2Config.cmake
-- Installing: /home/jenter/package/work/install/bluesea2/share/bluesea2/cmake/bluesea2Config-version.cmake
-- Installing: /home/jenter/package/work/install/bluesea2/share/bluesea2/package.xml
