[01m[K/home/jenter/package/work/src/yhs_can_control/src/yhs_can_control_node.cpp:44:11:[m[K [01;31m[Kerror: [m[Kno declaration matches ‘[01m[Kuint8_t yhs::CanControl::calculate_crc8(const string&)[m[K’
   44 |   uint8_t [01;31m[KCanControl[m[K::calculate_crc8(const std::string& data) {
      |           [01;31m[K^~~~~~~~~~[m[K
[01m[K/home/jenter/package/work/src/yhs_can_control/src/yhs_can_control_node.cpp:44:11:[m[K [01;36m[Knote: [m[Kno functions named ‘[01m[Kuint8_t yhs::CanControl::calculate_crc8(const string&)[m[K’
In file included from [01m[K/home/jenter/package/work/src/yhs_can_control/src/yhs_can_control_node.cpp:1[m[K:
[01m[K/home/jenter/package/work/src/yhs_can_control/include/yhs_can_control/yhs_can_control_node.hpp:36:9:[m[K [01;36m[Knote: [m[K‘[01m[Kclass yhs::CanControl[m[K’ defined here
   36 |   class [01;36m[KCanControl[m[K
      |         [01;36m[K^~~~~~~~~~[m[K
[01m[K/home/jenter/package/work/src/yhs_can_control/src/yhs_can_control_node.cpp:52:8:[m[K [01;31m[Kerror: [m[Kno declaration matches ‘[01m[Kbool yhs::CanControl::parse_CRC8(std::string&)[m[K’
   52 |   bool [01;31m[KCanControl[m[K::parse_CRC8(std::string& data)
      |        [01;31m[K^~~~~~~~~~[m[K
[01m[K/home/jenter/package/work/src/yhs_can_control/src/yhs_can_control_node.cpp:52:8:[m[K [01;36m[Knote: [m[Kno functions named ‘[01m[Kbool yhs::CanControl::parse_CRC8(std::string&)[m[K’
In file included from [01m[K/home/jenter/package/work/src/yhs_can_control/src/yhs_can_control_node.cpp:1[m[K:
[01m[K/home/jenter/package/work/src/yhs_can_control/include/yhs_can_control/yhs_can_control_node.hpp:36:9:[m[K [01;36m[Knote: [m[K‘[01m[Kclass yhs::CanControl[m[K’ defined here
   36 |   class [01;36m[KCanControl[m[K
      |         [01;36m[K^~~~~~~~~~[m[K
[01m[K/home/jenter/package/work/src/yhs_can_control/src/yhs_can_control_node.cpp:[m[K In member function ‘[01m[Kvoid yhs::CanControl::steering_ctrl_cmd_callback(yhs_can_interfaces::msg::SteeringCtrlCmd_<std::allocator<void> >::SharedPtr)[m[K’:
[01m[K/home/jenter/package/work/src/yhs_can_control/src/yhs_can_control_node.cpp:149:51:[m[K [01;31m[Kerror: [m[Krequest for member ‘[01m[Ksubstr[m[K’ in ‘[01m[KsendDataTemp[m[K’, which is of non-class type ‘[01m[Kunsigned char [8][m[K’
  149 |     sendDataTemp[7] = calculate_crc8(sendDataTemp.[01;31m[Ksubstr[m[K(0, sendDataTemp.size() - 2));
      |                                                   [01;31m[K^~~~~~[m[K
[01m[K/home/jenter/package/work/src/yhs_can_control/src/yhs_can_control_node.cpp:149:74:[m[K [01;31m[Kerror: [m[Krequest for member ‘[01m[Ksize[m[K’ in ‘[01m[KsendDataTemp[m[K’, which is of non-class type ‘[01m[Kunsigned char [8][m[K’
  149 |     sendDataTemp[7] = calculate_crc8(sendDataTemp.substr(0, sendDataTemp.[01;31m[Ksize[m[K() - 2));
      |                                                                          [01;31m[K^~~~[m[K
[01m[K/home/jenter/package/work/src/yhs_can_control/src/yhs_can_control_node.cpp:149:23:[m[K [01;31m[Kerror: [m[K‘[01m[Kcalculate_crc8[m[K’ was not declared in this scope
  149 |     sendDataTemp[7] = [01;31m[Kcalculate_crc8[m[K(sendDataTemp.substr(0, sendDataTemp.size() - 2));
      |                       [01;31m[K^~~~~~~~~~~~~~[m[K
[01m[K/home/jenter/package/work/src/yhs_can_control/src/yhs_can_control_node.cpp:163:5:[m[K [01;31m[Kerror: [m[Kexpected primary-expression before ‘[01m[K}[m[K’ token
  163 |     [01;31m[K}[m[K
      |     [01;31m[K^[m[K
[01m[K/home/jenter/package/work/src/yhs_can_control/src/yhs_can_control_node.cpp:162:13:[m[K [01;31m[Kerror: [m[Kexpected ‘[01m[K;[m[K’ before ‘[01m[K}[m[K’ token
  162 |       return
      |             [01;31m[K^[m[K
      |             [32m[K;[m[K
  163 |     [32m[K}[m[K
      |     [32m[K~[m[K        
[01m[K/home/jenter/package/work/src/yhs_can_control/src/yhs_can_control_node.cpp:166:19:[m[K [01;31m[Kerror: [m[Kredeclaration of ‘[01m[Kunsigned char sendDataTemp [8][m[K’
  166 |     unsigned char [01;31m[KsendDataTemp[m[K[8] = {0};
      |                   [01;31m[K^~~~~~~~~~~~[m[K
[01m[K/home/jenter/package/work/src/yhs_can_control/src/yhs_can_control_node.cpp:141:19:[m[K [01;36m[Knote: [m[K‘[01m[Kunsigned char sendDataTemp [8][m[K’ previously declared here
  141 |     unsigned char [01;36m[KsendDataTemp[m[K[8] = {0};
      |                   [01;36m[K^~~~~~~~~~~~[m[K
[01m[K/home/jenter/package/work/src/yhs_can_control/src/yhs_can_control_node.cpp:178:51:[m[K [01;31m[Kerror: [m[Krequest for member ‘[01m[Ksubstr[m[K’ in ‘[01m[KsendDataTemp[m[K’, which is of non-class type ‘[01m[Kunsigned char [8][m[K’
  178 |     sendDataTemp[7] = calculate_crc8(sendDataTemp.[01;31m[Ksubstr[m[K(0, sendDataTemp.size() - 2));
      |                                                   [01;31m[K^~~~~~[m[K
[01m[K/home/jenter/package/work/src/yhs_can_control/src/yhs_can_control_node.cpp:178:74:[m[K [01;31m[Kerror: [m[Krequest for member ‘[01m[Ksize[m[K’ in ‘[01m[KsendDataTemp[m[K’, which is of non-class type ‘[01m[Kunsigned char [8][m[K’
  178 |     sendDataTemp[7] = calculate_crc8(sendDataTemp.substr(0, sendDataTemp.[01;31m[Ksize[m[K() - 2));
      |                                                                          [01;31m[K^~~~[m[K
[01m[K/home/jenter/package/work/src/yhs_can_control/src/yhs_can_control_node.cpp:180:15:[m[K [01;31m[Kerror: [m[Kredeclaration of ‘[01m[Kcan_frame send_frame[m[K’
  180 |     can_frame [01;31m[Ksend_frame[m[K;
      |               [01;31m[K^~~~~~~~~~[m[K
[01m[K/home/jenter/package/work/src/yhs_can_control/src/yhs_can_control_node.cpp:151:15:[m[K [01;36m[Knote: [m[K‘[01m[Kcan_frame send_frame[m[K’ previously declared here
  151 |     can_frame [01;36m[Ksend_frame[m[K;
      |               [01;36m[K^~~~~~~~~~[m[K
[01m[K/home/jenter/package/work/src/yhs_can_control/src/yhs_can_control_node.cpp:186:9:[m[K [01;31m[Kerror: [m[Kredeclaration of ‘[01m[Kint ret[m[K’
  186 |     int [01;31m[Kret[m[K = write(can_socket_, &send_frame, sizeof(send_frame));
      |         [01;31m[K^~~[m[K
[01m[K/home/jenter/package/work/src/yhs_can_control/src/yhs_can_control_node.cpp:157:9:[m[K [01;36m[Knote: [m[K‘[01m[Kint ret[m[K’ previously declared here
  157 |     int [01;36m[Kret[m[K = write(can_socket_, &send_frame, sizeof(send_frame));
      |         [01;36m[K^~~[m[K
[01m[K/home/jenter/package/work/src/yhs_can_control/src/yhs_can_control_node.cpp:138:25:[m[K [01;35m[Kwarning: [m[Kunused variable ‘[01m[Kgear[m[K’ [[01;35m[K]8;;https://gcc.gnu.org/onlinedocs/gcc/Warning-Options.html#index-Wunused-variable-Wunused-variable]8;;[m[K]
  138 |     const unsigned char [01;35m[Kgear[m[K = msg.ctrl_cmd_gear;
      |                         [01;35m[K^~~~[m[K
[01m[K/home/jenter/package/work/src/yhs_can_control/src/yhs_can_control_node.cpp:[m[K In member function ‘[01m[Kvoid yhs::CanControl::can_data_recv_callback()[m[K’:
[01m[K/home/jenter/package/work/src/yhs_can_control/src/yhs_can_control_node.cpp:234:14:[m[K [01;31m[Kerror: [m[K‘[01m[Kparse_CRC8[m[K’ was not declared in this scope
  234 |         if (![01;31m[Kparse_CRC8[m[K(recv_frame.data)) continue;
      |              [01;31m[K^~~~~~~~~~[m[K
[01m[K/home/jenter/package/work/src/yhs_can_control/src/yhs_can_control_node.cpp:267:15:[m[K [01;31m[Kerror: [m[K‘[01m[Kusing SteeringCtrlFb = struct yhs_can_interfaces::msg::SteeringCtrlFb_<std::allocator<void> >[m[K’ {aka ‘[01m[Kstruct yhs_can_interfaces::msg::SteeringCtrlFb_<std::allocator<void> >[m[K’} has no member named ‘[01m[Ksteering_ctrl_rf_speed[m[K’; did you mean ‘[01m[Ksteering_ctrl_fb_gear[m[K’?
  267 |           msg.[01;31m[Ksteering_ctrl_rf_speed[m[K = static_cast<float>(static_cast<short>(recv_frame.data[1] << 8 | recv_frame.data[0])) / 10;
      |               [01;31m[K^~~~~~~~~~~~~~~~~~~~~~[m[K
      |               [32m[Ksteering_ctrl_fb_gear[m[K
[01m[K/home/jenter/package/work/src/yhs_can_control/src/yhs_can_control_node.cpp:269:15:[m[K [01;31m[Kerror: [m[K‘[01m[Kusing SteeringCtrlFb = struct yhs_can_interfaces::msg::SteeringCtrlFb_<std::allocator<void> >[m[K’ {aka ‘[01m[Kstruct yhs_can_interfaces::msg::SteeringCtrlFb_<std::allocator<void> >[m[K’} has no member named ‘[01m[Ksteering_ctrl_lr_speed[m[K’; did you mean ‘[01m[Ksteering_ctrl_fb_gear[m[K’?
  269 |           msg.[01;31m[Ksteering_ctrl_lr_speed[m[K = static_cast<float>(static_cast<short>(recv_frame.data[3] << 8 | recv_frame.data[2])) / 10;
      |               [01;31m[K^~~~~~~~~~~~~~~~~~~~~~[m[K
      |               [32m[Ksteering_ctrl_fb_gear[m[K
[01m[K/home/jenter/package/work/src/yhs_can_control/src/yhs_can_control_node.cpp:271:15:[m[K [01;31m[Kerror: [m[K‘[01m[Kusing SteeringCtrlFb = struct yhs_can_interfaces::msg::SteeringCtrlFb_<std::allocator<void> >[m[K’ {aka ‘[01m[Kstruct yhs_can_interfaces::msg::SteeringCtrlFb_<std::allocator<void> >[m[K’} has no member named ‘[01m[Ksteering_ctrl_cmd_angle[m[K’; did you mean ‘[01m[Ksteering_ctrl_fb_gear[m[K’?
  271 |           msg.[01;31m[Ksteering_ctrl_cmd_angle[m[K = static_cast<float>(static_cast<short>(recv_frame.data[3]  << 8 | recv_frame.data[2])) / 10;
      |               [01;31m[K^~~~~~~~~~~~~~~~~~~~~~~[m[K
      |               [32m[Ksteering_ctrl_fb_gear[m[K
[01m[K/home/jenter/package/work/src/yhs_can_control/src/yhs_can_control_node.cpp:276:28:[m[K [01;31m[Kerror: [m[K‘[01m[Kusing SteeringCtrlFb = struct yhs_can_interfaces::msg::SteeringCtrlFb_<std::allocator<void> >[m[K’ {aka ‘[01m[Kstruct yhs_can_interfaces::msg::SteeringCtrlFb_<std::allocator<void> >[m[K’} has no member named ‘[01m[Ksteering_ctrl_lr_speed[m[K’; did you mean ‘[01m[Ksteering_ctrl_fb_gear[m[K’?
  276 |           publish_odom(msg.[01;31m[Ksteering_ctrl_lr_speed[m[K, msg.steering_ctrl_cmd_angle / 180 * 3.14);
      |                            [01;31m[K^~~~~~~~~~~~~~~~~~~~~~[m[K
      |                            [32m[Ksteering_ctrl_fb_gear[m[K
[01m[K/home/jenter/package/work/src/yhs_can_control/src/yhs_can_control_node.cpp:276:56:[m[K [01;31m[Kerror: [m[K‘[01m[Kusing SteeringCtrlFb = struct yhs_can_interfaces::msg::SteeringCtrlFb_<std::allocator<void> >[m[K’ {aka ‘[01m[Kstruct yhs_can_interfaces::msg::SteeringCtrlFb_<std::allocator<void> >[m[K’} has no member named ‘[01m[Ksteering_ctrl_cmd_angle[m[K’; did you mean ‘[01m[Ksteering_ctrl_fb_gear[m[K’?
  276 |           publish_odom(msg.steering_ctrl_lr_speed, msg.[01;31m[Ksteering_ctrl_cmd_angle[m[K / 180 * 3.14);
      |                                                        [01;31m[K^~~~~~~~~~~~~~~~~~~~~~~[m[K
      |                                                        [32m[Ksteering_ctrl_fb_gear[m[K
gmake[2]: *** [CMakeFiles/yhs_can_control_node.dir/build.make:76: CMakeFiles/yhs_can_control_node.dir/src/yhs_can_control_node.cpp.o] Error 1
gmake[1]: *** [CMakeFiles/Makefile2:137: CMakeFiles/yhs_can_control_node.dir/all] Error 2
gmake: *** [Makefile:146: all] Error 2
