[0.016s] Invoking command in '/home/jenter/package/work/build/yhs_can_control': AMENT_PREFIX_PATH=/home/jenter/package/work/install/yhs_can_interfaces:${AMENT_PREFIX_PATH} CMAKE_PREFIX_PATH=/home/jenter/package/work/install/yhs_can_interfaces:/opt/ros/humble LD_LIBRARY_PATH=/home/jenter/package/work/install/yhs_can_interfaces/lib:${LD_LIBRARY_PATH} PYTHONPATH=/home/jenter/package/work/install/yhs_can_interfaces/local/lib/python3.10/dist-packages:${PYTHONPATH} /usr/bin/cmake /home/jenter/package/work/src/yhs_can_control -DCMAKE_INSTALL_PREFIX=/home/jenter/package/work/install/yhs_can_control
[0.030s] -- Found ament_cmake: 1.3.12 (/opt/ros/humble/share/ament_cmake/cmake)
[0.201s] -- Found std_msgs: 4.9.0 (/opt/ros/humble/share/std_msgs/cmake)
[0.234s] -- Found rosidl_generator_c: 3.1.7 (/opt/ros/humble/share/rosidl_generator_c/cmake)
[0.237s] -- Found rosidl_adapter: 3.1.7 (/opt/ros/humble/share/rosidl_adapter/cmake)
[0.245s] -- Found rosidl_generator_cpp: 3.1.7 (/opt/ros/humble/share/rosidl_generator_cpp/cmake)
[0.259s] -- Using all available rosidl_typesupport_c: rosidl_typesupport_fastrtps_c;rosidl_typesupport_introspection_c
[0.276s] -- Using all available rosidl_typesupport_cpp: rosidl_typesupport_fastrtps_cpp;rosidl_typesupport_introspection_cpp
[0.308s] -- Found rclcpp: 16.0.14 (/opt/ros/humble/share/rclcpp/cmake)
[0.343s] -- Found rmw_implementation_cmake: 6.1.2 (/opt/ros/humble/share/rmw_implementation_cmake/cmake)
[0.345s] -- Found rmw_fastrtps_cpp: 6.2.8 (/opt/ros/humble/share/rmw_fastrtps_cpp/cmake)
[0.471s] -- Using RMW implementation 'rmw_fastrtps_cpp' as default
[0.525s] -- Found nav2_msgs: 1.1.18 (/opt/ros/humble/share/nav2_msgs/cmake)
[0.699s] -- Found tf2_msgs: 0.25.15 (/opt/ros/humble/share/tf2_msgs/cmake)
[0.740s] -- Found tf2_ros: 0.25.15 (/opt/ros/humble/share/tf2_ros/cmake)
[0.859s] -- Found sensor_msgs: 4.9.0 (/opt/ros/humble/share/sensor_msgs/cmake)
[0.895s] -- Found yhs_can_interfaces: 0.0.0 (/home/jenter/package/work/install/yhs_can_interfaces/share/yhs_can_interfaces/cmake)
[0.920s] -- Found ament_lint_auto: 0.12.14 (/opt/ros/humble/share/ament_lint_auto/cmake)
[1.023s] -- Added test 'cppcheck' to perform static code analysis on C / C++ code
[1.023s] -- Configured cppcheck include dirs: $<BUILD_INTERFACE:/home/jenter/package/work/src/yhs_can_control/include>
[1.023s] -- Configured cppcheck exclude dirs and/or files: 
[1.023s] -- Added test 'flake8' to check Python code syntax and style conventions
[1.024s] -- Added test 'lint_cmake' to check CMake code style
[1.025s] -- Added test 'pep257' to check Python code against some of the docstring style conventions in PEP 257
[1.026s] -- Added test 'uncrustify' to check C / C++ code style
[1.026s] -- Configured uncrustify additional arguments: 
[1.027s] -- Added test 'xmllint' to check XML markup files
[1.028s] -- Configuring done
[1.047s] -- Generating done
[1.053s] -- Build files have been written to: /home/jenter/package/work/build/yhs_can_control
[1.065s] Invoked command in '/home/jenter/package/work/build/yhs_can_control' returned '0': AMENT_PREFIX_PATH=/home/jenter/package/work/install/yhs_can_interfaces:${AMENT_PREFIX_PATH} CMAKE_PREFIX_PATH=/home/jenter/package/work/install/yhs_can_interfaces:/opt/ros/humble LD_LIBRARY_PATH=/home/jenter/package/work/install/yhs_can_interfaces/lib:${LD_LIBRARY_PATH} PYTHONPATH=/home/jenter/package/work/install/yhs_can_interfaces/local/lib/python3.10/dist-packages:${PYTHONPATH} /usr/bin/cmake /home/jenter/package/work/src/yhs_can_control -DCMAKE_INSTALL_PREFIX=/home/jenter/package/work/install/yhs_can_control
[1.068s] Invoking command in '/home/jenter/package/work/build/yhs_can_control': AMENT_PREFIX_PATH=/home/jenter/package/work/install/yhs_can_interfaces:${AMENT_PREFIX_PATH} CMAKE_PREFIX_PATH=/home/jenter/package/work/install/yhs_can_interfaces:/opt/ros/humble LD_LIBRARY_PATH=/home/jenter/package/work/install/yhs_can_interfaces/lib:${LD_LIBRARY_PATH} PYTHONPATH=/home/jenter/package/work/install/yhs_can_interfaces/local/lib/python3.10/dist-packages:${PYTHONPATH} /usr/bin/cmake --build /home/jenter/package/work/build/yhs_can_control -- -j4 -l4
[1.127s] [ 50%] [32mBuilding CXX object CMakeFiles/yhs_can_control_node.dir/src/yhs_can_control_node.cpp.o[0m
[5.198s] [01m[K/home/jenter/package/work/src/yhs_can_control/src/yhs_can_control_node.cpp:44:11:[m[K [01;31m[Kerror: [m[Kno declaration matches ‘[01m[Kuint8_t yhs::CanControl::calculate_crc8(const string&)[m[K’
[5.198s]    44 |   uint8_t [01;31m[KCanControl[m[K::calculate_crc8(const std::string& data) {
[5.198s]       |           [01;31m[K^~~~~~~~~~[m[K
[5.198s] [01m[K/home/jenter/package/work/src/yhs_can_control/src/yhs_can_control_node.cpp:44:11:[m[K [01;36m[Knote: [m[Kno functions named ‘[01m[Kuint8_t yhs::CanControl::calculate_crc8(const string&)[m[K’
[5.198s] In file included from [01m[K/home/jenter/package/work/src/yhs_can_control/src/yhs_can_control_node.cpp:1[m[K:
[5.198s] [01m[K/home/jenter/package/work/src/yhs_can_control/include/yhs_can_control/yhs_can_control_node.hpp:36:9:[m[K [01;36m[Knote: [m[K‘[01m[Kclass yhs::CanControl[m[K’ defined here
[5.198s]    36 |   class [01;36m[KCanControl[m[K
[5.198s]       |         [01;36m[K^~~~~~~~~~[m[K
[5.199s] [01m[K/home/jenter/package/work/src/yhs_can_control/src/yhs_can_control_node.cpp:52:8:[m[K [01;31m[Kerror: [m[Kno declaration matches ‘[01m[Kbool yhs::CanControl::parse_CRC8(std::string&)[m[K’
[5.199s]    52 |   bool [01;31m[KCanControl[m[K::parse_CRC8(std::string& data)
[5.199s]       |        [01;31m[K^~~~~~~~~~[m[K
[5.199s] [01m[K/home/jenter/package/work/src/yhs_can_control/src/yhs_can_control_node.cpp:52:8:[m[K [01;36m[Knote: [m[Kno functions named ‘[01m[Kbool yhs::CanControl::parse_CRC8(std::string&)[m[K’
[5.199s] In file included from [01m[K/home/jenter/package/work/src/yhs_can_control/src/yhs_can_control_node.cpp:1[m[K:
[5.199s] [01m[K/home/jenter/package/work/src/yhs_can_control/include/yhs_can_control/yhs_can_control_node.hpp:36:9:[m[K [01;36m[Knote: [m[K‘[01m[Kclass yhs::CanControl[m[K’ defined here
[5.199s]    36 |   class [01;36m[KCanControl[m[K
[5.199s]       |         [01;36m[K^~~~~~~~~~[m[K
[5.208s] [01m[K/home/jenter/package/work/src/yhs_can_control/src/yhs_can_control_node.cpp:[m[K In member function ‘[01m[Kvoid yhs::CanControl::steering_ctrl_cmd_callback(yhs_can_interfaces::msg::SteeringCtrlCmd_<std::allocator<void> >::SharedPtr)[m[K’:
[5.208s] [01m[K/home/jenter/package/work/src/yhs_can_control/src/yhs_can_control_node.cpp:149:51:[m[K [01;31m[Kerror: [m[Krequest for member ‘[01m[Ksubstr[m[K’ in ‘[01m[KsendDataTemp[m[K’, which is of non-class type ‘[01m[Kunsigned char [8][m[K’
[5.208s]   149 |     sendDataTemp[7] = calculate_crc8(sendDataTemp.[01;31m[Ksubstr[m[K(0, sendDataTemp.size() - 2));
[5.208s]       |                                                   [01;31m[K^~~~~~[m[K
[5.208s] [01m[K/home/jenter/package/work/src/yhs_can_control/src/yhs_can_control_node.cpp:149:74:[m[K [01;31m[Kerror: [m[Krequest for member ‘[01m[Ksize[m[K’ in ‘[01m[KsendDataTemp[m[K’, which is of non-class type ‘[01m[Kunsigned char [8][m[K’
[5.208s]   149 |     sendDataTemp[7] = calculate_crc8(sendDataTemp.substr(0, sendDataTemp.[01;31m[Ksize[m[K() - 2));
[5.208s]       |                                                                          [01;31m[K^~~~[m[K
[5.222s] [01m[K/home/jenter/package/work/src/yhs_can_control/src/yhs_can_control_node.cpp:149:23:[m[K [01;31m[Kerror: [m[K‘[01m[Kcalculate_crc8[m[K’ was not declared in this scope
[5.222s]   149 |     sendDataTemp[7] = [01;31m[Kcalculate_crc8[m[K(sendDataTemp.substr(0, sendDataTemp.size() - 2));
[5.222s]       |                       [01;31m[K^~~~~~~~~~~~~~[m[K
[5.224s] [01m[K/home/jenter/package/work/src/yhs_can_control/src/yhs_can_control_node.cpp:163:5:[m[K [01;31m[Kerror: [m[Kexpected primary-expression before ‘[01m[K}[m[K’ token
[5.224s]   163 |     [01;31m[K}[m[K
[5.224s]       |     [01;31m[K^[m[K
[5.224s] [01m[K/home/jenter/package/work/src/yhs_can_control/src/yhs_can_control_node.cpp:162:13:[m[K [01;31m[Kerror: [m[Kexpected ‘[01m[K;[m[K’ before ‘[01m[K}[m[K’ token
[5.225s]   162 |       return
[5.225s]       |             [01;31m[K^[m[K
[5.225s]       |             [32m[K;[m[K
[5.225s]   163 |     [32m[K}[m[K
[5.225s]       |     [32m[K~[m[K        
[5.225s] [01m[K/home/jenter/package/work/src/yhs_can_control/src/yhs_can_control_node.cpp:166:19:[m[K [01;31m[Kerror: [m[Kredeclaration of ‘[01m[Kunsigned char sendDataTemp [8][m[K’
[5.225s]   166 |     unsigned char [01;31m[KsendDataTemp[m[K[8] = {0};
[5.225s]       |                   [01;31m[K^~~~~~~~~~~~[m[K
[5.225s] [01m[K/home/jenter/package/work/src/yhs_can_control/src/yhs_can_control_node.cpp:141:19:[m[K [01;36m[Knote: [m[K‘[01m[Kunsigned char sendDataTemp [8][m[K’ previously declared here
[5.225s]   141 |     unsigned char [01;36m[KsendDataTemp[m[K[8] = {0};
[5.226s]       |                   [01;36m[K^~~~~~~~~~~~[m[K
[5.226s] [01m[K/home/jenter/package/work/src/yhs_can_control/src/yhs_can_control_node.cpp:178:51:[m[K [01;31m[Kerror: [m[Krequest for member ‘[01m[Ksubstr[m[K’ in ‘[01m[KsendDataTemp[m[K’, which is of non-class type ‘[01m[Kunsigned char [8][m[K’
[5.226s]   178 |     sendDataTemp[7] = calculate_crc8(sendDataTemp.[01;31m[Ksubstr[m[K(0, sendDataTemp.size() - 2));
[5.226s]       |                                                   [01;31m[K^~~~~~[m[K
[5.226s] [01m[K/home/jenter/package/work/src/yhs_can_control/src/yhs_can_control_node.cpp:178:74:[m[K [01;31m[Kerror: [m[Krequest for member ‘[01m[Ksize[m[K’ in ‘[01m[KsendDataTemp[m[K’, which is of non-class type ‘[01m[Kunsigned char [8][m[K’
[5.226s]   178 |     sendDataTemp[7] = calculate_crc8(sendDataTemp.substr(0, sendDataTemp.[01;31m[Ksize[m[K() - 2));
[5.226s]       |                                                                          [01;31m[K^~~~[m[K
[5.226s] [01m[K/home/jenter/package/work/src/yhs_can_control/src/yhs_can_control_node.cpp:180:15:[m[K [01;31m[Kerror: [m[Kredeclaration of ‘[01m[Kcan_frame send_frame[m[K’
[5.226s]   180 |     can_frame [01;31m[Ksend_frame[m[K;
[5.227s]       |               [01;31m[K^~~~~~~~~~[m[K
[5.227s] [01m[K/home/jenter/package/work/src/yhs_can_control/src/yhs_can_control_node.cpp:151:15:[m[K [01;36m[Knote: [m[K‘[01m[Kcan_frame send_frame[m[K’ previously declared here
[5.227s]   151 |     can_frame [01;36m[Ksend_frame[m[K;
[5.227s]       |               [01;36m[K^~~~~~~~~~[m[K
[5.227s] [01m[K/home/jenter/package/work/src/yhs_can_control/src/yhs_can_control_node.cpp:186:9:[m[K [01;31m[Kerror: [m[Kredeclaration of ‘[01m[Kint ret[m[K’
[5.227s]   186 |     int [01;31m[Kret[m[K = write(can_socket_, &send_frame, sizeof(send_frame));
[5.227s]       |         [01;31m[K^~~[m[K
[5.227s] [01m[K/home/jenter/package/work/src/yhs_can_control/src/yhs_can_control_node.cpp:157:9:[m[K [01;36m[Knote: [m[K‘[01m[Kint ret[m[K’ previously declared here
[5.227s]   157 |     int [01;36m[Kret[m[K = write(can_socket_, &send_frame, sizeof(send_frame));
[5.228s]       |         [01;36m[K^~~[m[K
[5.228s] [01m[K/home/jenter/package/work/src/yhs_can_control/src/yhs_can_control_node.cpp:138:25:[m[K [01;35m[Kwarning: [m[Kunused variable ‘[01m[Kgear[m[K’ [[01;35m[K]8;;https://gcc.gnu.org/onlinedocs/gcc/Warning-Options.html#index-Wunused-variable-Wunused-variable]8;;[m[K]
[5.228s]   138 |     const unsigned char [01;35m[Kgear[m[K = msg.ctrl_cmd_gear;
[5.228s]       |                         [01;35m[K^~~~[m[K
[5.242s] [01m[K/home/jenter/package/work/src/yhs_can_control/src/yhs_can_control_node.cpp:[m[K In member function ‘[01m[Kvoid yhs::CanControl::can_data_recv_callback()[m[K’:
[5.242s] [01m[K/home/jenter/package/work/src/yhs_can_control/src/yhs_can_control_node.cpp:234:14:[m[K [01;31m[Kerror: [m[K‘[01m[Kparse_CRC8[m[K’ was not declared in this scope
[5.243s]   234 |         if (![01;31m[Kparse_CRC8[m[K(recv_frame.data)) continue;
[5.243s]       |              [01;31m[K^~~~~~~~~~[m[K
[5.244s] [01m[K/home/jenter/package/work/src/yhs_can_control/src/yhs_can_control_node.cpp:267:15:[m[K [01;31m[Kerror: [m[K‘[01m[Kusing SteeringCtrlFb = struct yhs_can_interfaces::msg::SteeringCtrlFb_<std::allocator<void> >[m[K’ {aka ‘[01m[Kstruct yhs_can_interfaces::msg::SteeringCtrlFb_<std::allocator<void> >[m[K’} has no member named ‘[01m[Ksteering_ctrl_rf_speed[m[K’; did you mean ‘[01m[Ksteering_ctrl_fb_gear[m[K’?
[5.244s]   267 |           msg.[01;31m[Ksteering_ctrl_rf_speed[m[K = static_cast<float>(static_cast<short>(recv_frame.data[1] << 8 | recv_frame.data[0])) / 10;
[5.244s]       |               [01;31m[K^~~~~~~~~~~~~~~~~~~~~~[m[K
[5.245s]       |               [32m[Ksteering_ctrl_fb_gear[m[K
[5.245s] [01m[K/home/jenter/package/work/src/yhs_can_control/src/yhs_can_control_node.cpp:269:15:[m[K [01;31m[Kerror: [m[K‘[01m[Kusing SteeringCtrlFb = struct yhs_can_interfaces::msg::SteeringCtrlFb_<std::allocator<void> >[m[K’ {aka ‘[01m[Kstruct yhs_can_interfaces::msg::SteeringCtrlFb_<std::allocator<void> >[m[K’} has no member named ‘[01m[Ksteering_ctrl_lr_speed[m[K’; did you mean ‘[01m[Ksteering_ctrl_fb_gear[m[K’?
[5.245s]   269 |           msg.[01;31m[Ksteering_ctrl_lr_speed[m[K = static_cast<float>(static_cast<short>(recv_frame.data[3] << 8 | recv_frame.data[2])) / 10;
[5.245s]       |               [01;31m[K^~~~~~~~~~~~~~~~~~~~~~[m[K
[5.245s]       |               [32m[Ksteering_ctrl_fb_gear[m[K
[5.245s] [01m[K/home/jenter/package/work/src/yhs_can_control/src/yhs_can_control_node.cpp:271:15:[m[K [01;31m[Kerror: [m[K‘[01m[Kusing SteeringCtrlFb = struct yhs_can_interfaces::msg::SteeringCtrlFb_<std::allocator<void> >[m[K’ {aka ‘[01m[Kstruct yhs_can_interfaces::msg::SteeringCtrlFb_<std::allocator<void> >[m[K’} has no member named ‘[01m[Ksteering_ctrl_cmd_angle[m[K’; did you mean ‘[01m[Ksteering_ctrl_fb_gear[m[K’?
[5.245s]   271 |           msg.[01;31m[Ksteering_ctrl_cmd_angle[m[K = static_cast<float>(static_cast<short>(recv_frame.data[3]  << 8 | recv_frame.data[2])) / 10;
[5.245s]       |               [01;31m[K^~~~~~~~~~~~~~~~~~~~~~~[m[K
[5.245s]       |               [32m[Ksteering_ctrl_fb_gear[m[K
[5.246s] [01m[K/home/jenter/package/work/src/yhs_can_control/src/yhs_can_control_node.cpp:276:28:[m[K [01;31m[Kerror: [m[K‘[01m[Kusing SteeringCtrlFb = struct yhs_can_interfaces::msg::SteeringCtrlFb_<std::allocator<void> >[m[K’ {aka ‘[01m[Kstruct yhs_can_interfaces::msg::SteeringCtrlFb_<std::allocator<void> >[m[K’} has no member named ‘[01m[Ksteering_ctrl_lr_speed[m[K’; did you mean ‘[01m[Ksteering_ctrl_fb_gear[m[K’?
[5.246s]   276 |           publish_odom(msg.[01;31m[Ksteering_ctrl_lr_speed[m[K, msg.steering_ctrl_cmd_angle / 180 * 3.14);
[5.246s]       |                            [01;31m[K^~~~~~~~~~~~~~~~~~~~~~[m[K
[5.246s]       |                            [32m[Ksteering_ctrl_fb_gear[m[K
[5.246s] [01m[K/home/jenter/package/work/src/yhs_can_control/src/yhs_can_control_node.cpp:276:56:[m[K [01;31m[Kerror: [m[K‘[01m[Kusing SteeringCtrlFb = struct yhs_can_interfaces::msg::SteeringCtrlFb_<std::allocator<void> >[m[K’ {aka ‘[01m[Kstruct yhs_can_interfaces::msg::SteeringCtrlFb_<std::allocator<void> >[m[K’} has no member named ‘[01m[Ksteering_ctrl_cmd_angle[m[K’; did you mean ‘[01m[Ksteering_ctrl_fb_gear[m[K’?
[5.246s]   276 |           publish_odom(msg.steering_ctrl_lr_speed, msg.[01;31m[Ksteering_ctrl_cmd_angle[m[K / 180 * 3.14);
[5.246s]       |                                                        [01;31m[K^~~~~~~~~~~~~~~~~~~~~~~[m[K
[5.246s]       |                                                        [32m[Ksteering_ctrl_fb_gear[m[K
[10.296s] gmake[2]: *** [CMakeFiles/yhs_can_control_node.dir/build.make:76: CMakeFiles/yhs_can_control_node.dir/src/yhs_can_control_node.cpp.o] Error 1
[10.297s] gmake[1]: *** [CMakeFiles/Makefile2:137: CMakeFiles/yhs_can_control_node.dir/all] Error 2
[10.297s] gmake: *** [Makefile:146: all] Error 2
[10.300s] Invoked command in '/home/jenter/package/work/build/yhs_can_control' returned '2': AMENT_PREFIX_PATH=/home/jenter/package/work/install/yhs_can_interfaces:${AMENT_PREFIX_PATH} CMAKE_PREFIX_PATH=/home/jenter/package/work/install/yhs_can_interfaces:/opt/ros/humble LD_LIBRARY_PATH=/home/jenter/package/work/install/yhs_can_interfaces/lib:${LD_LIBRARY_PATH} PYTHONPATH=/home/jenter/package/work/install/yhs_can_interfaces/local/lib/python3.10/dist-packages:${PYTHONPATH} /usr/bin/cmake --build /home/jenter/package/work/build/yhs_can_control -- -j4 -l4
