[0.261s] DEBUG:colcon:Command line arguments: ['/usr/bin/colcon', 'build', '--packages-select', 'yhs_can_control']
[0.261s] DEBUG:colcon:Parsed command line arguments: Namespace(log_base=None, log_level=None, verb_name='build', build_base='build', install_base='install', merge_install=False, symlink_install=False, test_result_base=None, continue_on_error=False, executor='parallel', parallel_workers=4, event_handlers=None, ignore_user_meta=False, metas=['./colcon.meta'], base_paths=['.'], packages_ignore=None, packages_ignore_regex=None, paths=None, packages_up_to=None, packages_up_to_regex=None, packages_above=None, packages_above_and_dependencies=None, packages_above_depth=None, packages_select_by_dep=None, packages_skip_by_dep=None, packages_skip_up_to=None, packages_select_build_failed=False, packages_skip_build_finished=False, packages_select_test_failures=False, packages_skip_test_passed=False, packages_select=['yhs_can_control'], packages_skip=None, packages_select_regex=None, packages_skip_regex=None, packages_start=None, packages_end=None, allow_overriding=[], cmake_args=None, cmake_target=None, cmake_target_skip_unavailable=False, cmake_clean_cache=False, cmake_clean_first=False, cmake_force_configure=False, ament_cmake_args=None, catkin_cmake_args=None, catkin_skip_building_tests=False, verb_parser=<colcon_defaults.argument_parser.defaults.DefaultArgumentsDecorator object at 0x7fa35333b0a0>, verb_extension=<colcon_core.verb.build.BuildVerb object at 0x7fa3535709a0>, main=<bound method BuildVerb.main of <colcon_core.verb.build.BuildVerb object at 0x7fa3535709a0>>)
[0.706s] Level 1:colcon.colcon_core.package_discovery:discover_packages(colcon_meta) check parameters
[0.706s] Level 1:colcon.colcon_core.package_discovery:discover_packages(recursive) check parameters
[0.706s] Level 1:colcon.colcon_core.package_discovery:discover_packages(ignore) check parameters
[0.706s] Level 1:colcon.colcon_core.package_discovery:discover_packages(path) check parameters
[0.706s] Level 1:colcon.colcon_core.package_discovery:discover_packages(colcon_meta) discover
[0.707s] Level 1:colcon.colcon_core.package_discovery:discover_packages(recursive) discover
[0.707s] INFO:colcon.colcon_core.package_discovery:Crawling recursively for packages in '/home/jenter/package/work'
[0.707s] Level 1:colcon.colcon_core.package_identification:_identify(.) by extensions ['ignore', 'ignore_ament_install']
[0.707s] Level 1:colcon.colcon_core.package_identification:_identify(.) by extension 'ignore'
[0.707s] Level 1:colcon.colcon_core.package_identification:_identify(.) by extension 'ignore_ament_install'
[0.707s] Level 1:colcon.colcon_core.package_identification:_identify(.) by extensions ['colcon_pkg']
[0.708s] Level 1:colcon.colcon_core.package_identification:_identify(.) by extension 'colcon_pkg'
[0.708s] Level 1:colcon.colcon_core.package_identification:_identify(.) by extensions ['colcon_meta']
[0.708s] Level 1:colcon.colcon_core.package_identification:_identify(.) by extension 'colcon_meta'
[0.708s] Level 1:colcon.colcon_core.package_identification:_identify(.) by extensions ['ros']
[0.708s] Level 1:colcon.colcon_core.package_identification:_identify(.) by extension 'ros'
[0.734s] Level 1:colcon.colcon_core.package_identification:_identify(.) by extensions ['cmake', 'python']
[0.734s] Level 1:colcon.colcon_core.package_identification:_identify(.) by extension 'cmake'
[0.734s] Level 1:colcon.colcon_core.package_identification:_identify(.) by extension 'python'
[0.734s] Level 1:colcon.colcon_core.package_identification:_identify(.) by extensions ['python_setup_py']
[0.734s] Level 1:colcon.colcon_core.package_identification:_identify(.) by extension 'python_setup_py'
[0.734s] Level 1:colcon.colcon_core.package_identification:_identify(build) by extensions ['ignore', 'ignore_ament_install']
[0.734s] Level 1:colcon.colcon_core.package_identification:_identify(build) by extension 'ignore'
[0.735s] Level 1:colcon.colcon_core.package_identification:_identify(build) ignored
[0.735s] Level 1:colcon.colcon_core.package_identification:_identify(install) by extensions ['ignore', 'ignore_ament_install']
[0.735s] Level 1:colcon.colcon_core.package_identification:_identify(install) by extension 'ignore'
[0.735s] Level 1:colcon.colcon_core.package_identification:_identify(install) ignored
[0.735s] Level 1:colcon.colcon_core.package_identification:_identify(log) by extensions ['ignore', 'ignore_ament_install']
[0.735s] Level 1:colcon.colcon_core.package_identification:_identify(log) by extension 'ignore'
[0.735s] Level 1:colcon.colcon_core.package_identification:_identify(log) ignored
[0.735s] Level 1:colcon.colcon_core.package_identification:_identify(src) by extensions ['ignore', 'ignore_ament_install']
[0.735s] Level 1:colcon.colcon_core.package_identification:_identify(src) by extension 'ignore'
[0.736s] Level 1:colcon.colcon_core.package_identification:_identify(src) by extension 'ignore_ament_install'
[0.736s] Level 1:colcon.colcon_core.package_identification:_identify(src) by extensions ['colcon_pkg']
[0.736s] Level 1:colcon.colcon_core.package_identification:_identify(src) by extension 'colcon_pkg'
[0.736s] Level 1:colcon.colcon_core.package_identification:_identify(src) by extensions ['colcon_meta']
[0.736s] Level 1:colcon.colcon_core.package_identification:_identify(src) by extension 'colcon_meta'
[0.736s] Level 1:colcon.colcon_core.package_identification:_identify(src) by extensions ['ros']
[0.736s] Level 1:colcon.colcon_core.package_identification:_identify(src) by extension 'ros'
[0.736s] Level 1:colcon.colcon_core.package_identification:_identify(src) by extensions ['cmake', 'python']
[0.736s] Level 1:colcon.colcon_core.package_identification:_identify(src) by extension 'cmake'
[0.736s] Level 1:colcon.colcon_core.package_identification:_identify(src) by extension 'python'
[0.736s] Level 1:colcon.colcon_core.package_identification:_identify(src) by extensions ['python_setup_py']
[0.736s] Level 1:colcon.colcon_core.package_identification:_identify(src) by extension 'python_setup_py'
[0.737s] Level 1:colcon.colcon_core.package_identification:_identify(src/bluesea-ros2) by extensions ['ignore', 'ignore_ament_install']
[0.737s] Level 1:colcon.colcon_core.package_identification:_identify(src/bluesea-ros2) by extension 'ignore'
[0.737s] Level 1:colcon.colcon_core.package_identification:_identify(src/bluesea-ros2) by extension 'ignore_ament_install'
[0.737s] Level 1:colcon.colcon_core.package_identification:_identify(src/bluesea-ros2) by extensions ['colcon_pkg']
[0.737s] Level 1:colcon.colcon_core.package_identification:_identify(src/bluesea-ros2) by extension 'colcon_pkg'
[0.737s] Level 1:colcon.colcon_core.package_identification:_identify(src/bluesea-ros2) by extensions ['colcon_meta']
[0.737s] Level 1:colcon.colcon_core.package_identification:_identify(src/bluesea-ros2) by extension 'colcon_meta'
[0.737s] Level 1:colcon.colcon_core.package_identification:_identify(src/bluesea-ros2) by extensions ['ros']
[0.737s] Level 1:colcon.colcon_core.package_identification:_identify(src/bluesea-ros2) by extension 'ros'
[0.743s] DEBUG:colcon.colcon_core.package_identification:Package 'src/bluesea-ros2' with type 'ros.ament_cmake' and name 'bluesea2'
[0.743s] Level 1:colcon.colcon_core.package_identification:_identify(src/serial_ros2) by extensions ['ignore', 'ignore_ament_install']
[0.744s] Level 1:colcon.colcon_core.package_identification:_identify(src/serial_ros2) by extension 'ignore'
[0.744s] Level 1:colcon.colcon_core.package_identification:_identify(src/serial_ros2) by extension 'ignore_ament_install'
[0.744s] Level 1:colcon.colcon_core.package_identification:_identify(src/serial_ros2) by extensions ['colcon_pkg']
[0.744s] Level 1:colcon.colcon_core.package_identification:_identify(src/serial_ros2) by extension 'colcon_pkg'
[0.744s] Level 1:colcon.colcon_core.package_identification:_identify(src/serial_ros2) by extensions ['colcon_meta']
[0.744s] Level 1:colcon.colcon_core.package_identification:_identify(src/serial_ros2) by extension 'colcon_meta'
[0.744s] Level 1:colcon.colcon_core.package_identification:_identify(src/serial_ros2) by extensions ['ros']
[0.744s] Level 1:colcon.colcon_core.package_identification:_identify(src/serial_ros2) by extension 'ros'
[0.746s] DEBUG:colcon.colcon_core.package_identification:Package 'src/serial_ros2' with type 'ros.ament_cmake' and name 'serial'
[0.746s] Level 1:colcon.colcon_core.package_identification:_identify(src/yesense_ros2) by extensions ['ignore', 'ignore_ament_install']
[0.746s] Level 1:colcon.colcon_core.package_identification:_identify(src/yesense_ros2) by extension 'ignore'
[0.746s] Level 1:colcon.colcon_core.package_identification:_identify(src/yesense_ros2) by extension 'ignore_ament_install'
[0.747s] Level 1:colcon.colcon_core.package_identification:_identify(src/yesense_ros2) by extensions ['colcon_pkg']
[0.747s] Level 1:colcon.colcon_core.package_identification:_identify(src/yesense_ros2) by extension 'colcon_pkg'
[0.747s] Level 1:colcon.colcon_core.package_identification:_identify(src/yesense_ros2) by extensions ['colcon_meta']
[0.747s] Level 1:colcon.colcon_core.package_identification:_identify(src/yesense_ros2) by extension 'colcon_meta'
[0.747s] Level 1:colcon.colcon_core.package_identification:_identify(src/yesense_ros2) by extensions ['ros']
[0.747s] Level 1:colcon.colcon_core.package_identification:_identify(src/yesense_ros2) by extension 'ros'
[0.747s] Level 1:colcon.colcon_core.package_identification:_identify(src/yesense_ros2) by extensions ['cmake', 'python']
[0.747s] Level 1:colcon.colcon_core.package_identification:_identify(src/yesense_ros2) by extension 'cmake'
[0.747s] Level 1:colcon.colcon_core.package_identification:_identify(src/yesense_ros2) by extension 'python'
[0.747s] Level 1:colcon.colcon_core.package_identification:_identify(src/yesense_ros2) by extensions ['python_setup_py']
[0.747s] Level 1:colcon.colcon_core.package_identification:_identify(src/yesense_ros2) by extension 'python_setup_py'
[0.748s] Level 1:colcon.colcon_core.package_identification:_identify(src/yesense_ros2/yesense_interface) by extensions ['ignore', 'ignore_ament_install']
[0.748s] Level 1:colcon.colcon_core.package_identification:_identify(src/yesense_ros2/yesense_interface) by extension 'ignore'
[0.748s] Level 1:colcon.colcon_core.package_identification:_identify(src/yesense_ros2/yesense_interface) by extension 'ignore_ament_install'
[0.748s] Level 1:colcon.colcon_core.package_identification:_identify(src/yesense_ros2/yesense_interface) by extensions ['colcon_pkg']
[0.748s] Level 1:colcon.colcon_core.package_identification:_identify(src/yesense_ros2/yesense_interface) by extension 'colcon_pkg'
[0.748s] Level 1:colcon.colcon_core.package_identification:_identify(src/yesense_ros2/yesense_interface) by extensions ['colcon_meta']
[0.748s] Level 1:colcon.colcon_core.package_identification:_identify(src/yesense_ros2/yesense_interface) by extension 'colcon_meta'
[0.749s] Level 1:colcon.colcon_core.package_identification:_identify(src/yesense_ros2/yesense_interface) by extensions ['ros']
[0.749s] Level 1:colcon.colcon_core.package_identification:_identify(src/yesense_ros2/yesense_interface) by extension 'ros'
[0.750s] DEBUG:colcon.colcon_core.package_identification:Package 'src/yesense_ros2/yesense_interface' with type 'ros.ament_cmake' and name 'yesense_interface'
[0.751s] Level 1:colcon.colcon_core.package_identification:_identify(src/yesense_ros2/yesense_std_ros2) by extensions ['ignore', 'ignore_ament_install']
[0.751s] Level 1:colcon.colcon_core.package_identification:_identify(src/yesense_ros2/yesense_std_ros2) by extension 'ignore'
[0.751s] Level 1:colcon.colcon_core.package_identification:_identify(src/yesense_ros2/yesense_std_ros2) by extension 'ignore_ament_install'
[0.751s] Level 1:colcon.colcon_core.package_identification:_identify(src/yesense_ros2/yesense_std_ros2) by extensions ['colcon_pkg']
[0.751s] Level 1:colcon.colcon_core.package_identification:_identify(src/yesense_ros2/yesense_std_ros2) by extension 'colcon_pkg'
[0.751s] Level 1:colcon.colcon_core.package_identification:_identify(src/yesense_ros2/yesense_std_ros2) by extensions ['colcon_meta']
[0.751s] Level 1:colcon.colcon_core.package_identification:_identify(src/yesense_ros2/yesense_std_ros2) by extension 'colcon_meta'
[0.752s] Level 1:colcon.colcon_core.package_identification:_identify(src/yesense_ros2/yesense_std_ros2) by extensions ['ros']
[0.752s] Level 1:colcon.colcon_core.package_identification:_identify(src/yesense_ros2/yesense_std_ros2) by extension 'ros'
[0.754s] DEBUG:colcon.colcon_core.package_identification:Package 'src/yesense_ros2/yesense_std_ros2' with type 'ros.ament_cmake' and name 'yesense_std_ros2'
[0.754s] Level 1:colcon.colcon_core.package_identification:_identify(src/yhs_can_control) by extensions ['ignore', 'ignore_ament_install']
[0.755s] Level 1:colcon.colcon_core.package_identification:_identify(src/yhs_can_control) by extension 'ignore'
[0.755s] Level 1:colcon.colcon_core.package_identification:_identify(src/yhs_can_control) by extension 'ignore_ament_install'
[0.755s] Level 1:colcon.colcon_core.package_identification:_identify(src/yhs_can_control) by extensions ['colcon_pkg']
[0.755s] Level 1:colcon.colcon_core.package_identification:_identify(src/yhs_can_control) by extension 'colcon_pkg'
[0.755s] Level 1:colcon.colcon_core.package_identification:_identify(src/yhs_can_control) by extensions ['colcon_meta']
[0.755s] Level 1:colcon.colcon_core.package_identification:_identify(src/yhs_can_control) by extension 'colcon_meta'
[0.755s] Level 1:colcon.colcon_core.package_identification:_identify(src/yhs_can_control) by extensions ['ros']
[0.755s] Level 1:colcon.colcon_core.package_identification:_identify(src/yhs_can_control) by extension 'ros'
[0.757s] DEBUG:colcon.colcon_core.package_identification:Package 'src/yhs_can_control' with type 'ros.ament_cmake' and name 'yhs_can_control'
[0.758s] Level 1:colcon.colcon_core.package_identification:_identify(src/yhs_can_interfaces) by extensions ['ignore', 'ignore_ament_install']
[0.758s] Level 1:colcon.colcon_core.package_identification:_identify(src/yhs_can_interfaces) by extension 'ignore'
[0.758s] Level 1:colcon.colcon_core.package_identification:_identify(src/yhs_can_interfaces) by extension 'ignore_ament_install'
[0.758s] Level 1:colcon.colcon_core.package_identification:_identify(src/yhs_can_interfaces) by extensions ['colcon_pkg']
[0.758s] Level 1:colcon.colcon_core.package_identification:_identify(src/yhs_can_interfaces) by extension 'colcon_pkg'
[0.758s] Level 1:colcon.colcon_core.package_identification:_identify(src/yhs_can_interfaces) by extensions ['colcon_meta']
[0.758s] Level 1:colcon.colcon_core.package_identification:_identify(src/yhs_can_interfaces) by extension 'colcon_meta'
[0.758s] Level 1:colcon.colcon_core.package_identification:_identify(src/yhs_can_interfaces) by extensions ['ros']
[0.758s] Level 1:colcon.colcon_core.package_identification:_identify(src/yhs_can_interfaces) by extension 'ros'
[0.760s] DEBUG:colcon.colcon_core.package_identification:Package 'src/yhs_can_interfaces' with type 'ros.ament_cmake' and name 'yhs_can_interfaces'
[0.760s] Level 1:colcon.colcon_core.package_discovery:discover_packages(recursive) using defaults
[0.760s] Level 1:colcon.colcon_core.package_discovery:discover_packages(ignore) discover
[0.760s] Level 1:colcon.colcon_core.package_discovery:discover_packages(ignore) using defaults
[0.760s] Level 1:colcon.colcon_core.package_discovery:discover_packages(path) discover
[0.760s] Level 1:colcon.colcon_core.package_discovery:discover_packages(path) using defaults
[0.801s] INFO:colcon.colcon_core.package_selection:Skipping not selected package 'bluesea2' in 'src/bluesea-ros2'
[0.801s] INFO:colcon.colcon_core.package_selection:Skipping not selected package 'serial' in 'src/serial_ros2'
[0.801s] INFO:colcon.colcon_core.package_selection:Skipping not selected package 'yesense_interface' in 'src/yesense_ros2/yesense_interface'
[0.801s] INFO:colcon.colcon_core.package_selection:Skipping not selected package 'yhs_can_interfaces' in 'src/yhs_can_interfaces'
[0.801s] INFO:colcon.colcon_core.package_selection:Skipping not selected package 'yesense_std_ros2' in 'src/yesense_ros2/yesense_std_ros2'
[0.802s] Level 1:colcon.colcon_core.package_discovery:discover_packages(prefix_path) check parameters
[0.802s] Level 1:colcon.colcon_core.package_discovery:discover_packages(prefix_path) discover
[0.807s] DEBUG:colcon.colcon_installed_package_information.package_discovery:Found 6 installed packages in /home/jenter/package/work/install
[0.810s] DEBUG:colcon.colcon_installed_package_information.package_discovery:Found 272 installed packages in /opt/ros/humble
[0.828s] Level 1:colcon.colcon_core.package_discovery:discover_packages(prefix_path) using defaults
[0.892s] Level 5:colcon.colcon_core.verb:set package 'yhs_can_control' build argument 'cmake_args' from command line to 'None'
[0.892s] Level 5:colcon.colcon_core.verb:set package 'yhs_can_control' build argument 'cmake_target' from command line to 'None'
[0.893s] Level 5:colcon.colcon_core.verb:set package 'yhs_can_control' build argument 'cmake_target_skip_unavailable' from command line to 'False'
[0.893s] Level 5:colcon.colcon_core.verb:set package 'yhs_can_control' build argument 'cmake_clean_cache' from command line to 'False'
[0.893s] Level 5:colcon.colcon_core.verb:set package 'yhs_can_control' build argument 'cmake_clean_first' from command line to 'False'
[0.893s] Level 5:colcon.colcon_core.verb:set package 'yhs_can_control' build argument 'cmake_force_configure' from command line to 'False'
[0.893s] Level 5:colcon.colcon_core.verb:set package 'yhs_can_control' build argument 'ament_cmake_args' from command line to 'None'
[0.893s] Level 5:colcon.colcon_core.verb:set package 'yhs_can_control' build argument 'catkin_cmake_args' from command line to 'None'
[0.893s] Level 5:colcon.colcon_core.verb:set package 'yhs_can_control' build argument 'catkin_skip_building_tests' from command line to 'False'
[0.893s] DEBUG:colcon.colcon_core.verb:Building package 'yhs_can_control' with the following arguments: {'ament_cmake_args': None, 'build_base': '/home/jenter/package/work/build/yhs_can_control', 'catkin_cmake_args': None, 'catkin_skip_building_tests': False, 'cmake_args': None, 'cmake_clean_cache': False, 'cmake_clean_first': False, 'cmake_force_configure': False, 'cmake_target': None, 'cmake_target_skip_unavailable': False, 'install_base': '/home/jenter/package/work/install/yhs_can_control', 'merge_install': False, 'path': '/home/jenter/package/work/src/yhs_can_control', 'symlink_install': False, 'test_result_base': None}
[0.893s] INFO:colcon.colcon_core.executor:Executing jobs using 'parallel' executor
[0.894s] DEBUG:colcon.colcon_parallel_executor.executor.parallel:run_until_complete
[0.895s] INFO:colcon.colcon_ros.task.ament_cmake.build:Building ROS package in '/home/jenter/package/work/src/yhs_can_control' with build type 'ament_cmake'
[0.895s] INFO:colcon.colcon_cmake.task.cmake.build:Building CMake package in '/home/jenter/package/work/src/yhs_can_control'
[0.902s] INFO:colcon.colcon_core.plugin_system:Skipping extension 'colcon_core.shell.bat': Not used on non-Windows systems
[0.902s] INFO:colcon.colcon_core.shell:Skip shell extension 'powershell' for command environment: Not usable outside of PowerShell
[0.902s] DEBUG:colcon.colcon_core.shell:Skip shell extension 'dsv' for command environment
[0.925s] DEBUG:colcon.colcon_core.event_handler.log_command:Invoking command in '/home/jenter/package/work/build/yhs_can_control': CMAKE_PREFIX_PATH=/home/jenter/package/work/install/yhs_can_interfaces:/home/jenter/package/work/install/yhs_can_control:/home/jenter/package/work/install/yesense_std_ros2:/home/jenter/package/work/install/yesense_interface:/home/jenter/package/work/install/serial:/home/jenter/package/work/install/bluesea2:/opt/ros/humble /usr/bin/cmake --build /home/jenter/package/work/build/yhs_can_control -- -j4 -l4
[20.157s] DEBUG:colcon.colcon_core.event_handler.log_command:Invoked command in '/home/jenter/package/work/build/yhs_can_control' returned '0': CMAKE_PREFIX_PATH=/home/jenter/package/work/install/yhs_can_interfaces:/home/jenter/package/work/install/yhs_can_control:/home/jenter/package/work/install/yesense_std_ros2:/home/jenter/package/work/install/yesense_interface:/home/jenter/package/work/install/serial:/home/jenter/package/work/install/bluesea2:/opt/ros/humble /usr/bin/cmake --build /home/jenter/package/work/build/yhs_can_control -- -j4 -l4
[20.171s] DEBUG:colcon.colcon_core.event_handler.log_command:Invoking command in '/home/jenter/package/work/build/yhs_can_control': CMAKE_PREFIX_PATH=/home/jenter/package/work/install/yhs_can_interfaces:/home/jenter/package/work/install/yhs_can_control:/home/jenter/package/work/install/yesense_std_ros2:/home/jenter/package/work/install/yesense_interface:/home/jenter/package/work/install/serial:/home/jenter/package/work/install/bluesea2:/opt/ros/humble /usr/bin/cmake --install /home/jenter/package/work/build/yhs_can_control
[20.195s] Level 1:colcon.colcon_core.environment:create_environment_scripts_only(yhs_can_control)
[20.195s] DEBUG:colcon.colcon_core.event_handler.log_command:Invoked command in '/home/jenter/package/work/build/yhs_can_control' returned '0': CMAKE_PREFIX_PATH=/home/jenter/package/work/install/yhs_can_interfaces:/home/jenter/package/work/install/yhs_can_control:/home/jenter/package/work/install/yesense_std_ros2:/home/jenter/package/work/install/yesense_interface:/home/jenter/package/work/install/serial:/home/jenter/package/work/install/bluesea2:/opt/ros/humble /usr/bin/cmake --install /home/jenter/package/work/build/yhs_can_control
[20.205s] Level 1:colcon.colcon_core.environment:checking '/home/jenter/package/work/install/yhs_can_control' for CMake module files
[20.206s] Level 1:colcon.colcon_core.environment:checking '/home/jenter/package/work/install/yhs_can_control' for CMake config files
[20.207s] Level 1:colcon.colcon_core.shell:create_environment_hook('yhs_can_control', 'cmake_prefix_path')
[20.207s] INFO:colcon.colcon_core.shell:Creating environment hook '/home/jenter/package/work/install/yhs_can_control/share/yhs_can_control/hook/cmake_prefix_path.ps1'
[20.209s] INFO:colcon.colcon_core.shell:Creating environment descriptor '/home/jenter/package/work/install/yhs_can_control/share/yhs_can_control/hook/cmake_prefix_path.dsv'
[20.212s] INFO:colcon.colcon_core.shell:Creating environment hook '/home/jenter/package/work/install/yhs_can_control/share/yhs_can_control/hook/cmake_prefix_path.sh'
[20.214s] Level 1:colcon.colcon_core.environment:checking '/home/jenter/package/work/install/yhs_can_control/lib'
[20.214s] Level 1:colcon.colcon_core.environment:checking '/home/jenter/package/work/install/yhs_can_control/bin'
[20.215s] Level 1:colcon.colcon_core.environment:checking '/home/jenter/package/work/install/yhs_can_control/lib/pkgconfig/yhs_can_control.pc'
[20.215s] Level 1:colcon.colcon_core.environment:checking '/home/jenter/package/work/install/yhs_can_control/lib/python3.10/site-packages'
[20.216s] Level 1:colcon.colcon_core.environment:checking '/home/jenter/package/work/install/yhs_can_control/bin'
[20.216s] INFO:colcon.colcon_core.shell:Creating package script '/home/jenter/package/work/install/yhs_can_control/share/yhs_can_control/package.ps1'
[20.218s] INFO:colcon.colcon_core.shell:Creating package descriptor '/home/jenter/package/work/install/yhs_can_control/share/yhs_can_control/package.dsv'
[20.219s] INFO:colcon.colcon_core.shell:Creating package script '/home/jenter/package/work/install/yhs_can_control/share/yhs_can_control/package.sh'
[20.221s] INFO:colcon.colcon_core.shell:Creating package script '/home/jenter/package/work/install/yhs_can_control/share/yhs_can_control/package.bash'
[20.224s] INFO:colcon.colcon_core.shell:Creating package script '/home/jenter/package/work/install/yhs_can_control/share/yhs_can_control/package.zsh'
[20.226s] Level 1:colcon.colcon_core.environment:create_file_with_runtime_dependencies(/home/jenter/package/work/install/yhs_can_control/share/colcon-core/packages/yhs_can_control)
[20.227s] Level 1:colcon.colcon_core.environment:create_environment_scripts_only(yhs_can_control)
[20.228s] Level 1:colcon.colcon_core.environment:checking '/home/jenter/package/work/install/yhs_can_control' for CMake module files
[20.229s] Level 1:colcon.colcon_core.environment:checking '/home/jenter/package/work/install/yhs_can_control' for CMake config files
[20.229s] Level 1:colcon.colcon_core.shell:create_environment_hook('yhs_can_control', 'cmake_prefix_path')
[20.230s] INFO:colcon.colcon_core.shell:Creating environment hook '/home/jenter/package/work/install/yhs_can_control/share/yhs_can_control/hook/cmake_prefix_path.ps1'
[20.231s] INFO:colcon.colcon_core.shell:Creating environment descriptor '/home/jenter/package/work/install/yhs_can_control/share/yhs_can_control/hook/cmake_prefix_path.dsv'
[20.231s] INFO:colcon.colcon_core.shell:Creating environment hook '/home/jenter/package/work/install/yhs_can_control/share/yhs_can_control/hook/cmake_prefix_path.sh'
[20.232s] Level 1:colcon.colcon_core.environment:checking '/home/jenter/package/work/install/yhs_can_control/lib'
[20.232s] Level 1:colcon.colcon_core.environment:checking '/home/jenter/package/work/install/yhs_can_control/bin'
[20.232s] Level 1:colcon.colcon_core.environment:checking '/home/jenter/package/work/install/yhs_can_control/lib/pkgconfig/yhs_can_control.pc'
[20.233s] Level 1:colcon.colcon_core.environment:checking '/home/jenter/package/work/install/yhs_can_control/lib/python3.10/site-packages'
[20.233s] Level 1:colcon.colcon_core.environment:checking '/home/jenter/package/work/install/yhs_can_control/bin'
[20.233s] INFO:colcon.colcon_core.shell:Creating package script '/home/jenter/package/work/install/yhs_can_control/share/yhs_can_control/package.ps1'
[20.234s] INFO:colcon.colcon_core.shell:Creating package descriptor '/home/jenter/package/work/install/yhs_can_control/share/yhs_can_control/package.dsv'
[20.235s] INFO:colcon.colcon_core.shell:Creating package script '/home/jenter/package/work/install/yhs_can_control/share/yhs_can_control/package.sh'
[20.236s] INFO:colcon.colcon_core.shell:Creating package script '/home/jenter/package/work/install/yhs_can_control/share/yhs_can_control/package.bash'
[20.236s] INFO:colcon.colcon_core.shell:Creating package script '/home/jenter/package/work/install/yhs_can_control/share/yhs_can_control/package.zsh'
[20.237s] Level 1:colcon.colcon_core.environment:create_file_with_runtime_dependencies(/home/jenter/package/work/install/yhs_can_control/share/colcon-core/packages/yhs_can_control)
[20.237s] DEBUG:colcon.colcon_parallel_executor.executor.parallel:closing loop
[20.237s] DEBUG:colcon.colcon_parallel_executor.executor.parallel:loop closed
[20.238s] DEBUG:colcon.colcon_parallel_executor.executor.parallel:run_until_complete finished with '0'
[20.238s] DEBUG:colcon.colcon_core.event_reactor:joining thread
[20.248s] INFO:colcon.colcon_core.plugin_system:Skipping extension 'colcon_notification.desktop_notification.terminal_notifier': Not used on non-Darwin systems
[20.248s] INFO:colcon.colcon_core.plugin_system:Skipping extension 'colcon_notification.desktop_notification.win32': Not used on non-Windows systems
[20.249s] INFO:colcon.colcon_notification.desktop_notification:Sending desktop notification using 'notify2'
[20.250s] DEBUG:colcon.colcon_notification.desktop_notification.notify2:Failed to initialize notify2: org.freedesktop.DBus.Error.ServiceUnknown: The name org.freedesktop.Notifications was not provided by any .service files
[20.250s] DEBUG:colcon.colcon_core.event_reactor:joined thread
[20.251s] INFO:colcon.colcon_core.shell:Creating prefix script '/home/jenter/package/work/install/local_setup.ps1'
[20.252s] INFO:colcon.colcon_core.shell:Creating prefix util module '/home/jenter/package/work/install/_local_setup_util_ps1.py'
[20.255s] INFO:colcon.colcon_core.shell:Creating prefix chain script '/home/jenter/package/work/install/setup.ps1'
[20.257s] INFO:colcon.colcon_core.shell:Creating prefix script '/home/jenter/package/work/install/local_setup.sh'
[20.259s] INFO:colcon.colcon_core.shell:Creating prefix util module '/home/jenter/package/work/install/_local_setup_util_sh.py'
[20.260s] INFO:colcon.colcon_core.shell:Creating prefix chain script '/home/jenter/package/work/install/setup.sh'
[20.263s] INFO:colcon.colcon_core.shell:Creating prefix script '/home/jenter/package/work/install/local_setup.bash'
[20.264s] INFO:colcon.colcon_core.shell:Creating prefix chain script '/home/jenter/package/work/install/setup.bash'
[20.266s] INFO:colcon.colcon_core.shell:Creating prefix script '/home/jenter/package/work/install/local_setup.zsh'
[20.268s] INFO:colcon.colcon_core.shell:Creating prefix chain script '/home/jenter/package/work/install/setup.zsh'
