[0.018s] Invoking command in '/home/jenter/package/work/build/yhs_can_control': CMAKE_PREFIX_PATH=/home/jenter/package/work/install/yhs_can_interfaces:/home/jenter/package/work/install/yhs_can_control:/home/jenter/package/work/install/yesense_std_ros2:/home/jenter/package/work/install/yesense_interface:/home/jenter/package/work/install/serial:/home/jenter/package/work/install/bluesea2:/opt/ros/humble /usr/bin/cmake --build /home/jenter/package/work/build/yhs_can_control -- -j4 -l4
[0.069s] [35m[1mConsolidate compiler generated dependencies of target yhs_can_control_node[0m
[0.094s] [ 50%] [32mBuilding CXX object CMakeFiles/yhs_can_control_node.dir/src/yhs_can_control_node.cpp.o[0m
[3.845s] [01m[K/home/jenter/package/work/src/yhs_can_control/src/yhs_can_control_node.cpp:[m[K In member function ‘[01m[Kvoid yhs::CanControl::steering_ctrl_cmd_callback(yhs_can_interfaces::msg::SteeringCtrlCmd_<std::allocator<void> >::SharedPtr)[m[K’:
[3.845s] [01m[K/home/jenter/package/work/src/yhs_can_control/src/yhs_can_control_node.cpp:138:25:[m[K [01;35m[Kwarning: [m[Kunused variable ‘[01m[Kgear[m[K’ [[01;35m[K]8;;https://gcc.gnu.org/onlinedocs/gcc/Warning-Options.html#index-Wunused-variable-Wunused-variable]8;;[m[K]
[3.845s]   138 |     const unsigned char [01;35m[Kgear[m[K = msg.ctrl_cmd_gear;
[3.845s]       |                         [01;35m[K^~~~[m[K
[17.262s] [100%] [32m[1mLinking CXX executable yhs_can_control_node[0m
[18.273s] [100%] Built target yhs_can_control_node
[18.286s] Invoked command in '/home/jenter/package/work/build/yhs_can_control' returned '0': CMAKE_PREFIX_PATH=/home/jenter/package/work/install/yhs_can_interfaces:/home/jenter/package/work/install/yhs_can_control:/home/jenter/package/work/install/yesense_std_ros2:/home/jenter/package/work/install/yesense_interface:/home/jenter/package/work/install/serial:/home/jenter/package/work/install/bluesea2:/opt/ros/humble /usr/bin/cmake --build /home/jenter/package/work/build/yhs_can_control -- -j4 -l4
[18.299s] Invoking command in '/home/jenter/package/work/build/yhs_can_control': CMAKE_PREFIX_PATH=/home/jenter/package/work/install/yhs_can_interfaces:/home/jenter/package/work/install/yhs_can_control:/home/jenter/package/work/install/yesense_std_ros2:/home/jenter/package/work/install/yesense_interface:/home/jenter/package/work/install/serial:/home/jenter/package/work/install/bluesea2:/opt/ros/humble /usr/bin/cmake --install /home/jenter/package/work/build/yhs_can_control
[18.308s] -- Install configuration: ""
[18.308s] -- Installing: /home/jenter/package/work/install/yhs_can_control/lib/yhs_can_control/yhs_can_control_node
[18.317s] -- Set runtime path of "/home/jenter/package/work/install/yhs_can_control/lib/yhs_can_control/yhs_can_control_node" to ""
[18.317s] -- Up-to-date: /home/jenter/package/work/install/yhs_can_control/share/yhs_can_control/launch
[18.318s] -- Up-to-date: /home/jenter/package/work/install/yhs_can_control/share/yhs_can_control/launch/yhs_can_control.launch.py
[18.318s] -- Up-to-date: /home/jenter/package/work/install/yhs_can_control/share/yhs_can_control/params
[18.318s] -- Up-to-date: /home/jenter/package/work/install/yhs_can_control/share/yhs_can_control/params/cfg.yaml
[18.318s] -- Up-to-date: /home/jenter/package/work/install/yhs_can_control/share/ament_index/resource_index/package_run_dependencies/yhs_can_control
[18.318s] -- Up-to-date: /home/jenter/package/work/install/yhs_can_control/share/ament_index/resource_index/parent_prefix_path/yhs_can_control
[18.318s] -- Up-to-date: /home/jenter/package/work/install/yhs_can_control/share/yhs_can_control/environment/ament_prefix_path.sh
[18.319s] -- Up-to-date: /home/jenter/package/work/install/yhs_can_control/share/yhs_can_control/environment/ament_prefix_path.dsv
[18.319s] -- Up-to-date: /home/jenter/package/work/install/yhs_can_control/share/yhs_can_control/environment/path.sh
[18.319s] -- Up-to-date: /home/jenter/package/work/install/yhs_can_control/share/yhs_can_control/environment/path.dsv
[18.319s] -- Up-to-date: /home/jenter/package/work/install/yhs_can_control/share/yhs_can_control/local_setup.bash
[18.319s] -- Up-to-date: /home/jenter/package/work/install/yhs_can_control/share/yhs_can_control/local_setup.sh
[18.319s] -- Up-to-date: /home/jenter/package/work/install/yhs_can_control/share/yhs_can_control/local_setup.zsh
[18.319s] -- Up-to-date: /home/jenter/package/work/install/yhs_can_control/share/yhs_can_control/local_setup.dsv
[18.319s] -- Installing: /home/jenter/package/work/install/yhs_can_control/share/yhs_can_control/package.dsv
[18.320s] -- Up-to-date: /home/jenter/package/work/install/yhs_can_control/share/ament_index/resource_index/packages/yhs_can_control
[18.321s] -- Up-to-date: /home/jenter/package/work/install/yhs_can_control/share/yhs_can_control/cmake/yhs_can_controlConfig.cmake
[18.321s] -- Up-to-date: /home/jenter/package/work/install/yhs_can_control/share/yhs_can_control/cmake/yhs_can_controlConfig-version.cmake
[18.321s] -- Up-to-date: /home/jenter/package/work/install/yhs_can_control/share/yhs_can_control/package.xml
[18.321s] Invoked command in '/home/jenter/package/work/build/yhs_can_control' returned '0': CMAKE_PREFIX_PATH=/home/jenter/package/work/install/yhs_can_interfaces:/home/jenter/package/work/install/yhs_can_control:/home/jenter/package/work/install/yesense_std_ros2:/home/jenter/package/work/install/yesense_interface:/home/jenter/package/work/install/serial:/home/jenter/package/work/install/bluesea2:/opt/ros/humble /usr/bin/cmake --install /home/jenter/package/work/build/yhs_can_control
