[0.142s] DEBUG:colcon:Command line arguments: ['/usr/bin/colcon', 'build', '--packages-select', 'yhs_can_control']
[0.142s] DEBUG:colcon:Parsed command line arguments: Namespace(log_base=None, log_level=None, verb_name='build', build_base='build', install_base='install', merge_install=False, symlink_install=False, test_result_base=None, continue_on_error=False, executor='parallel', parallel_workers=4, event_handlers=None, ignore_user_meta=False, metas=['./colcon.meta'], base_paths=['.'], packages_ignore=None, packages_ignore_regex=None, paths=None, packages_up_to=None, packages_up_to_regex=None, packages_above=None, packages_above_and_dependencies=None, packages_above_depth=None, packages_select_by_dep=None, packages_skip_by_dep=None, packages_skip_up_to=None, packages_select_build_failed=False, packages_skip_build_finished=False, packages_select_test_failures=False, packages_skip_test_passed=False, packages_select=['yhs_can_control'], packages_skip=None, packages_select_regex=None, packages_skip_regex=None, packages_start=None, packages_end=None, allow_overriding=[], cmake_args=None, cmake_target=None, cmake_target_skip_unavailable=False, cmake_clean_cache=False, cmake_clean_first=False, cmake_force_configure=False, ament_cmake_args=None, catkin_cmake_args=None, catkin_skip_building_tests=False, verb_parser=<colcon_defaults.argument_parser.defaults.DefaultArgumentsDecorator object at 0x7f26a03bac20>, verb_extension=<colcon_core.verb.build.BuildVerb object at 0x7f26a05ec520>, main=<bound method BuildVerb.main of <colcon_core.verb.build.BuildVerb object at 0x7f26a05ec520>>)
[0.362s] Level 1:colcon.colcon_core.package_discovery:discover_packages(colcon_meta) check parameters
[0.363s] Level 1:colcon.colcon_core.package_discovery:discover_packages(recursive) check parameters
[0.363s] Level 1:colcon.colcon_core.package_discovery:discover_packages(ignore) check parameters
[0.363s] Level 1:colcon.colcon_core.package_discovery:discover_packages(path) check parameters
[0.363s] Level 1:colcon.colcon_core.package_discovery:discover_packages(colcon_meta) discover
[0.363s] Level 1:colcon.colcon_core.package_discovery:discover_packages(recursive) discover
[0.363s] INFO:colcon.colcon_core.package_discovery:Crawling recursively for packages in '/home/jenter/package/work'
[0.363s] Level 1:colcon.colcon_core.package_identification:_identify(.) by extensions ['ignore', 'ignore_ament_install']
[0.363s] Level 1:colcon.colcon_core.package_identification:_identify(.) by extension 'ignore'
[0.363s] Level 1:colcon.colcon_core.package_identification:_identify(.) by extension 'ignore_ament_install'
[0.363s] Level 1:colcon.colcon_core.package_identification:_identify(.) by extensions ['colcon_pkg']
[0.363s] Level 1:colcon.colcon_core.package_identification:_identify(.) by extension 'colcon_pkg'
[0.364s] Level 1:colcon.colcon_core.package_identification:_identify(.) by extensions ['colcon_meta']
[0.364s] Level 1:colcon.colcon_core.package_identification:_identify(.) by extension 'colcon_meta'
[0.364s] Level 1:colcon.colcon_core.package_identification:_identify(.) by extensions ['ros']
[0.364s] Level 1:colcon.colcon_core.package_identification:_identify(.) by extension 'ros'
[0.380s] Level 1:colcon.colcon_core.package_identification:_identify(.) by extensions ['cmake', 'python']
[0.380s] Level 1:colcon.colcon_core.package_identification:_identify(.) by extension 'cmake'
[0.380s] Level 1:colcon.colcon_core.package_identification:_identify(.) by extension 'python'
[0.380s] Level 1:colcon.colcon_core.package_identification:_identify(.) by extensions ['python_setup_py']
[0.380s] Level 1:colcon.colcon_core.package_identification:_identify(.) by extension 'python_setup_py'
[0.381s] Level 1:colcon.colcon_core.package_identification:_identify(build) by extensions ['ignore', 'ignore_ament_install']
[0.381s] Level 1:colcon.colcon_core.package_identification:_identify(build) by extension 'ignore'
[0.381s] Level 1:colcon.colcon_core.package_identification:_identify(build) ignored
[0.381s] Level 1:colcon.colcon_core.package_identification:_identify(install) by extensions ['ignore', 'ignore_ament_install']
[0.381s] Level 1:colcon.colcon_core.package_identification:_identify(install) by extension 'ignore'
[0.381s] Level 1:colcon.colcon_core.package_identification:_identify(install) ignored
[0.381s] Level 1:colcon.colcon_core.package_identification:_identify(log) by extensions ['ignore', 'ignore_ament_install']
[0.381s] Level 1:colcon.colcon_core.package_identification:_identify(log) by extension 'ignore'
[0.381s] Level 1:colcon.colcon_core.package_identification:_identify(log) ignored
[0.382s] Level 1:colcon.colcon_core.package_identification:_identify(src) by extensions ['ignore', 'ignore_ament_install']
[0.382s] Level 1:colcon.colcon_core.package_identification:_identify(src) by extension 'ignore'
[0.382s] Level 1:colcon.colcon_core.package_identification:_identify(src) by extension 'ignore_ament_install'
[0.382s] Level 1:colcon.colcon_core.package_identification:_identify(src) by extensions ['colcon_pkg']
[0.382s] Level 1:colcon.colcon_core.package_identification:_identify(src) by extension 'colcon_pkg'
[0.382s] Level 1:colcon.colcon_core.package_identification:_identify(src) by extensions ['colcon_meta']
[0.382s] Level 1:colcon.colcon_core.package_identification:_identify(src) by extension 'colcon_meta'
[0.382s] Level 1:colcon.colcon_core.package_identification:_identify(src) by extensions ['ros']
[0.382s] Level 1:colcon.colcon_core.package_identification:_identify(src) by extension 'ros'
[0.382s] Level 1:colcon.colcon_core.package_identification:_identify(src) by extensions ['cmake', 'python']
[0.382s] Level 1:colcon.colcon_core.package_identification:_identify(src) by extension 'cmake'
[0.382s] Level 1:colcon.colcon_core.package_identification:_identify(src) by extension 'python'
[0.382s] Level 1:colcon.colcon_core.package_identification:_identify(src) by extensions ['python_setup_py']
[0.382s] Level 1:colcon.colcon_core.package_identification:_identify(src) by extension 'python_setup_py'
[0.383s] Level 1:colcon.colcon_core.package_identification:_identify(src/bluesea-ros2) by extensions ['ignore', 'ignore_ament_install']
[0.383s] Level 1:colcon.colcon_core.package_identification:_identify(src/bluesea-ros2) by extension 'ignore'
[0.383s] Level 1:colcon.colcon_core.package_identification:_identify(src/bluesea-ros2) by extension 'ignore_ament_install'
[0.383s] Level 1:colcon.colcon_core.package_identification:_identify(src/bluesea-ros2) by extensions ['colcon_pkg']
[0.383s] Level 1:colcon.colcon_core.package_identification:_identify(src/bluesea-ros2) by extension 'colcon_pkg'
[0.383s] Level 1:colcon.colcon_core.package_identification:_identify(src/bluesea-ros2) by extensions ['colcon_meta']
[0.383s] Level 1:colcon.colcon_core.package_identification:_identify(src/bluesea-ros2) by extension 'colcon_meta'
[0.383s] Level 1:colcon.colcon_core.package_identification:_identify(src/bluesea-ros2) by extensions ['ros']
[0.383s] Level 1:colcon.colcon_core.package_identification:_identify(src/bluesea-ros2) by extension 'ros'
[0.387s] DEBUG:colcon.colcon_core.package_identification:Package 'src/bluesea-ros2' with type 'ros.ament_cmake' and name 'bluesea2'
[0.387s] Level 1:colcon.colcon_core.package_identification:_identify(src/serial_ros2) by extensions ['ignore', 'ignore_ament_install']
[0.387s] Level 1:colcon.colcon_core.package_identification:_identify(src/serial_ros2) by extension 'ignore'
[0.387s] Level 1:colcon.colcon_core.package_identification:_identify(src/serial_ros2) by extension 'ignore_ament_install'
[0.387s] Level 1:colcon.colcon_core.package_identification:_identify(src/serial_ros2) by extensions ['colcon_pkg']
[0.387s] Level 1:colcon.colcon_core.package_identification:_identify(src/serial_ros2) by extension 'colcon_pkg'
[0.387s] Level 1:colcon.colcon_core.package_identification:_identify(src/serial_ros2) by extensions ['colcon_meta']
[0.387s] Level 1:colcon.colcon_core.package_identification:_identify(src/serial_ros2) by extension 'colcon_meta'
[0.387s] Level 1:colcon.colcon_core.package_identification:_identify(src/serial_ros2) by extensions ['ros']
[0.387s] Level 1:colcon.colcon_core.package_identification:_identify(src/serial_ros2) by extension 'ros'
[0.388s] DEBUG:colcon.colcon_core.package_identification:Package 'src/serial_ros2' with type 'ros.ament_cmake' and name 'serial'
[0.388s] Level 1:colcon.colcon_core.package_identification:_identify(src/yesense_ros2) by extensions ['ignore', 'ignore_ament_install']
[0.389s] Level 1:colcon.colcon_core.package_identification:_identify(src/yesense_ros2) by extension 'ignore'
[0.389s] Level 1:colcon.colcon_core.package_identification:_identify(src/yesense_ros2) by extension 'ignore_ament_install'
[0.389s] Level 1:colcon.colcon_core.package_identification:_identify(src/yesense_ros2) by extensions ['colcon_pkg']
[0.389s] Level 1:colcon.colcon_core.package_identification:_identify(src/yesense_ros2) by extension 'colcon_pkg'
[0.389s] Level 1:colcon.colcon_core.package_identification:_identify(src/yesense_ros2) by extensions ['colcon_meta']
[0.389s] Level 1:colcon.colcon_core.package_identification:_identify(src/yesense_ros2) by extension 'colcon_meta'
[0.389s] Level 1:colcon.colcon_core.package_identification:_identify(src/yesense_ros2) by extensions ['ros']
[0.389s] Level 1:colcon.colcon_core.package_identification:_identify(src/yesense_ros2) by extension 'ros'
[0.389s] Level 1:colcon.colcon_core.package_identification:_identify(src/yesense_ros2) by extensions ['cmake', 'python']
[0.389s] Level 1:colcon.colcon_core.package_identification:_identify(src/yesense_ros2) by extension 'cmake'
[0.389s] Level 1:colcon.colcon_core.package_identification:_identify(src/yesense_ros2) by extension 'python'
[0.389s] Level 1:colcon.colcon_core.package_identification:_identify(src/yesense_ros2) by extensions ['python_setup_py']
[0.389s] Level 1:colcon.colcon_core.package_identification:_identify(src/yesense_ros2) by extension 'python_setup_py'
[0.389s] Level 1:colcon.colcon_core.package_identification:_identify(src/yesense_ros2/yesense_interface) by extensions ['ignore', 'ignore_ament_install']
[0.390s] Level 1:colcon.colcon_core.package_identification:_identify(src/yesense_ros2/yesense_interface) by extension 'ignore'
[0.390s] Level 1:colcon.colcon_core.package_identification:_identify(src/yesense_ros2/yesense_interface) by extension 'ignore_ament_install'
[0.390s] Level 1:colcon.colcon_core.package_identification:_identify(src/yesense_ros2/yesense_interface) by extensions ['colcon_pkg']
[0.390s] Level 1:colcon.colcon_core.package_identification:_identify(src/yesense_ros2/yesense_interface) by extension 'colcon_pkg'
[0.390s] Level 1:colcon.colcon_core.package_identification:_identify(src/yesense_ros2/yesense_interface) by extensions ['colcon_meta']
[0.390s] Level 1:colcon.colcon_core.package_identification:_identify(src/yesense_ros2/yesense_interface) by extension 'colcon_meta'
[0.390s] Level 1:colcon.colcon_core.package_identification:_identify(src/yesense_ros2/yesense_interface) by extensions ['ros']
[0.390s] Level 1:colcon.colcon_core.package_identification:_identify(src/yesense_ros2/yesense_interface) by extension 'ros'
[0.391s] DEBUG:colcon.colcon_core.package_identification:Package 'src/yesense_ros2/yesense_interface' with type 'ros.ament_cmake' and name 'yesense_interface'
[0.391s] Level 1:colcon.colcon_core.package_identification:_identify(src/yesense_ros2/yesense_std_ros2) by extensions ['ignore', 'ignore_ament_install']
[0.391s] Level 1:colcon.colcon_core.package_identification:_identify(src/yesense_ros2/yesense_std_ros2) by extension 'ignore'
[0.391s] Level 1:colcon.colcon_core.package_identification:_identify(src/yesense_ros2/yesense_std_ros2) by extension 'ignore_ament_install'
[0.391s] Level 1:colcon.colcon_core.package_identification:_identify(src/yesense_ros2/yesense_std_ros2) by extensions ['colcon_pkg']
[0.391s] Level 1:colcon.colcon_core.package_identification:_identify(src/yesense_ros2/yesense_std_ros2) by extension 'colcon_pkg'
[0.391s] Level 1:colcon.colcon_core.package_identification:_identify(src/yesense_ros2/yesense_std_ros2) by extensions ['colcon_meta']
[0.391s] Level 1:colcon.colcon_core.package_identification:_identify(src/yesense_ros2/yesense_std_ros2) by extension 'colcon_meta'
[0.391s] Level 1:colcon.colcon_core.package_identification:_identify(src/yesense_ros2/yesense_std_ros2) by extensions ['ros']
[0.392s] Level 1:colcon.colcon_core.package_identification:_identify(src/yesense_ros2/yesense_std_ros2) by extension 'ros'
[0.393s] DEBUG:colcon.colcon_core.package_identification:Package 'src/yesense_ros2/yesense_std_ros2' with type 'ros.ament_cmake' and name 'yesense_std_ros2'
[0.393s] Level 1:colcon.colcon_core.package_identification:_identify(src/yhs_can_control) by extensions ['ignore', 'ignore_ament_install']
[0.393s] Level 1:colcon.colcon_core.package_identification:_identify(src/yhs_can_control) by extension 'ignore'
[0.393s] Level 1:colcon.colcon_core.package_identification:_identify(src/yhs_can_control) by extension 'ignore_ament_install'
[0.393s] Level 1:colcon.colcon_core.package_identification:_identify(src/yhs_can_control) by extensions ['colcon_pkg']
[0.393s] Level 1:colcon.colcon_core.package_identification:_identify(src/yhs_can_control) by extension 'colcon_pkg'
[0.393s] Level 1:colcon.colcon_core.package_identification:_identify(src/yhs_can_control) by extensions ['colcon_meta']
[0.393s] Level 1:colcon.colcon_core.package_identification:_identify(src/yhs_can_control) by extension 'colcon_meta'
[0.394s] Level 1:colcon.colcon_core.package_identification:_identify(src/yhs_can_control) by extensions ['ros']
[0.394s] Level 1:colcon.colcon_core.package_identification:_identify(src/yhs_can_control) by extension 'ros'
[0.395s] DEBUG:colcon.colcon_core.package_identification:Package 'src/yhs_can_control' with type 'ros.ament_cmake' and name 'yhs_can_control'
[0.395s] Level 1:colcon.colcon_core.package_identification:_identify(src/yhs_can_interfaces) by extensions ['ignore', 'ignore_ament_install']
[0.395s] Level 1:colcon.colcon_core.package_identification:_identify(src/yhs_can_interfaces) by extension 'ignore'
[0.395s] Level 1:colcon.colcon_core.package_identification:_identify(src/yhs_can_interfaces) by extension 'ignore_ament_install'
[0.395s] Level 1:colcon.colcon_core.package_identification:_identify(src/yhs_can_interfaces) by extensions ['colcon_pkg']
[0.395s] Level 1:colcon.colcon_core.package_identification:_identify(src/yhs_can_interfaces) by extension 'colcon_pkg'
[0.395s] Level 1:colcon.colcon_core.package_identification:_identify(src/yhs_can_interfaces) by extensions ['colcon_meta']
[0.396s] Level 1:colcon.colcon_core.package_identification:_identify(src/yhs_can_interfaces) by extension 'colcon_meta'
[0.396s] Level 1:colcon.colcon_core.package_identification:_identify(src/yhs_can_interfaces) by extensions ['ros']
[0.396s] Level 1:colcon.colcon_core.package_identification:_identify(src/yhs_can_interfaces) by extension 'ros'
[0.396s] DEBUG:colcon.colcon_core.package_identification:Package 'src/yhs_can_interfaces' with type 'ros.ament_cmake' and name 'yhs_can_interfaces'
[0.396s] Level 1:colcon.colcon_core.package_discovery:discover_packages(recursive) using defaults
[0.397s] Level 1:colcon.colcon_core.package_discovery:discover_packages(ignore) discover
[0.397s] Level 1:colcon.colcon_core.package_discovery:discover_packages(ignore) using defaults
[0.397s] Level 1:colcon.colcon_core.package_discovery:discover_packages(path) discover
[0.397s] Level 1:colcon.colcon_core.package_discovery:discover_packages(path) using defaults
[0.424s] INFO:colcon.colcon_core.package_selection:Skipping not selected package 'bluesea2' in 'src/bluesea-ros2'
[0.425s] INFO:colcon.colcon_core.package_selection:Skipping not selected package 'serial' in 'src/serial_ros2'
[0.425s] INFO:colcon.colcon_core.package_selection:Skipping not selected package 'yesense_interface' in 'src/yesense_ros2/yesense_interface'
[0.425s] INFO:colcon.colcon_core.package_selection:Skipping not selected package 'yhs_can_interfaces' in 'src/yhs_can_interfaces'
[0.425s] INFO:colcon.colcon_core.package_selection:Skipping not selected package 'yesense_std_ros2' in 'src/yesense_ros2/yesense_std_ros2'
[0.425s] Level 1:colcon.colcon_core.package_discovery:discover_packages(prefix_path) check parameters
[0.425s] Level 1:colcon.colcon_core.package_discovery:discover_packages(prefix_path) discover
[0.429s] DEBUG:colcon.colcon_installed_package_information.package_discovery:Found 272 installed packages in /opt/ros/humble
[0.446s] Level 1:colcon.colcon_core.package_discovery:discover_packages(prefix_path) using defaults
[0.502s] Level 5:colcon.colcon_core.verb:set package 'yhs_can_control' build argument 'cmake_args' from command line to 'None'
[0.502s] Level 5:colcon.colcon_core.verb:set package 'yhs_can_control' build argument 'cmake_target' from command line to 'None'
[0.502s] Level 5:colcon.colcon_core.verb:set package 'yhs_can_control' build argument 'cmake_target_skip_unavailable' from command line to 'False'
[0.503s] Level 5:colcon.colcon_core.verb:set package 'yhs_can_control' build argument 'cmake_clean_cache' from command line to 'False'
[0.503s] Level 5:colcon.colcon_core.verb:set package 'yhs_can_control' build argument 'cmake_clean_first' from command line to 'False'
[0.503s] Level 5:colcon.colcon_core.verb:set package 'yhs_can_control' build argument 'cmake_force_configure' from command line to 'False'
[0.503s] Level 5:colcon.colcon_core.verb:set package 'yhs_can_control' build argument 'ament_cmake_args' from command line to 'None'
[0.503s] Level 5:colcon.colcon_core.verb:set package 'yhs_can_control' build argument 'catkin_cmake_args' from command line to 'None'
[0.503s] Level 5:colcon.colcon_core.verb:set package 'yhs_can_control' build argument 'catkin_skip_building_tests' from command line to 'False'
[0.503s] DEBUG:colcon.colcon_core.verb:Building package 'yhs_can_control' with the following arguments: {'ament_cmake_args': None, 'build_base': '/home/jenter/package/work/build/yhs_can_control', 'catkin_cmake_args': None, 'catkin_skip_building_tests': False, 'cmake_args': None, 'cmake_clean_cache': False, 'cmake_clean_first': False, 'cmake_force_configure': False, 'cmake_target': None, 'cmake_target_skip_unavailable': False, 'install_base': '/home/jenter/package/work/install/yhs_can_control', 'merge_install': False, 'path': '/home/jenter/package/work/src/yhs_can_control', 'symlink_install': False, 'test_result_base': None}
[0.503s] INFO:colcon.colcon_core.executor:Executing jobs using 'parallel' executor
[0.504s] DEBUG:colcon.colcon_parallel_executor.executor.parallel:run_until_complete
[0.504s] INFO:colcon.colcon_ros.task.ament_cmake.build:Building ROS package in '/home/jenter/package/work/src/yhs_can_control' with build type 'ament_cmake'
[0.505s] INFO:colcon.colcon_cmake.task.cmake.build:Building CMake package in '/home/jenter/package/work/src/yhs_can_control'
[0.508s] INFO:colcon.colcon_core.plugin_system:Skipping extension 'colcon_core.shell.bat': Not used on non-Windows systems
[0.508s] INFO:colcon.colcon_core.shell:Skip shell extension 'powershell' for command environment: Not usable outside of PowerShell
[0.508s] DEBUG:colcon.colcon_core.shell:Skip shell extension 'dsv' for command environment
[0.522s] DEBUG:colcon.colcon_core.event_handler.log_command:Invoking command in '/home/jenter/package/work/build/yhs_can_control': AMENT_PREFIX_PATH=/home/jenter/package/work/install/yhs_can_interfaces:${AMENT_PREFIX_PATH} CMAKE_PREFIX_PATH=/home/jenter/package/work/install/yhs_can_interfaces:/opt/ros/humble LD_LIBRARY_PATH=/home/jenter/package/work/install/yhs_can_interfaces/lib:${LD_LIBRARY_PATH} PYTHONPATH=/home/jenter/package/work/install/yhs_can_interfaces/local/lib/python3.10/dist-packages:${PYTHONPATH} /usr/bin/cmake --build /home/jenter/package/work/build/yhs_can_control -- -j4 -l4
[18.747s] DEBUG:colcon.colcon_core.event_handler.log_command:Invoked command in '/home/jenter/package/work/build/yhs_can_control' returned '0': AMENT_PREFIX_PATH=/home/jenter/package/work/install/yhs_can_interfaces:${AMENT_PREFIX_PATH} CMAKE_PREFIX_PATH=/home/jenter/package/work/install/yhs_can_interfaces:/opt/ros/humble LD_LIBRARY_PATH=/home/jenter/package/work/install/yhs_can_interfaces/lib:${LD_LIBRARY_PATH} PYTHONPATH=/home/jenter/package/work/install/yhs_can_interfaces/local/lib/python3.10/dist-packages:${PYTHONPATH} /usr/bin/cmake --build /home/jenter/package/work/build/yhs_can_control -- -j4 -l4
[18.759s] DEBUG:colcon.colcon_core.event_handler.log_command:Invoking command in '/home/jenter/package/work/build/yhs_can_control': AMENT_PREFIX_PATH=/home/jenter/package/work/install/yhs_can_interfaces:${AMENT_PREFIX_PATH} CMAKE_PREFIX_PATH=/home/jenter/package/work/install/yhs_can_interfaces:/opt/ros/humble LD_LIBRARY_PATH=/home/jenter/package/work/install/yhs_can_interfaces/lib:${LD_LIBRARY_PATH} PYTHONPATH=/home/jenter/package/work/install/yhs_can_interfaces/local/lib/python3.10/dist-packages:${PYTHONPATH} /usr/bin/cmake --install /home/jenter/package/work/build/yhs_can_control
[18.781s] Level 1:colcon.colcon_core.environment:create_environment_scripts_only(yhs_can_control)
[18.781s] DEBUG:colcon.colcon_core.event_handler.log_command:Invoked command in '/home/jenter/package/work/build/yhs_can_control' returned '0': AMENT_PREFIX_PATH=/home/jenter/package/work/install/yhs_can_interfaces:${AMENT_PREFIX_PATH} CMAKE_PREFIX_PATH=/home/jenter/package/work/install/yhs_can_interfaces:/opt/ros/humble LD_LIBRARY_PATH=/home/jenter/package/work/install/yhs_can_interfaces/lib:${LD_LIBRARY_PATH} PYTHONPATH=/home/jenter/package/work/install/yhs_can_interfaces/local/lib/python3.10/dist-packages:${PYTHONPATH} /usr/bin/cmake --install /home/jenter/package/work/build/yhs_can_control
[18.785s] Level 1:colcon.colcon_core.environment:checking '/home/jenter/package/work/install/yhs_can_control' for CMake module files
[18.786s] Level 1:colcon.colcon_core.environment:checking '/home/jenter/package/work/install/yhs_can_control' for CMake config files
[18.786s] Level 1:colcon.colcon_core.shell:create_environment_hook('yhs_can_control', 'cmake_prefix_path')
[18.786s] INFO:colcon.colcon_core.shell:Creating environment hook '/home/jenter/package/work/install/yhs_can_control/share/yhs_can_control/hook/cmake_prefix_path.ps1'
[18.787s] INFO:colcon.colcon_core.shell:Creating environment descriptor '/home/jenter/package/work/install/yhs_can_control/share/yhs_can_control/hook/cmake_prefix_path.dsv'
[18.788s] INFO:colcon.colcon_core.shell:Creating environment hook '/home/jenter/package/work/install/yhs_can_control/share/yhs_can_control/hook/cmake_prefix_path.sh'
[18.789s] Level 1:colcon.colcon_core.environment:checking '/home/jenter/package/work/install/yhs_can_control/lib'
[18.790s] Level 1:colcon.colcon_core.environment:checking '/home/jenter/package/work/install/yhs_can_control/bin'
[18.790s] Level 1:colcon.colcon_core.environment:checking '/home/jenter/package/work/install/yhs_can_control/lib/pkgconfig/yhs_can_control.pc'
[18.790s] Level 1:colcon.colcon_core.environment:checking '/home/jenter/package/work/install/yhs_can_control/lib/python3.10/site-packages'
[18.790s] Level 1:colcon.colcon_core.environment:checking '/home/jenter/package/work/install/yhs_can_control/bin'
[18.791s] INFO:colcon.colcon_core.shell:Creating package script '/home/jenter/package/work/install/yhs_can_control/share/yhs_can_control/package.ps1'
[18.792s] INFO:colcon.colcon_core.shell:Creating package descriptor '/home/jenter/package/work/install/yhs_can_control/share/yhs_can_control/package.dsv'
[18.793s] INFO:colcon.colcon_core.shell:Creating package script '/home/jenter/package/work/install/yhs_can_control/share/yhs_can_control/package.sh'
[18.794s] INFO:colcon.colcon_core.shell:Creating package script '/home/jenter/package/work/install/yhs_can_control/share/yhs_can_control/package.bash'
[18.795s] INFO:colcon.colcon_core.shell:Creating package script '/home/jenter/package/work/install/yhs_can_control/share/yhs_can_control/package.zsh'
[18.796s] Level 1:colcon.colcon_core.environment:create_file_with_runtime_dependencies(/home/jenter/package/work/install/yhs_can_control/share/colcon-core/packages/yhs_can_control)
[18.796s] Level 1:colcon.colcon_core.environment:create_environment_scripts_only(yhs_can_control)
[18.797s] Level 1:colcon.colcon_core.environment:checking '/home/jenter/package/work/install/yhs_can_control' for CMake module files
[18.797s] Level 1:colcon.colcon_core.environment:checking '/home/jenter/package/work/install/yhs_can_control' for CMake config files
[18.798s] Level 1:colcon.colcon_core.shell:create_environment_hook('yhs_can_control', 'cmake_prefix_path')
[18.798s] INFO:colcon.colcon_core.shell:Creating environment hook '/home/jenter/package/work/install/yhs_can_control/share/yhs_can_control/hook/cmake_prefix_path.ps1'
[18.799s] INFO:colcon.colcon_core.shell:Creating environment descriptor '/home/jenter/package/work/install/yhs_can_control/share/yhs_can_control/hook/cmake_prefix_path.dsv'
[18.799s] INFO:colcon.colcon_core.shell:Creating environment hook '/home/jenter/package/work/install/yhs_can_control/share/yhs_can_control/hook/cmake_prefix_path.sh'
[18.800s] Level 1:colcon.colcon_core.environment:checking '/home/jenter/package/work/install/yhs_can_control/lib'
[18.800s] Level 1:colcon.colcon_core.environment:checking '/home/jenter/package/work/install/yhs_can_control/bin'
[18.800s] Level 1:colcon.colcon_core.environment:checking '/home/jenter/package/work/install/yhs_can_control/lib/pkgconfig/yhs_can_control.pc'
[18.800s] Level 1:colcon.colcon_core.environment:checking '/home/jenter/package/work/install/yhs_can_control/lib/python3.10/site-packages'
[18.801s] Level 1:colcon.colcon_core.environment:checking '/home/jenter/package/work/install/yhs_can_control/bin'
[18.801s] INFO:colcon.colcon_core.shell:Creating package script '/home/jenter/package/work/install/yhs_can_control/share/yhs_can_control/package.ps1'
[18.802s] INFO:colcon.colcon_core.shell:Creating package descriptor '/home/jenter/package/work/install/yhs_can_control/share/yhs_can_control/package.dsv'
[18.803s] INFO:colcon.colcon_core.shell:Creating package script '/home/jenter/package/work/install/yhs_can_control/share/yhs_can_control/package.sh'
[18.803s] INFO:colcon.colcon_core.shell:Creating package script '/home/jenter/package/work/install/yhs_can_control/share/yhs_can_control/package.bash'
[18.804s] INFO:colcon.colcon_core.shell:Creating package script '/home/jenter/package/work/install/yhs_can_control/share/yhs_can_control/package.zsh'
[18.804s] Level 1:colcon.colcon_core.environment:create_file_with_runtime_dependencies(/home/jenter/package/work/install/yhs_can_control/share/colcon-core/packages/yhs_can_control)
[18.805s] DEBUG:colcon.colcon_parallel_executor.executor.parallel:closing loop
[18.805s] DEBUG:colcon.colcon_parallel_executor.executor.parallel:loop closed
[18.805s] DEBUG:colcon.colcon_parallel_executor.executor.parallel:run_until_complete finished with '0'
[18.805s] DEBUG:colcon.colcon_core.event_reactor:joining thread
[18.812s] INFO:colcon.colcon_core.plugin_system:Skipping extension 'colcon_notification.desktop_notification.terminal_notifier': Not used on non-Darwin systems
[18.813s] INFO:colcon.colcon_core.plugin_system:Skipping extension 'colcon_notification.desktop_notification.win32': Not used on non-Windows systems
[18.813s] INFO:colcon.colcon_notification.desktop_notification:Sending desktop notification using 'notify2'
[18.814s] DEBUG:colcon.colcon_notification.desktop_notification.notify2:Failed to initialize notify2: org.freedesktop.DBus.Error.ServiceUnknown: The name org.freedesktop.Notifications was not provided by any .service files
[18.814s] DEBUG:colcon.colcon_core.event_reactor:joined thread
[18.815s] INFO:colcon.colcon_core.shell:Creating prefix script '/home/jenter/package/work/install/local_setup.ps1'
[18.816s] INFO:colcon.colcon_core.shell:Creating prefix util module '/home/jenter/package/work/install/_local_setup_util_ps1.py'
[18.818s] INFO:colcon.colcon_core.shell:Creating prefix chain script '/home/jenter/package/work/install/setup.ps1'
[18.819s] INFO:colcon.colcon_core.shell:Creating prefix script '/home/jenter/package/work/install/local_setup.sh'
[18.820s] INFO:colcon.colcon_core.shell:Creating prefix util module '/home/jenter/package/work/install/_local_setup_util_sh.py'
[18.821s] INFO:colcon.colcon_core.shell:Creating prefix chain script '/home/jenter/package/work/install/setup.sh'
[18.822s] INFO:colcon.colcon_core.shell:Creating prefix script '/home/jenter/package/work/install/local_setup.bash'
[18.823s] INFO:colcon.colcon_core.shell:Creating prefix chain script '/home/jenter/package/work/install/setup.bash'
[18.824s] INFO:colcon.colcon_core.shell:Creating prefix script '/home/jenter/package/work/install/local_setup.zsh'
[18.825s] INFO:colcon.colcon_core.shell:Creating prefix chain script '/home/jenter/package/work/install/setup.zsh'
