[35m[1mConsolidate compiler generated dependencies of target yhs_can_control_node[0m
[ 50%] [32mBuilding CXX object CMakeFiles/yhs_can_control_node.dir/src/yhs_can_control_node.cpp.o[0m
[100%] [32m[1mLinking CXX executable yhs_can_control_node[0m
[100%] Built target yhs_can_control_node
-- Install configuration: ""
-- Installing: /home/jenter/package/work/install/yhs_can_control/lib/yhs_can_control/yhs_can_control_node
-- Set runtime path of "/home/jenter/package/work/install/yhs_can_control/lib/yhs_can_control/yhs_can_control_node" to ""
-- Up-to-date: /home/jenter/package/work/install/yhs_can_control/share/yhs_can_control/launch
-- Up-to-date: /home/jenter/package/work/install/yhs_can_control/share/yhs_can_control/launch/yhs_can_control.launch.py
-- Up-to-date: /home/jenter/package/work/install/yhs_can_control/share/yhs_can_control/params
-- Up-to-date: /home/jenter/package/work/install/yhs_can_control/share/yhs_can_control/params/cfg.yaml
-- Up-to-date: /home/jenter/package/work/install/yhs_can_control/share/ament_index/resource_index/package_run_dependencies/yhs_can_control
-- Up-to-date: /home/jenter/package/work/install/yhs_can_control/share/ament_index/resource_index/parent_prefix_path/yhs_can_control
-- Up-to-date: /home/jenter/package/work/install/yhs_can_control/share/yhs_can_control/environment/ament_prefix_path.sh
-- Up-to-date: /home/jenter/package/work/install/yhs_can_control/share/yhs_can_control/environment/ament_prefix_path.dsv
-- Up-to-date: /home/jenter/package/work/install/yhs_can_control/share/yhs_can_control/environment/path.sh
-- Up-to-date: /home/jenter/package/work/install/yhs_can_control/share/yhs_can_control/environment/path.dsv
-- Up-to-date: /home/jenter/package/work/install/yhs_can_control/share/yhs_can_control/local_setup.bash
-- Up-to-date: /home/jenter/package/work/install/yhs_can_control/share/yhs_can_control/local_setup.sh
-- Up-to-date: /home/jenter/package/work/install/yhs_can_control/share/yhs_can_control/local_setup.zsh
-- Up-to-date: /home/jenter/package/work/install/yhs_can_control/share/yhs_can_control/local_setup.dsv
-- Installing: /home/jenter/package/work/install/yhs_can_control/share/yhs_can_control/package.dsv
-- Up-to-date: /home/jenter/package/work/install/yhs_can_control/share/ament_index/resource_index/packages/yhs_can_control
-- Up-to-date: /home/jenter/package/work/install/yhs_can_control/share/yhs_can_control/cmake/yhs_can_controlConfig.cmake
-- Up-to-date: /home/jenter/package/work/install/yhs_can_control/share/yhs_can_control/cmake/yhs_can_controlConfig-version.cmake
-- Up-to-date: /home/jenter/package/work/install/yhs_can_control/share/yhs_can_control/package.xml
