[0.016s] Invoking command in '/home/jenter/package/work/build/yhs_can_control': AMENT_PREFIX_PATH=/home/jenter/package/work/install/yhs_can_interfaces:${AMENT_PREFIX_PATH} CMAKE_PREFIX_PATH=/home/jenter/package/work/install/yhs_can_interfaces:/opt/ros/humble LD_LIBRARY_PATH=/home/jenter/package/work/install/yhs_can_interfaces/lib:${LD_LIBRARY_PATH} PYTHONPATH=/home/jenter/package/work/install/yhs_can_interfaces/local/lib/python3.10/dist-packages:${PYTHONPATH} /usr/bin/cmake --build /home/jenter/package/work/build/yhs_can_control -- -j4 -l4
[0.066s] [35m[1mConsolidate compiler generated dependencies of target yhs_can_control_node[0m
[0.090s] [ 50%] [32mBuilding CXX object CMakeFiles/yhs_can_control_node.dir/src/yhs_can_control_node.cpp.o[0m
[3.834s] [01m[K/home/jenter/package/work/src/yhs_can_control/src/yhs_can_control_node.cpp:[m[K In member function ‘[01m[Kvoid yhs::CanControl::steering_ctrl_cmd_callback(yhs_can_interfaces::msg::SteeringCtrlCmd_<std::allocator<void> >::SharedPtr)[m[K’:
[3.834s] [01m[K/home/jenter/package/work/src/yhs_can_control/src/yhs_can_control_node.cpp:138:25:[m[K [01;35m[Kwarning: [m[Kunused variable ‘[01m[Kgear[m[K’ [[01;35m[K]8;;https://gcc.gnu.org/onlinedocs/gcc/Warning-Options.html#index-Wunused-variable-Wunused-variable]8;;[m[K]
[3.834s]   138 |     const unsigned char [01;35m[Kgear[m[K = msg.ctrl_cmd_gear;
[3.834s]       |                         [01;35m[K^~~~[m[K
[17.208s] [100%] [32m[1mLinking CXX executable yhs_can_control_node[0m
[18.228s] [100%] Built target yhs_can_control_node
[18.242s] Invoked command in '/home/jenter/package/work/build/yhs_can_control' returned '0': AMENT_PREFIX_PATH=/home/jenter/package/work/install/yhs_can_interfaces:${AMENT_PREFIX_PATH} CMAKE_PREFIX_PATH=/home/jenter/package/work/install/yhs_can_interfaces:/opt/ros/humble LD_LIBRARY_PATH=/home/jenter/package/work/install/yhs_can_interfaces/lib:${LD_LIBRARY_PATH} PYTHONPATH=/home/jenter/package/work/install/yhs_can_interfaces/local/lib/python3.10/dist-packages:${PYTHONPATH} /usr/bin/cmake --build /home/jenter/package/work/build/yhs_can_control -- -j4 -l4
[18.254s] Invoking command in '/home/jenter/package/work/build/yhs_can_control': AMENT_PREFIX_PATH=/home/jenter/package/work/install/yhs_can_interfaces:${AMENT_PREFIX_PATH} CMAKE_PREFIX_PATH=/home/jenter/package/work/install/yhs_can_interfaces:/opt/ros/humble LD_LIBRARY_PATH=/home/jenter/package/work/install/yhs_can_interfaces/lib:${LD_LIBRARY_PATH} PYTHONPATH=/home/jenter/package/work/install/yhs_can_interfaces/local/lib/python3.10/dist-packages:${PYTHONPATH} /usr/bin/cmake --install /home/jenter/package/work/build/yhs_can_control
[18.262s] -- Install configuration: ""
[18.263s] -- Installing: /home/jenter/package/work/install/yhs_can_control/lib/yhs_can_control/yhs_can_control_node
[18.272s] -- Set runtime path of "/home/jenter/package/work/install/yhs_can_control/lib/yhs_can_control/yhs_can_control_node" to ""
[18.272s] -- Up-to-date: /home/jenter/package/work/install/yhs_can_control/share/yhs_can_control/launch
[18.272s] -- Up-to-date: /home/jenter/package/work/install/yhs_can_control/share/yhs_can_control/launch/yhs_can_control.launch.py
[18.272s] -- Up-to-date: /home/jenter/package/work/install/yhs_can_control/share/yhs_can_control/params
[18.272s] -- Up-to-date: /home/jenter/package/work/install/yhs_can_control/share/yhs_can_control/params/cfg.yaml
[18.272s] -- Up-to-date: /home/jenter/package/work/install/yhs_can_control/share/ament_index/resource_index/package_run_dependencies/yhs_can_control
[18.273s] -- Up-to-date: /home/jenter/package/work/install/yhs_can_control/share/ament_index/resource_index/parent_prefix_path/yhs_can_control
[18.273s] -- Up-to-date: /home/jenter/package/work/install/yhs_can_control/share/yhs_can_control/environment/ament_prefix_path.sh
[18.273s] -- Up-to-date: /home/jenter/package/work/install/yhs_can_control/share/yhs_can_control/environment/ament_prefix_path.dsv
[18.273s] -- Up-to-date: /home/jenter/package/work/install/yhs_can_control/share/yhs_can_control/environment/path.sh
[18.273s] -- Up-to-date: /home/jenter/package/work/install/yhs_can_control/share/yhs_can_control/environment/path.dsv
[18.273s] -- Up-to-date: /home/jenter/package/work/install/yhs_can_control/share/yhs_can_control/local_setup.bash
[18.273s] -- Up-to-date: /home/jenter/package/work/install/yhs_can_control/share/yhs_can_control/local_setup.sh
[18.273s] -- Up-to-date: /home/jenter/package/work/install/yhs_can_control/share/yhs_can_control/local_setup.zsh
[18.273s] -- Up-to-date: /home/jenter/package/work/install/yhs_can_control/share/yhs_can_control/local_setup.dsv
[18.273s] -- Installing: /home/jenter/package/work/install/yhs_can_control/share/yhs_can_control/package.dsv
[18.274s] -- Up-to-date: /home/jenter/package/work/install/yhs_can_control/share/ament_index/resource_index/packages/yhs_can_control
[18.274s] -- Up-to-date: /home/jenter/package/work/install/yhs_can_control/share/yhs_can_control/cmake/yhs_can_controlConfig.cmake
[18.274s] -- Up-to-date: /home/jenter/package/work/install/yhs_can_control/share/yhs_can_control/cmake/yhs_can_controlConfig-version.cmake
[18.275s] -- Up-to-date: /home/jenter/package/work/install/yhs_can_control/share/yhs_can_control/package.xml
[18.276s] Invoked command in '/home/jenter/package/work/build/yhs_can_control' returned '0': AMENT_PREFIX_PATH=/home/jenter/package/work/install/yhs_can_interfaces:${AMENT_PREFIX_PATH} CMAKE_PREFIX_PATH=/home/jenter/package/work/install/yhs_can_interfaces:/opt/ros/humble LD_LIBRARY_PATH=/home/jenter/package/work/install/yhs_can_interfaces/lib:${LD_LIBRARY_PATH} PYTHONPATH=/home/jenter/package/work/install/yhs_can_interfaces/local/lib/python3.10/dist-packages:${PYTHONPATH} /usr/bin/cmake --install /home/jenter/package/work/build/yhs_can_control
